Preparing project...
vite v8.1.5 building client environment for production...
[2Ktransforming...✓ 421 modules transformed.
rendering chunks...
[vite-plugin-static-copy] Copied 1 items.
computing gzip size...
.ns-vite-build/package.json      0.28 kB │ gzip:   0.19 kB
.ns-vite-build/bundle.mjs       19.60 kB │ gzip:   5.13 kB
.ns-vite-build/vendor.mjs    1,216.62 kB │ gzip: 335.23 kB

✓ built in 1.91s
Updating runtime package.json with configuration values...
Project successfully prepared (ios)
Building project...
Xcode build...
warning: not stripping binary because it is signed: /Users/runner/Library/Developer/Xcode/DerivedData/nsbenchmark-hderhvpalkvtxjgbemmecvycqzrf/SourcePackages/artifacts/ios-spm/NativeScript/NativeScript.xcframework/ios-arm64_x86_64-simulator/NativeScript.framework/NativeScript (in target 'nsbenchmark' from project 'nsbenchmark')
warning: not stripping binary because it is signed: /Users/runner/Library/Developer/Xcode/DerivedData/nsbenchmark-hderhvpalkvtxjgbemmecvycqzrf/SourcePackages/artifacts/ios-spm/TKLiveSync/TKLiveSync.xcframework/ios-arm64_x86_64-simulator/TKLiveSync.framework/TKLiveSync (in target 'nsbenchmark' from project 'nsbenchmark')
warning: not stripping binary because it is signed: /Users/runner/token-economics/ns-benchmark/node_modules/@nativescript/core/platforms/ios/TNSWidgets.xcframework/ios-arm64_x86_64-simulator/TNSWidgets.framework/TNSWidgets (in target 'nsbenchmark' from project 'nsbenchmark')
warning: not stripping binary because it is signed: /Users/runner/token-economics/ns-benchmark/node_modules/@nativescript/core/platforms/ios/NSCWinterTC.xcframework/ios-arm64_x86_64-simulator/NSCWinterTC.framework/NSCWinterTC (in target 'nsbenchmark' from project 'nsbenchmark')
warning: not stripping binary because it is signed: /Users/runner/token-economics/ns-benchmark/node_modules/@valor/nativescript-websockets/platforms/ios/NativeScriptWebSockets.xcframework/ios-arm64_x86_64-simulator/NativeScriptWebSockets.framework/NativeScriptWebSockets (in target 'nsbenchmark' from project 'nsbenchmark')
note: Using codesigning identity override: 
note: Run script build phase 'NativeScript PostBuild' will be run during every build because the option to run the script phase "Based on dependency analysis" is unchecked. (in target 'nsbenchmark' from project 'nsbenchmark')
note: Run script build phase 'NativeScript PreLink' will be run during every build because the option to run the script phase "Based on dependency analysis" is unchecked. (in target 'nsbenchmark' from project 'nsbenchmark')
note: Run script build phase 'NativeScript PreBuild' will be run during every build because the option to run the script phase "Based on dependency analysis" is unchecked. (in target 'nsbenchmark' from project 'nsbenchmark')
Project successfully built.
Build time: 15.795 s.
The build result is located at: /Users/runner/token-economics/ns-benchmark/platforms/ios/build/Release-iphonesimulator/nsbenchmark.app
