Command line invocation:
    /Applications/Xcode.app/Contents/Developer/usr/bin/xcodebuild test -project UIDriver.xcodeproj -scheme UIDriver -destination id=7DFF2660-A10C-449E-867A-92863D91663B

--- xcodebuild: WARNING: Using the first of multiple matching destinations:
{ platform:iOS Simulator, arch:arm64, id:7DFF2660-A10C-449E-867A-92863D91663B, OS:26.5, name:iPhone 17 Pro }
{ platform:iOS Simulator, arch:x86_64, id:7DFF2660-A10C-449E-867A-92863D91663B, OS:26.5, name:iPhone 17 Pro }
ComputePackagePrebuildTargetDependencyGraph

Prepare packages

CreateBuildRequest

SendProjectDescription

CreateBuildOperation

ComputeTargetDependencyGraph
note: Building targets in dependency order
note: Target dependency graph (1 target)
    Target 'UIDriverUITests' in project 'UIDriver' (no dependencies)

GatherProvisioningInputs

CreateBuildDescription

ClangStatCache /Applications/Xcode.app/Contents/Developer/Toolchains/XcodeDefault.xctoolchain/usr/bin/clang-stat-cache /Applications/Xcode.app/Contents/Developer/Platforms/iPhoneSimulator.platform/Developer/SDKs/iPhoneSimulator26.5.sdk /Users/runner/Library/Developer/Xcode/DerivedData/SDKStatCaches.noindex/iphonesimulator26.5-23F73-688ef53f1462e2c8f657fdc38a81448f6cfe768891a92b912361537c460fe42b.sdkstatcache
    cd /Users/runner/token-economics/harness/perf/uidriver/UIDriver.xcodeproj
    /Applications/Xcode.app/Contents/Developer/Toolchains/XcodeDefault.xctoolchain/usr/bin/clang-stat-cache /Applications/Xcode.app/Contents/Developer/Platforms/iPhoneSimulator.platform/Developer/SDKs/iPhoneSimulator26.5.sdk -o /Users/runner/Library/Developer/Xcode/DerivedData/SDKStatCaches.noindex/iphonesimulator26.5-23F73-688ef53f1462e2c8f657fdc38a81448f6cfe768891a92b912361537c460fe42b.sdkstatcache

ProcessInfoPlistFile /Users/runner/Library/Developer/Xcode/DerivedData/UIDriver-ekqcqbpucoqmcgbikewqdmafsmmj/Build/Products/Debug-iphonesimulator/UIDriverUITests-Runner.app/PlugIns/UIDriverUITests.xctest/Info.plist /Users/runner/Library/Developer/Xcode/DerivedData/UIDriver-ekqcqbpucoqmcgbikewqdmafsmmj/Build/Intermediates.noindex/UIDriver.build/Debug-iphonesimulator/UIDriverUITests.build/empty-UIDriverUITests.plist (in target 'UIDriverUITests' from project 'UIDriver')
    cd /Users/runner/token-economics/harness/perf/uidriver
    builtin-infoPlistUtility /Users/runner/Library/Developer/Xcode/DerivedData/UIDriver-ekqcqbpucoqmcgbikewqdmafsmmj/Build/Intermediates.noindex/UIDriver.build/Debug-iphonesimulator/UIDriverUITests.build/empty-UIDriverUITests.plist -producttype com.apple.product-type.bundle.ui-testing -expandbuildsettings -format binary -platform iphonesimulator -additionalcontentfile /Users/runner/Library/Developer/Xcode/DerivedData/UIDriver-ekqcqbpucoqmcgbikewqdmafsmmj/Build/Intermediates.noindex/UIDriver.build/Debug-iphonesimulator/UIDriverUITests.build/ProductTypeInfoPlistAdditions.plist -o /Users/runner/Library/Developer/Xcode/DerivedData/UIDriver-ekqcqbpucoqmcgbikewqdmafsmmj/Build/Products/Debug-iphonesimulator/UIDriverUITests-Runner.app/PlugIns/UIDriverUITests.xctest/Info.plist

CopySwiftLibs /Users/runner/Library/Developer/Xcode/DerivedData/UIDriver-ekqcqbpucoqmcgbikewqdmafsmmj/Build/Products/Debug-iphonesimulator/UIDriverUITests-Runner.app/PlugIns/UIDriverUITests.xctest (in target 'UIDriverUITests' from project 'UIDriver')
    cd /Users/runner/token-economics/harness/perf/uidriver
    builtin-swiftStdLibTool --copy --verbose --scan-executable /Users/runner/Library/Developer/Xcode/DerivedData/UIDriver-ekqcqbpucoqmcgbikewqdmafsmmj/Build/Products/Debug-iphonesimulator/UIDriverUITests-Runner.app/PlugIns/UIDriverUITests.xctest/UIDriverUITests --scan-folder /Users/runner/Library/Developer/Xcode/DerivedData/UIDriver-ekqcqbpucoqmcgbikewqdmafsmmj/Build/Products/Debug-iphonesimulator/UIDriverUITests-Runner.app/PlugIns/UIDriverUITests.xctest/Frameworks --scan-folder /Users/runner/Library/Developer/Xcode/DerivedData/UIDriver-ekqcqbpucoqmcgbikewqdmafsmmj/Build/Products/Debug-iphonesimulator/UIDriverUITests-Runner.app/PlugIns/UIDriverUITests.xctest/PlugIns --scan-folder /Users/runner/Library/Developer/Xcode/DerivedData/UIDriver-ekqcqbpucoqmcgbikewqdmafsmmj/Build/Products/Debug-iphonesimulator/UIDriverUITests-Runner.app/PlugIns/UIDriverUITests.xctest/SystemExtensions --scan-folder /Users/runner/Library/Developer/Xcode/DerivedData/UIDriver-ekqcqbpucoqmcgbikewqdmafsmmj/Build/Products/Debug-iphonesimulator/UIDriverUITests-Runner.app/PlugIns/UIDriverUITests.xctest/Extensions --platform iphonesimulator --toolchain /var/run/com.apple.security.cryptexd/mnt/com.apple.MobileAsset.MetalToolchain-v17.6.42.0.xRBJyY/Metal.xctoolchain --toolchain /Applications/Xcode.app/Contents/Developer/Toolchains/XcodeDefault.xctoolchain --destination /Users/runner/Library/Developer/Xcode/DerivedData/UIDriver-ekqcqbpucoqmcgbikewqdmafsmmj/Build/Products/Debug-iphonesimulator/UIDriverUITests-Runner.app/PlugIns/UIDriverUITests.xctest/Frameworks --strip-bitcode --scan-executable /Applications/Xcode.app/Contents/Developer/Platforms/iPhoneSimulator.platform/Developer/usr/lib/libXCTestSwiftSupport.dylib --strip-bitcode-tool /Applications/Xcode.app/Contents/Developer/Toolchains/XcodeDefault.xctoolchain/usr/bin/bitcode_strip --emit-dependency-info /Users/runner/Library/Developer/Xcode/DerivedData/UIDriver-ekqcqbpucoqmcgbikewqdmafsmmj/Build/Intermediates.noindex/UIDriver.build/Debug-iphonesimulator/UIDriverUITests.build/SwiftStdLibToolInputDependencies.dep --filter-for-swift-os
Ignoring --strip-bitcode because --sign was not passed

2026-07-25 20:11:01.994131-0700 UIDriverUITests-Runner[59198:17044735] [Default] Running tests...
    t =      nans Interface orientation changed to Portrait
Test Suite 'All tests' started at 2026-07-25 20:11:02.576.
Test Suite 'UIDriverUITests.xctest' started at 2026-07-25 20:11:02.577.
Test Suite 'FeatureLatencyTests' started at 2026-07-25 20:11:02.577.
Test Case '-[UIDriverUITests.FeatureLatencyTests testFeatureLatencies]' started.
    t =     0.00s Start Test at 2026-07-25 20:11:02.577
    t =     0.02s Set Up
STEP[0s]: iter 0: launch org.nativescript.nsbenchmark
    t =     0.02s Open org.nativescript.nsbenchmark
    t =     0.02s     Launch org.nativescript.nsbenchmark
    t =     0.12s         Setting up automation session
objc[59198]: Class UIAccessibilityLoaderWebShared is implemented in both /Library/Developer/CoreSimulator/Volumes/iOS_23F77/Library/Developer/CoreSimulator/Profiles/Runtimes/iOS 26.5.simruntime/Contents/Resources/RuntimeRoot/System/Library/AccessibilityBundles/WebCore.axbundle/WebCore (0x108bd4310) and /Library/Developer/CoreSimulator/Volumes/iOS_23F77/Library/Developer/CoreSimulator/Profiles/Runtimes/iOS 26.5.simruntime/Contents/Resources/RuntimeRoot/System/Library/AccessibilityBundles/WebKit.axbundle/WebKit (0x108848398). This may cause spurious casting failures and mysterious crashes. One of the duplicates must be removed or renamed.
    t =     0.88s         Wait for org.nativescript.nsbenchmark to idle
    t =     2.05s Checking existence of `"Health" Button`
    t =     2.08s Waiting 20.0s for "Health" Button to exist
    t =     3.15s     Checking `Expect predicate `existsNoRetry == 1` for object "Health" Button`
    t =     3.15s         Checking existence of `"Health" Button`
STEP[3s]: iter 0: nav Health
    t =     3.16s Checking existence of `"Health" Button`
    t =     3.17s Tap "Health" Button
    t =     3.17s     Wait for org.nativescript.nsbenchmark to idle
    t =     3.17s     Find the "Health" Button
    t =     3.18s     Check for interrupting elements affecting "Health" Button
    t =     3.19s     Synthesize event
    t =     3.48s     Wait for org.nativescript.nsbenchmark to idle
    t =     3.87s Waiting 10.0s for Any (First Match) to exist
    t =     4.92s     Checking `Expect predicate `existsNoRetry == 1` for object Any (First Match)`
    t =     4.92s         Checking existence of `Any (First Match)`
    t =     4.95s Checking existence of `Any (First Match)`
    t =     4.96s Find the Any (First Match)
STEP[4s]: iter 0: HK authorize
    t =     4.97s Checking existence of `"Request Access" Button`
    t =     4.99s Checking existence of `"Request Access" Button`
    t =     5.00s Find the "Request Access" Button
    t =     5.01s Tap "Request Access" Button
    t =     5.01s     Wait for org.nativescript.nsbenchmark to idle
    t =     5.01s     Find the "Request Access" Button
    t =     5.02s     Check for interrupting elements affecting "Request Access" Button
    t =     5.04s     Synthesize event
    t =     5.33s     Wait for org.nativescript.nsbenchmark to idle
    t =     5.81s Waiting 3.0s for Any (First Match) to exist
    t =     6.87s     Checking `Expect predicate `existsNoRetry == 1` for object Any (First Match)`
    t =     6.88s         Checking existence of `Any (First Match)`
    t =     6.93s Find the Any (First Match)
STEP[6s]: health sheet(app): tap 'Turn On All'
    t =     6.97s Tap "Turn On All" StaticText
    t =     6.97s     Wait for org.nativescript.nsbenchmark to idle
    t =     6.98s     Find the "Turn On All" StaticText
    t =     7.01s     Check for interrupting elements affecting "Turn On All" StaticText
    t =     7.05s     Synthesize event
    t =     7.33s     Wait for org.nativescript.nsbenchmark to idle
    t =     7.33s Waiting 2.0s for "Allow" Button to exist
    t =     8.35s     Checking `Expect predicate `existsNoRetry == 1` for object "Allow" Button`
    t =     8.35s         Checking existence of `"Allow" Button`
    t =     8.41s Find the "Allow" Button
STEP[8s]: health sheet(app): confirm 'Allow'
    t =     8.45s Tap "UIA.Health.Allow.Button" Button
    t =     8.45s     Wait for org.nativescript.nsbenchmark to idle
    t =     8.45s     Find the "UIA.Health.Allow.Button" Button
    t =     8.48s     Check for interrupting elements affecting "UIA.Health.Allow.Button" Button
    t =     8.50s     Synthesize event
    t =     8.79s     Wait for org.nativescript.nsbenchmark to idle
    t =     8.80s Waiting 15.0s for Any (First Match) to exist
    t =     9.85s     Checking `Expect predicate `existsNoRetry == 1` for object Any (First Match)`
    t =     9.85s         Checking existence of `Any (First Match)`
    t =     9.88s Checking existence of `"Health access: not requested" StaticText`
    t =     9.90s Find the "Health access: not requested" StaticText
    t =     9.91s Waiting 15.0s for Any (First Match) to exist
    t =    10.95s     Checking `Expect predicate `existsNoRetry == 1` for object Any (First Match)`
    t =    10.95s         Checking existence of `Any (First Match)`
    t =    10.97s Checking existence of `Any (First Match)`
    t =    10.98s Find the Any (First Match)
    t =    10.99s Checking existence of `"Log 500 Steps" Button`
    t =    11.01s Checking existence of `"Log 500 Steps" Button`
    t =    11.02s Find the "Log 500 Steps" Button
STEP[11s]: iter 0: log 500
    t =    11.04s Tap "Log 500 Steps" Button
    t =    11.04s     Wait for org.nativescript.nsbenchmark to idle
    t =    11.04s     Find the "Log 500 Steps" Button
    t =    11.05s     Check for interrupting elements affecting "Log 500 Steps" Button
    t =    11.06s     Synthesize event
    t =    11.36s     Wait for org.nativescript.nsbenchmark to idle
    t =    11.37s Checking existence of `"Sat Jul 25 — 18000 steps (today)" StaticText`
    t =    11.39s Find the "Sat Jul 25 — 18000 steps (today)" StaticText
    t =    11.41s Checking existence of `"Sat Jul 25 — 18500 steps (today)" StaticText`
STEP[11s]: iter 0: go home
    t =    11.42s Checking existence of `"Transcribe" Button`
    t =    11.44s Checking existence of `"Health" Button`
    t =    11.45s Checking existence of `Any (First Match)`
    t =    11.47s Checking existence of `Button (Element at index 0)`
    t =    11.48s Find the Button (Element at index 0)
STEP[11s]: goHome: tapping candidate 0
    t =    11.50s Tap "BackButton" Button
    t =    11.50s     Wait for org.nativescript.nsbenchmark to idle
    t =    11.50s     Find the "BackButton" Button
    t =    11.52s     Check for interrupting elements affecting "BackButton" Button
    t =    11.53s     Synthesize event
    t =    11.82s     Wait for org.nativescript.nsbenchmark to idle
    t =    12.65s Checking existence of `"Transcribe" Button`
    t =    12.66s Waiting 3.0s for "Transcribe" Button to exist
    t =    13.69s     Checking `Expect predicate `existsNoRetry == 1` for object "Transcribe" Button`
    t =    13.69s         Checking existence of `"Transcribe" Button`
STEP[13s]: iter 0: nav Transcribe
    t =    13.71s Checking existence of `"Transcribe" Button`
    t =    13.72s Tap "Transcribe" Button
    t =    13.72s     Wait for org.nativescript.nsbenchmark to idle
    t =    13.72s     Find the "Transcribe" Button
    t =    13.72s     Check for interrupting elements affecting "Transcribe" Button
    t =    13.73s     Synthesize event
    t =    14.03s     Wait for org.nativescript.nsbenchmark to idle
    t =    14.34s Waiting 10.0s for Any (First Match) to exist
    t =    15.38s     Checking `Expect predicate `existsNoRetry == 1` for object Any (First Match)`
    t =    15.39s         Checking existence of `Any (First Match)`
    t =    15.41s Checking existence of `Any (First Match)`
    t =    15.43s Find the Any (First Match)
STEP[15s]: iter 0: speech authorize
    t =    15.44s Checking existence of `"Request Access" Button`
    t =    15.45s Checking existence of `"Request Access" Button`
    t =    15.46s Find the "Request Access" Button
    t =    15.47s Tap "Request Access" Button
    t =    15.47s     Wait for org.nativescript.nsbenchmark to idle
    t =    15.48s     Find the "Request Access" Button
    t =    15.49s     Check for interrupting elements affecting "Request Access" Button
    t =    15.50s     Synthesize event
    t =    15.79s     Wait for org.nativescript.nsbenchmark to idle
    t =    15.79s Waiting 3.0s for "Allow" Button to exist
    t =    16.82s     Checking `Expect predicate `existsNoRetry == 1` for object "Allow" Button`
    t =    16.82s         Checking existence of `"Allow" Button`
STEP[16s]: system alert: 'Allow'
    t =    16.86s Tap "Allow" Button
    t =    16.86s     Wait for com.apple.springboard to idle
    t =    16.86s     Find the "Allow" Button
    t =    16.88s     Check for interrupting elements affecting "Allow" Button
    t =    16.91s     Synthesize event
    t =    17.20s     Wait for com.apple.springboard to idle
    t =    17.43s Waiting 15.0s for Any (First Match) to exist
    t =    18.49s     Checking `Expect predicate `existsNoRetry == 1` for object Any (First Match)`
    t =    18.49s         Checking existence of `Any (First Match)`
    t =    18.52s Checking existence of `"Speech access: not requested" StaticText`
    t =    18.53s Find the "Speech access: not requested" StaticText
    t =    18.54s Checking existence of `"Transcribe Sample" Button`
    t =    18.55s Checking existence of `"Transcribe Sample" Button`
    t =    18.56s Find the "Transcribe Sample" Button
STEP[18s]: iter 0: transcribe
    t =    18.58s Tap "Transcribe Sample" Button
    t =    18.58s     Wait for org.nativescript.nsbenchmark to idle
    t =    18.58s     Find the "Transcribe Sample" Button
    t =    18.59s     Check for interrupting elements affecting "Transcribe Sample" Button
    t =    18.61s     Synthesize event
    t =    18.89s     Wait for org.nativescript.nsbenchmark to idle
    t =    18.89s Waiting 45.0s for Any (First Match) to exist
    t =    19.92s     Checking `Expect predicate `existsNoRetry == 1` for object Any (First Match)`
    t =    19.92s         Checking existence of `Any (First Match)`
    t =    19.95s         Capturing element debug description
    t =    20.90s     Checking `Expect predicate `existsNoRetry == 1` for object Any (First Match)`
    t =    20.90s         Checking existence of `Any (First Match)`
    t =    20.94s         Capturing element debug description
    t =    21.89s     Checking `Expect predicate `existsNoRetry == 1` for object Any (First Match)`
    t =    21.90s         Checking existence of `Any (First Match)`
    t =    21.93s         Capturing element debug description
    t =    22.89s     Checking `Expect predicate `existsNoRetry == 1` for object Any (First Match)`
    t =    22.89s         Checking existence of `Any (First Match)`
    t =    22.92s         Capturing element debug description
    t =    23.95s     Checking `Expect predicate `existsNoRetry == 1` for object Any (First Match)`
    t =    23.96s         Checking existence of `Any (First Match)`
    t =    23.99s         Capturing element debug description
    t =    24.92s     Checking `Expect predicate `existsNoRetry == 1` for object Any (First Match)`
    t =    24.92s         Checking existence of `Any (First Match)`
    t =    24.95s         Capturing element debug description
    t =    25.90s     Checking `Expect predicate `existsNoRetry == 1` for object Any (First Match)`
    t =    25.91s         Checking existence of `Any (First Match)`
    t =    25.94s         Capturing element debug description
    t =    26.90s     Checking `Expect predicate `existsNoRetry == 1` for object Any (First Match)`
    t =    26.91s         Checking existence of `Any (First Match)`
    t =    26.94s         Capturing element debug description
    t =    27.89s     Checking `Expect predicate `existsNoRetry == 1` for object Any (First Match)`
    t =    27.90s         Checking existence of `Any (First Match)`
    t =    27.93s         Capturing element debug description
    t =    28.95s     Checking `Expect predicate `existsNoRetry == 1` for object Any (First Match)`
    t =    28.96s         Checking existence of `Any (First Match)`
    t =    28.99s         Capturing element debug description
    t =    29.92s     Checking `Expect predicate `existsNoRetry == 1` for object Any (First Match)`
    t =    29.92s         Checking existence of `Any (First Match)`
    t =    29.96s         Capturing element debug description
    t =    30.89s     Checking `Expect predicate `existsNoRetry == 1` for object Any (First Match)`
    t =    30.90s         Checking existence of `Any (First Match)`
    t =    30.93s         Capturing element debug description
    t =    31.95s     Checking `Expect predicate `existsNoRetry == 1` for object Any (First Match)`
    t =    31.96s         Checking existence of `Any (First Match)`
    t =    31.99s         Capturing element debug description
    t =    32.92s     Checking `Expect predicate `existsNoRetry == 1` for object Any (First Match)`
    t =    32.92s         Checking existence of `Any (First Match)`
    t =    32.95s         Capturing element debug description
    t =    33.89s     Checking `Expect predicate `existsNoRetry == 1` for object Any (First Match)`
    t =    33.89s         Checking existence of `Any (First Match)`
    t =    33.92s         Capturing element debug description
    t =    34.97s     Checking `Expect predicate `existsNoRetry == 1` for object Any (First Match)`
    t =    34.97s         Checking existence of `Any (First Match)`
    t =    35.00s         Capturing element debug description
    t =    35.92s     Checking `Expect predicate `existsNoRetry == 1` for object Any (First Match)`
    t =    35.92s         Checking existence of `Any (First Match)`
    t =    35.95s         Capturing element debug description
    t =    36.90s     Checking `Expect predicate `existsNoRetry == 1` for object Any (First Match)`
    t =    36.90s         Checking existence of `Any (First Match)`
    t =    36.93s         Capturing element debug description
    t =    37.97s     Checking `Expect predicate `existsNoRetry == 1` for object Any (First Match)`
    t =    37.97s         Checking existence of `Any (First Match)`
    t =    38.00s         Capturing element debug description
    t =    38.92s     Checking `Expect predicate `existsNoRetry == 1` for object Any (First Match)`
    t =    38.92s         Checking existence of `Any (First Match)`
    t =    38.95s         Capturing element debug description
    t =    39.89s     Checking `Expect predicate `existsNoRetry == 1` for object Any (First Match)`
    t =    39.90s         Checking existence of `Any (First Match)`
    t =    39.93s         Capturing element debug description
    t =    40.95s     Checking `Expect predicate `existsNoRetry == 1` for object Any (First Match)`
    t =    40.96s         Checking existence of `Any (First Match)`
    t =    40.99s         Capturing element debug description
    t =    41.90s     Checking `Expect predicate `existsNoRetry == 1` for object Any (First Match)`
    t =    41.91s         Checking existence of `Any (First Match)`
    t =    41.94s         Capturing element debug description
    t =    42.89s     Checking `Expect predicate `existsNoRetry == 1` for object Any (First Match)`
    t =    42.89s         Checking existence of `Any (First Match)`
    t =    42.92s         Capturing element debug description
    t =    43.95s     Checking `Expect predicate `existsNoRetry == 1` for object Any (First Match)`
    t =    43.95s         Checking existence of `Any (First Match)`
    t =    43.98s         Capturing element debug description
    t =    44.94s     Checking `Expect predicate `existsNoRetry == 1` for object Any (First Match)`
    t =    44.94s         Checking existence of `Any (First Match)`
    t =    44.97s         Capturing element debug description
    t =    45.91s     Checking `Expect predicate `existsNoRetry == 1` for object Any (First Match)`
    t =    45.91s         Checking existence of `Any (First Match)`
    t =    45.93s         Capturing element debug description
    t =    46.95s     Checking `Expect predicate `existsNoRetry == 1` for object Any (First Match)`
    t =    46.96s         Checking existence of `Any (First Match)`
    t =    46.99s         Capturing element debug description
    t =    47.90s     Checking `Expect predicate `existsNoRetry == 1` for object Any (First Match)`
    t =    47.91s         Checking existence of `Any (First Match)`
    t =    47.94s         Capturing element debug description
    t =    48.99s     Checking `Expect predicate `existsNoRetry == 1` for object Any (First Match)`
    t =    48.99s         Checking existence of `Any (First Match)`
    t =    49.02s         Capturing element debug description
    t =    49.97s     Checking `Expect predicate `existsNoRetry == 1` for object Any (First Match)`
    t =    49.97s         Checking existence of `Any (First Match)`
    t =    49.99s         Capturing element debug description
    t =    50.94s     Checking `Expect predicate `existsNoRetry == 1` for object Any (First Match)`
    t =    50.94s         Checking existence of `Any (First Match)`
    t =    50.97s         Capturing element debug description
    t =    51.92s     Checking `Expect predicate `existsNoRetry == 1` for object Any (First Match)`
    t =    51.92s         Checking existence of `Any (First Match)`
    t =    51.94s         Capturing element debug description
    t =    52.99s     Checking `Expect predicate `existsNoRetry == 1` for object Any (First Match)`
    t =    52.99s         Checking existence of `Any (First Match)`
    t =    53.02s         Capturing element debug description
    t =    53.97s     Checking `Expect predicate `existsNoRetry == 1` for object Any (First Match)`
    t =    53.97s         Checking existence of `Any (First Match)`
    t =    54.00s         Capturing element debug description
    t =    54.95s     Checking `Expect predicate `existsNoRetry == 1` for object Any (First Match)`
    t =    54.95s         Checking existence of `Any (First Match)`
    t =    54.98s         Capturing element debug description
    t =    55.93s     Checking `Expect predicate `existsNoRetry == 1` for object Any (First Match)`
    t =    55.93s         Checking existence of `Any (First Match)`
    t =    55.96s         Capturing element debug description
    t =    56.92s     Checking `Expect predicate `existsNoRetry == 1` for object Any (First Match)`
    t =    56.92s         Checking existence of `Any (First Match)`
    t =    56.95s         Capturing element debug description
    t =    57.90s     Checking `Expect predicate `existsNoRetry == 1` for object Any (First Match)`
    t =    57.91s         Checking existence of `Any (First Match)`
    t =    57.94s         Capturing element debug description
    t =    58.89s     Checking `Expect predicate `existsNoRetry == 1` for object Any (First Match)`
    t =    58.89s         Checking existence of `Any (First Match)`
    t =    58.92s         Capturing element debug description
    t =    59.95s     Checking `Expect predicate `existsNoRetry == 1` for object Any (First Match)`
    t =    59.96s         Checking existence of `Any (First Match)`
    t =    59.99s         Capturing element debug description
    t =    60.91s     Checking `Expect predicate `existsNoRetry == 1` for object Any (First Match)`
    t =    60.91s         Checking existence of `Any (First Match)`
    t =    60.94s         Capturing element debug description
    t =    61.90s     Checking `Expect predicate `existsNoRetry == 1` for object Any (First Match)`
    t =    61.90s         Checking existence of `Any (First Match)`
    t =    61.92s         Capturing element debug description
    t =    62.96s     Checking `Expect predicate `existsNoRetry == 1` for object Any (First Match)`
    t =    62.96s         Checking existence of `Any (First Match)`
    t =    62.99s         Capturing element debug description
    t =    63.90s     Checking `Expect predicate `existsNoRetry == 1` for object Any (First Match)`
    t =    63.90s         Checking existence of `Any (First Match)`
    t =    63.93s         Capturing element debug description
    t =    63.93s     Checking existence of `Any (First Match)`
    t =    63.95s Collecting debug information to assist test failure triage
    t =    63.95s     Requesting snapshot of accessibility hierarchy for app with pid 59202
    t =    63.98s Checking existence of `Any (First Match)`
    t =    63.99s Checking existence of `Any (First Match)`
    t =    64.00s Checking existence of `Any (First Match)`
    t =    64.01s Find the Any (First Match)
STEP[63s]: iter 0: done
    t =    64.02s Terminate org.nativescript.nsbenchmark:59202
STEP[65s]: iter 1: launch org.nativescript.nsbenchmark
    t =    65.09s Open org.nativescript.nsbenchmark
    t =    65.09s     Launch org.nativescript.nsbenchmark
    t =    65.20s         Setting up automation session
    t =    65.80s         Wait for org.nativescript.nsbenchmark to idle
    t =    66.96s Checking existence of `"Health" Button`
    t =    66.99s Waiting 20.0s for "Health" Button to exist
    t =    68.02s     Checking `Expect predicate `existsNoRetry == 1` for object "Health" Button`
    t =    68.02s         Checking existence of `"Health" Button`
STEP[68s]: iter 1: nav Health
    t =    68.04s Checking existence of `"Health" Button`
    t =    68.04s Tap "Health" Button
    t =    68.04s     Wait for org.nativescript.nsbenchmark to idle
    t =    68.05s     Find the "Health" Button
    t =    68.05s     Check for interrupting elements affecting "Health" Button
    t =    68.06s     Synthesize event
    t =    68.35s     Wait for org.nativescript.nsbenchmark to idle
    t =    68.75s Waiting 10.0s for Any (First Match) to exist
    t =    69.75s     Checking `Expect predicate `existsNoRetry == 1` for object Any (First Match)`
    t =    69.76s         Checking existence of `Any (First Match)`
    t =    69.79s Checking existence of `Any (First Match)`
    t =    69.80s Find the Any (First Match)
    t =    69.81s Checking existence of `"Health access: granted" StaticText`
    t =    69.82s Find the "Health access: granted" StaticText
    t =    69.83s Waiting 15.0s for Any (First Match) to exist
    t =    70.89s     Checking `Expect predicate `existsNoRetry == 1` for object Any (First Match)`
    t =    70.89s         Checking existence of `Any (First Match)`
    t =    70.92s Checking existence of `Any (First Match)`
    t =    70.94s Find the Any (First Match)
    t =    70.95s Checking existence of `"Log 500 Steps" Button`
    t =    70.96s Checking existence of `"Log 500 Steps" Button`
    t =    70.97s Find the "Log 500 Steps" Button
STEP[70s]: iter 1: log 500
    t =    70.99s Tap "Log 500 Steps" Button
    t =    70.99s     Wait for org.nativescript.nsbenchmark to idle
    t =    70.99s     Find the "Log 500 Steps" Button
    t =    71.00s     Check for interrupting elements affecting "Log 500 Steps" Button
    t =    71.02s     Synthesize event
    t =    71.31s     Wait for org.nativescript.nsbenchmark to idle
    t =    71.32s Checking existence of `"Sat Jul 25 — 18500 steps (today)" StaticText`
    t =    71.34s Find the "Sat Jul 25 — 18500 steps (today)" StaticText
    t =    71.36s Checking existence of `"Sat Jul 25 — 19000 steps (today)" StaticText`
STEP[71s]: iter 1: go home
    t =    71.37s Checking existence of `"Transcribe" Button`
    t =    71.39s Checking existence of `"Health" Button`
    t =    71.40s Checking existence of `Any (First Match)`
    t =    71.42s Checking existence of `Button (Element at index 0)`
    t =    71.43s Find the Button (Element at index 0)
STEP[71s]: goHome: tapping candidate 0
    t =    71.45s Tap "BackButton" Button
    t =    71.45s     Wait for org.nativescript.nsbenchmark to idle
    t =    71.45s     Find the "BackButton" Button
    t =    71.46s     Check for interrupting elements affecting "BackButton" Button
    t =    71.48s     Synthesize event
    t =    71.78s     Wait for org.nativescript.nsbenchmark to idle
    t =    72.60s Checking existence of `"Transcribe" Button`
    t =    72.61s Waiting 3.0s for "Transcribe" Button to exist
    t =    73.65s     Checking `Expect predicate `existsNoRetry == 1` for object "Transcribe" Button`
    t =    73.65s         Checking existence of `"Transcribe" Button`
STEP[73s]: iter 1: nav Transcribe
    t =    73.67s Checking existence of `"Transcribe" Button`
    t =    73.68s Tap "Transcribe" Button
    t =    73.68s     Wait for org.nativescript.nsbenchmark to idle
    t =    73.68s     Find the "Transcribe" Button
    t =    73.69s     Check for interrupting elements affecting "Transcribe" Button
    t =    73.70s     Synthesize event
    t =    73.99s     Wait for org.nativescript.nsbenchmark to idle
    t =    74.31s Waiting 10.0s for Any (First Match) to exist
    t =    75.34s     Checking `Expect predicate `existsNoRetry == 1` for object Any (First Match)`
    t =    75.34s         Checking existence of `Any (First Match)`
    t =    75.37s Checking existence of `Any (First Match)`
    t =    75.38s Find the Any (First Match)
    t =    75.39s Checking existence of `"Speech access: granted" StaticText`
    t =    75.40s Find the "Speech access: granted" StaticText
    t =    75.41s Checking existence of `"Transcribe Sample" Button`
    t =    75.43s Checking existence of `"Transcribe Sample" Button`
    t =    75.44s Find the "Transcribe Sample" Button
STEP[75s]: iter 1: transcribe
    t =    75.45s Tap "Transcribe Sample" Button
    t =    75.45s     Wait for org.nativescript.nsbenchmark to idle
    t =    75.45s     Find the "Transcribe Sample" Button
    t =    75.46s     Check for interrupting elements affecting "Transcribe Sample" Button
    t =    75.48s     Synthesize event
    t =    75.77s     Wait for org.nativescript.nsbenchmark to idle
    t =    75.77s Waiting 45.0s for Any (First Match) to exist
    t =    76.80s     Checking `Expect predicate `existsNoRetry == 1` for object Any (First Match)`
    t =    76.81s         Checking existence of `Any (First Match)`
    t =    76.84s         Capturing element debug description
    t =    77.78s     Checking `Expect predicate `existsNoRetry == 1` for object Any (First Match)`
    t =    77.78s         Checking existence of `Any (First Match)`
    t =    77.81s         Capturing element debug description
    t =    78.85s     Checking `Expect predicate `existsNoRetry == 1` for object Any (First Match)`
    t =    78.85s         Checking existence of `Any (First Match)`
    t =    78.89s         Capturing element debug description
    t =    79.80s     Checking `Expect predicate `existsNoRetry == 1` for object Any (First Match)`
    t =    79.81s         Checking existence of `Any (First Match)`
    t =    79.84s         Capturing element debug description
    t =    80.79s     Checking `Expect predicate `existsNoRetry == 1` for object Any (First Match)`
    t =    80.79s         Checking existence of `Any (First Match)`
    t =    80.82s         Capturing element debug description
    t =    81.85s     Checking `Expect predicate `existsNoRetry == 1` for object Any (First Match)`
    t =    81.86s         Checking existence of `Any (First Match)`
    t =    81.89s         Capturing element debug description
    t =    82.85s     Checking `Expect predicate `existsNoRetry == 1` for object Any (First Match)`
    t =    82.85s         Checking existence of `Any (First Match)`
    t =    82.88s         Capturing element debug description
    t =    83.82s     Checking `Expect predicate `existsNoRetry == 1` for object Any (First Match)`
    t =    83.82s         Checking existence of `Any (First Match)`
    t =    83.85s         Capturing element debug description
    t =    84.78s     Checking `Expect predicate `existsNoRetry == 1` for object Any (First Match)`
    t =    84.78s         Checking existence of `Any (First Match)`
    t =    84.81s         Capturing element debug description
    t =    85.85s     Checking `Expect predicate `existsNoRetry == 1` for object Any (First Match)`
    t =    85.86s         Checking existence of `Any (First Match)`
    t =    85.89s         Capturing element debug description
    t =    86.84s     Checking `Expect predicate `existsNoRetry == 1` for object Any (First Match)`
    t =    86.84s         Checking existence of `Any (First Match)`
    t =    86.87s         Capturing element debug description
    t =    87.79s     Checking `Expect predicate `existsNoRetry == 1` for object Any (First Match)`
    t =    87.79s         Checking existence of `Any (First Match)`
    t =    87.82s         Capturing element debug description
    t =    88.85s     Checking `Expect predicate `existsNoRetry == 1` for object Any (First Match)`
    t =    88.86s         Checking existence of `Any (First Match)`
    t =    88.89s         Capturing element debug description
    t =    89.82s     Checking `Expect predicate `existsNoRetry == 1` for object Any (First Match)`
    t =    89.82s         Checking existence of `Any (First Match)`
    t =    89.85s         Capturing element debug description
    t =    90.80s     Checking `Expect predicate `existsNoRetry == 1` for object Any (First Match)`
    t =    90.80s         Checking existence of `Any (First Match)`
    t =    90.83s         Capturing element debug description
    t =    91.78s     Checking `Expect predicate `existsNoRetry == 1` for object Any (First Match)`
    t =    91.78s         Checking existence of `Any (First Match)`
    t =    91.81s         Capturing element debug description
    t =    92.78s     Checking `Expect predicate `existsNoRetry == 1` for object Any (First Match)`
    t =    92.78s         Checking existence of `Any (First Match)`
    t =    92.80s         Capturing element debug description
    t =    93.84s     Checking `Expect predicate `existsNoRetry == 1` for object Any (First Match)`
    t =    93.84s         Checking existence of `Any (First Match)`
    t =    93.87s         Capturing element debug description
    t =    94.79s     Checking `Expect predicate `existsNoRetry == 1` for object Any (First Match)`
    t =    94.79s         Checking existence of `Any (First Match)`
    t =    94.82s         Capturing element debug description
    t =    95.87s     Checking `Expect predicate `existsNoRetry == 1` for object Any (First Match)`
    t =    95.87s         Checking existence of `Any (First Match)`
    t =    95.90s         Capturing element debug description
    t =    96.82s     Checking `Expect predicate `existsNoRetry == 1` for object Any (First Match)`
    t =    96.82s         Checking existence of `Any (First Match)`
    t =    96.85s         Capturing element debug description
    t =    97.78s     Checking `Expect predicate `existsNoRetry == 1` for object Any (First Match)`
    t =    97.78s         Checking existence of `Any (First Match)`
    t =    97.81s         Capturing element debug description
    t =    98.85s     Checking `Expect predicate `existsNoRetry == 1` for object Any (First Match)`
    t =    98.86s         Checking existence of `Any (First Match)`
    t =    98.89s         Capturing element debug description
    t =    99.82s     Checking `Expect predicate `existsNoRetry == 1` for object Any (First Match)`
    t =    99.82s         Checking existence of `Any (First Match)`
    t =    99.85s         Capturing element debug description
    t =   100.78s     Checking `Expect predicate `existsNoRetry == 1` for object Any (First Match)`
    t =   100.78s         Checking existence of `Any (First Match)`
    t =   100.81s         Capturing element debug description
    t =   101.83s     Checking `Expect predicate `existsNoRetry == 1` for object Any (First Match)`
    t =   101.84s         Checking existence of `Any (First Match)`
    t =   101.87s         Capturing element debug description
    t =   102.78s     Checking `Expect predicate `existsNoRetry == 1` for object Any (First Match)`
    t =   102.78s         Checking existence of `Any (First Match)`
    t =   102.80s         Capturing element debug description
    t =   103.84s     Checking `Expect predicate `existsNoRetry == 1` for object Any (First Match)`
    t =   103.84s         Checking existence of `Any (First Match)`
    t =   103.87s         Capturing element debug description
    t =   104.81s     Checking `Expect predicate `existsNoRetry == 1` for object Any (First Match)`
    t =   104.81s         Checking existence of `Any (First Match)`
    t =   104.84s         Capturing element debug description
    t =   105.77s     Checking `Expect predicate `existsNoRetry == 1` for object Any (First Match)`
    t =   105.78s         Checking existence of `Any (First Match)`
    t =   105.81s         Capturing element debug description
    t =   106.84s     Checking `Expect predicate `existsNoRetry == 1` for object Any (First Match)`
    t =   106.84s         Checking existence of `Any (First Match)`
    t =   106.87s         Capturing element debug description
    t =   107.82s     Checking `Expect predicate `existsNoRetry == 1` for object Any (First Match)`
    t =   107.82s         Checking existence of `Any (First Match)`
    t =   107.85s         Capturing element debug description
    t =   108.80s     Checking `Expect predicate `existsNoRetry == 1` for object Any (First Match)`
    t =   108.80s         Checking existence of `Any (First Match)`
    t =   108.83s         Capturing element debug description
    t =   109.77s     Checking `Expect predicate `existsNoRetry == 1` for object Any (First Match)`
    t =   109.77s         Checking existence of `Any (First Match)`
    t =   109.79s         Capturing element debug description
    t =   110.83s     Checking `Expect predicate `existsNoRetry == 1` for object Any (First Match)`
    t =   110.83s         Checking existence of `Any (First Match)`
    t =   110.86s         Capturing element debug description
    t =   111.80s     Checking `Expect predicate `existsNoRetry == 1` for object Any (First Match)`
    t =   111.80s         Checking existence of `Any (First Match)`
    t =   111.83s         Capturing element debug description
    t =   112.76s     Checking `Expect predicate `existsNoRetry == 1` for object Any (First Match)`
    t =   112.76s         Checking existence of `Any (First Match)`
    t =   112.79s         Capturing element debug description
    t =   113.75s     Checking `Expect predicate `existsNoRetry == 1` for object Any (First Match)`
    t =   113.75s         Checking existence of `Any (First Match)`
    t =   113.78s         Capturing element debug description
    t =   114.83s     Checking `Expect predicate `existsNoRetry == 1` for object Any (First Match)`
    t =   114.84s         Checking existence of `Any (First Match)`
    t =   114.87s         Capturing element debug description
    t =   115.82s     Checking `Expect predicate `existsNoRetry == 1` for object Any (First Match)`
    t =   115.82s         Checking existence of `Any (First Match)`
    t =   115.86s         Capturing element debug description
    t =   116.79s     Checking `Expect predicate `existsNoRetry == 1` for object Any (First Match)`
    t =   116.79s         Checking existence of `Any (First Match)`
    t =   116.82s         Capturing element debug description
    t =   117.75s     Checking `Expect predicate `existsNoRetry == 1` for object Any (First Match)`
    t =   117.76s         Checking existence of `Any (First Match)`
    t =   117.79s         Capturing element debug description
    t =   118.82s     Checking `Expect predicate `existsNoRetry == 1` for object Any (First Match)`
    t =   118.82s         Checking existence of `Any (First Match)`
    t =   118.85s         Capturing element debug description
    t =   119.77s     Checking `Expect predicate `existsNoRetry == 1` for object Any (First Match)`
    t =   119.77s         Checking existence of `Any (First Match)`
    t =   119.80s         Capturing element debug description
    t =   120.74s     Checking `Expect predicate `existsNoRetry == 1` for object Any (First Match)`
    t =   120.74s         Checking existence of `Any (First Match)`
    t =   120.77s         Capturing element debug description
    t =   120.78s     Checking existence of `Any (First Match)`
    t =   120.80s Collecting debug information to assist test failure triage
    t =   120.80s     Requesting snapshot of accessibility hierarchy for app with pid 59308
    t =   120.83s Checking existence of `Any (First Match)`
    t =   120.84s Checking existence of `Any (First Match)`
    t =   120.85s Checking existence of `Any (First Match)`
    t =   120.86s Find the Any (First Match)
STEP[120s]: iter 1: done
    t =   120.87s Terminate org.nativescript.nsbenchmark:59308
STEP[121s]: iter 2: launch org.nativescript.nsbenchmark
    t =   121.94s Open org.nativescript.nsbenchmark
    t =   121.94s     Launch org.nativescript.nsbenchmark
    t =   122.05s         Setting up automation session
    t =   122.65s         Wait for org.nativescript.nsbenchmark to idle
    t =   123.81s Checking existence of `"Health" Button`
    t =   123.84s Waiting 20.0s for "Health" Button to exist
    t =   124.88s     Checking `Expect predicate `existsNoRetry == 1` for object "Health" Button`
    t =   124.88s         Checking existence of `"Health" Button`
STEP[124s]: iter 2: nav Health
    t =   124.90s Checking existence of `"Health" Button`
    t =   124.91s Tap "Health" Button
    t =   124.91s     Wait for org.nativescript.nsbenchmark to idle
    t =   124.91s     Find the "Health" Button
    t =   124.92s     Check for interrupting elements affecting "Health" Button
    t =   124.93s     Synthesize event
    t =   125.22s     Wait for org.nativescript.nsbenchmark to idle
    t =   125.62s Waiting 10.0s for Any (First Match) to exist
    t =   126.67s     Checking `Expect predicate `existsNoRetry == 1` for object Any (First Match)`
    t =   126.67s         Checking existence of `Any (First Match)`
    t =   126.70s Checking existence of `Any (First Match)`
    t =   126.72s Find the Any (First Match)
    t =   126.73s Checking existence of `"Health access: granted" StaticText`
    t =   126.74s Find the "Health access: granted" StaticText
    t =   126.75s Waiting 15.0s for Any (First Match) to exist
    t =   127.78s     Checking `Expect predicate `existsNoRetry == 1` for object Any (First Match)`
    t =   127.78s         Checking existence of `Any (First Match)`
    t =   127.81s Checking existence of `Any (First Match)`
    t =   127.83s Find the Any (First Match)
    t =   127.84s Checking existence of `"Log 500 Steps" Button`
    t =   127.85s Checking existence of `"Log 500 Steps" Button`
    t =   127.86s Find the "Log 500 Steps" Button
STEP[127s]: iter 2: log 500
    t =   127.88s Tap "Log 500 Steps" Button
    t =   127.88s     Wait for org.nativescript.nsbenchmark to idle
    t =   127.88s     Find the "Log 500 Steps" Button
    t =   127.89s     Check for interrupting elements affecting "Log 500 Steps" Button
    t =   127.91s     Synthesize event
    t =   128.20s     Wait for org.nativescript.nsbenchmark to idle
    t =   128.21s Checking existence of `"Sat Jul 25 — 19000 steps (today)" StaticText`
    t =   128.23s Find the "Sat Jul 25 — 19000 steps (today)" StaticText
    t =   128.25s Checking existence of `"Sat Jul 25 — 19500 steps (today)" StaticText`
STEP[128s]: iter 2: go home
    t =   128.27s Checking existence of `"Transcribe" Button`
    t =   128.28s Checking existence of `"Health" Button`
    t =   128.30s Checking existence of `Any (First Match)`
    t =   128.31s Checking existence of `Button (Element at index 0)`
    t =   128.32s Find the Button (Element at index 0)
STEP[128s]: goHome: tapping candidate 0
    t =   128.34s Tap "BackButton" Button
    t =   128.34s     Wait for org.nativescript.nsbenchmark to idle
    t =   128.34s     Find the "BackButton" Button
    t =   128.36s     Check for interrupting elements affecting "BackButton" Button
    t =   128.37s     Synthesize event
    t =   128.66s     Wait for org.nativescript.nsbenchmark to idle
    t =   129.49s Checking existence of `"Transcribe" Button`
    t =   129.50s Waiting 3.0s for "Transcribe" Button to exist
    t =   130.56s     Checking `Expect predicate `existsNoRetry == 1` for object "Transcribe" Button`
    t =   130.56s         Checking existence of `"Transcribe" Button`
STEP[130s]: iter 2: nav Transcribe
    t =   130.58s Checking existence of `"Transcribe" Button`
    t =   130.59s Tap "Transcribe" Button
    t =   130.59s     Wait for org.nativescript.nsbenchmark to idle
    t =   130.59s     Find the "Transcribe" Button
    t =   130.60s     Check for interrupting elements affecting "Transcribe" Button
    t =   130.61s     Synthesize event
    t =   130.90s     Wait for org.nativescript.nsbenchmark to idle
    t =   131.22s Waiting 10.0s for Any (First Match) to exist
    t =   132.26s     Checking `Expect predicate `existsNoRetry == 1` for object Any (First Match)`
    t =   132.26s         Checking existence of `Any (First Match)`
    t =   132.29s Checking existence of `Any (First Match)`
    t =   132.30s Find the Any (First Match)
    t =   132.32s Checking existence of `"Speech access: granted" StaticText`
    t =   132.33s Find the "Speech access: granted" StaticText
    t =   132.34s Checking existence of `"Transcribe Sample" Button`
    t =   132.35s Checking existence of `"Transcribe Sample" Button`
    t =   132.36s Find the "Transcribe Sample" Button
STEP[132s]: iter 2: transcribe
    t =   132.38s Tap "Transcribe Sample" Button
    t =   132.38s     Wait for org.nativescript.nsbenchmark to idle
    t =   132.38s     Find the "Transcribe Sample" Button
    t =   132.39s     Check for interrupting elements affecting "Transcribe Sample" Button
    t =   132.40s     Synthesize event
    t =   132.69s     Wait for org.nativescript.nsbenchmark to idle
    t =   132.70s Waiting 45.0s for Any (First Match) to exist
    t =   133.73s     Checking `Expect predicate `existsNoRetry == 1` for object Any (First Match)`
    t =   133.73s         Checking existence of `Any (First Match)`
    t =   133.76s         Capturing element debug description
    t =   134.77s     Checking `Expect predicate `existsNoRetry == 1` for object Any (First Match)`
    t =   134.78s         Checking existence of `Any (First Match)`
    t =   134.80s         Capturing element debug description
    t =   135.73s     Checking `Expect predicate `existsNoRetry == 1` for object Any (First Match)`
    t =   135.73s         Checking existence of `Any (First Match)`
    t =   135.76s         Capturing element debug description
    t =   136.70s     Checking `Expect predicate `existsNoRetry == 1` for object Any (First Match)`
    t =   136.70s         Checking existence of `Any (First Match)`
    t =   136.73s         Capturing element debug description
    t =   137.78s     Checking `Expect predicate `existsNoRetry == 1` for object Any (First Match)`
    t =   137.78s         Checking existence of `Any (First Match)`
    t =   137.81s         Capturing element debug description
    t =   138.74s     Checking `Expect predicate `existsNoRetry == 1` for object Any (First Match)`
    t =   138.74s         Checking existence of `Any (First Match)`
    t =   138.77s         Capturing element debug description
    t =   139.71s     Checking `Expect predicate `existsNoRetry == 1` for object Any (First Match)`
    t =   139.71s         Checking existence of `Any (First Match)`
    t =   139.74s         Capturing element debug description
    t =   140.77s     Checking `Expect predicate `existsNoRetry == 1` for object Any (First Match)`
    t =   140.78s         Checking existence of `Any (First Match)`
    t =   140.81s         Capturing element debug description
    t =   141.73s     Checking `Expect predicate `existsNoRetry == 1` for object Any (First Match)`
    t =   141.74s         Checking existence of `Any (First Match)`
    t =   141.76s         Capturing element debug description
    t =   142.70s     Checking `Expect predicate `existsNoRetry == 1` for object Any (First Match)`
    t =   142.70s         Checking existence of `Any (First Match)`
    t =   142.73s         Capturing element debug description
    t =   143.79s     Checking `Expect predicate `existsNoRetry == 1` for object Any (First Match)`
    t =   143.79s         Checking existence of `Any (First Match)`
    t =   143.82s         Capturing element debug description
    t =   144.77s     Checking `Expect predicate `existsNoRetry == 1` for object Any (First Match)`
    t =   144.78s         Checking existence of `Any (First Match)`
    t =   144.81s         Capturing element debug description
    t =   145.74s     Checking `Expect predicate `existsNoRetry == 1` for object Any (First Match)`
    t =   145.74s         Checking existence of `Any (First Match)`
    t =   145.77s         Capturing element debug description
    t =   146.72s     Checking `Expect predicate `existsNoRetry == 1` for object Any (First Match)`
    t =   146.72s         Checking existence of `Any (First Match)`
    t =   146.75s         Capturing element debug description
    t =   147.71s     Checking `Expect predicate `existsNoRetry == 1` for object Any (First Match)`
    t =   147.71s         Checking existence of `Any (First Match)`
    t =   147.74s         Capturing element debug description
    t =   148.77s     Checking `Expect predicate `existsNoRetry == 1` for object Any (First Match)`
    t =   148.77s         Checking existence of `Any (First Match)`
    t =   148.81s         Capturing element debug description
    t =   149.74s     Checking `Expect predicate `existsNoRetry == 1` for object Any (First Match)`
    t =   149.74s         Checking existence of `Any (First Match)`
    t =   149.77s         Capturing element debug description
    t =   150.71s     Checking `Expect predicate `existsNoRetry == 1` for object Any (First Match)`
    t =   150.72s         Checking existence of `Any (First Match)`
    t =   150.75s         Capturing element debug description
    t =   151.70s     Checking `Expect predicate `existsNoRetry == 1` for object Any (First Match)`
    t =   151.70s         Checking existence of `Any (First Match)`
    t =   151.73s         Capturing element debug description
    t =   152.77s     Checking `Expect predicate `existsNoRetry == 1` for object Any (First Match)`
    t =   152.77s         Checking existence of `Any (First Match)`
    t =   152.81s         Capturing element debug description
    t =   153.74s     Checking `Expect predicate `existsNoRetry == 1` for object Any (First Match)`
    t =   153.74s         Checking existence of `Any (First Match)`
    t =   153.75s         Capturing element debug description
    t =   154.71s     Checking `Expect predicate `existsNoRetry == 1` for object Any (First Match)`
    t =   154.71s         Checking existence of `Any (First Match)`
    t =   154.74s         Capturing element debug description
    t =   155.79s     Checking `Expect predicate `existsNoRetry == 1` for object Any (First Match)`
    t =   155.79s         Checking existence of `Any (First Match)`
    t =   155.82s         Capturing element debug description
    t =   156.76s     Checking `Expect predicate `existsNoRetry == 1` for object Any (First Match)`
    t =   156.76s         Checking existence of `Any (First Match)`
    t =   156.79s         Capturing element debug description
    t =   157.74s     Checking `Expect predicate `existsNoRetry == 1` for object Any (First Match)`
    t =   157.74s         Checking existence of `Any (First Match)`
    t =   157.77s         Capturing element debug description
    t =   158.71s     Checking `Expect predicate `existsNoRetry == 1` for object Any (First Match)`
    t =   158.71s         Checking existence of `Any (First Match)`
    t =   158.74s         Capturing element debug description
    t =   159.77s     Checking `Expect predicate `existsNoRetry == 1` for object Any (First Match)`
    t =   159.77s         Checking existence of `Any (First Match)`
    t =   159.80s         Capturing element debug description
    t =   160.75s     Checking `Expect predicate `existsNoRetry == 1` for object Any (First Match)`
    t =   160.76s         Checking existence of `Any (First Match)`
    t =   160.78s         Capturing element debug description
    t =   161.73s     Checking `Expect predicate `existsNoRetry == 1` for object Any (First Match)`
    t =   161.73s         Checking existence of `Any (First Match)`
    t =   161.76s         Capturing element debug description
    t =   162.70s     Checking `Expect predicate `existsNoRetry == 1` for object Any (First Match)`
    t =   162.71s         Checking existence of `Any (First Match)`
    t =   162.74s         Capturing element debug description
    t =   163.70s     Checking `Expect predicate `existsNoRetry == 1` for object Any (First Match)`
    t =   163.70s         Checking existence of `Any (First Match)`
    t =   163.73s         Capturing element debug description
    t =   164.77s     Checking `Expect predicate `existsNoRetry == 1` for object Any (First Match)`
    t =   164.77s         Checking existence of `Any (First Match)`
    t =   164.80s         Capturing element debug description
    t =   165.74s     Checking `Expect predicate `existsNoRetry == 1` for object Any (First Match)`
    t =   165.74s         Checking existence of `Any (First Match)`
    t =   165.77s         Capturing element debug description
    t =   166.71s     Checking `Expect predicate `existsNoRetry == 1` for object Any (First Match)`
    t =   166.71s         Checking existence of `Any (First Match)`
    t =   166.74s         Capturing element debug description
    t =   167.77s     Checking `Expect predicate `existsNoRetry == 1` for object Any (First Match)`
    t =   167.77s         Checking existence of `Any (First Match)`
    t =   167.80s         Capturing element debug description
    t =   168.74s     Checking `Expect predicate `existsNoRetry == 1` for object Any (First Match)`
    t =   168.74s         Checking existence of `Any (First Match)`
    t =   168.77s         Capturing element debug description
    t =   169.70s     Checking `Expect predicate `existsNoRetry == 1` for object Any (First Match)`
    t =   169.71s         Checking existence of `Any (First Match)`
    t =   169.74s         Capturing element debug description
    t =   170.70s     Checking `Expect predicate `existsNoRetry == 1` for object Any (First Match)`
    t =   170.70s         Checking existence of `Any (First Match)`
    t =   170.74s         Capturing element debug description
    t =   171.77s     Checking `Expect predicate `existsNoRetry == 1` for object Any (First Match)`
    t =   171.77s         Checking existence of `Any (First Match)`
    t =   171.80s         Capturing element debug description
    t =   172.74s     Checking `Expect predicate `existsNoRetry == 1` for object Any (First Match)`
    t =   172.74s         Checking existence of `Any (First Match)`
    t =   172.77s         Capturing element debug description
    t =   173.70s     Checking `Expect predicate `existsNoRetry == 1` for object Any (First Match)`
    t =   173.71s         Checking existence of `Any (First Match)`
    t =   173.74s         Capturing element debug description
    t =   174.69s     Checking `Expect predicate `existsNoRetry == 1` for object Any (First Match)`
    t =   174.69s         Checking existence of `Any (First Match)`
    t =   174.73s         Capturing element debug description
    t =   175.77s     Checking `Expect predicate `existsNoRetry == 1` for object Any (First Match)`
    t =   175.77s         Checking existence of `Any (First Match)`
    t =   175.80s         Capturing element debug description
    t =   176.75s     Checking `Expect predicate `existsNoRetry == 1` for object Any (First Match)`
    t =   176.75s         Checking existence of `Any (First Match)`
    t =   176.77s         Capturing element debug description
    t =   177.70s     Checking `Expect predicate `existsNoRetry == 1` for object Any (First Match)`
    t =   177.71s         Checking existence of `Any (First Match)`
    t =   177.74s         Capturing element debug description
    t =   177.74s     Checking existence of `Any (First Match)`
    t =   177.75s Collecting debug information to assist test failure triage
    t =   177.75s     Requesting snapshot of accessibility hierarchy for app with pid 59390
    t =   177.78s Checking existence of `Any (First Match)`
    t =   177.79s Checking existence of `Any (First Match)`
    t =   177.80s Checking existence of `Any (First Match)`
    t =   177.81s Find the Any (First Match)
STEP[177s]: iter 2: done
    t =   177.82s Terminate org.nativescript.nsbenchmark:59390
PERFJSON:{"bundle_id":"org.nativescript.nsbenchmark","runs":[{"speech_granted":true,"hk_rows_ms":1058,"nav_transcribe_ms":1706,"hk_log_roundtrip_ms":386,"speech_state":"init_or_task_failed: Speech error: Failed to initialize recognizer","iter":0,"nav_health_ms":1784,"health_granted":true},{"health_granted":true,"nav_health_ms":1750,"hk_rows_ms":1085,"nav_transcribe_ms":1695,"iter":1,"speech_state":"init_or_task_failed: Speech error: Failed to initialize recognizer","hk_log_roundtrip_ms":383,"speech_granted":true},{"nav_health_ms":1804,"speech_state":"init_or_task_failed: Speech error: Failed to initialize recognizer","nav_transcribe_ms":1711,"hk_log_roundtrip_ms":385,"speech_granted":true,"hk_rows_ms":1059,"health_granted":true,"iter":2}]}
    t =   178.90s Tear Down
Test Case '-[UIDriverUITests.FeatureLatencyTests testFeatureLatencies]' passed (178.971 seconds).
Test Suite 'FeatureLatencyTests' passed at 2026-07-25 20:14:01.549.
	 Executed 1 test, with 0 failures (0 unexpected) in 178.971 (178.972) seconds
Test Suite 'UIDriverUITests.xctest' passed at 2026-07-25 20:14:01.552.
	 Executed 1 test, with 0 failures (0 unexpected) in 178.971 (178.975) seconds
Test Suite 'All tests' passed at 2026-07-25 20:14:01.552.
	 Executed 1 test, with 0 failures (0 unexpected) in 178.971 (178.976) seconds
2026-07-25 20:14:01.893 xcodebuild[59192:17044537] [MT] IDETestOperationsObserverDebug: 180.911 elapsed -- Testing started completed.
2026-07-25 20:14:01.893 xcodebuild[59192:17044537] [MT] IDETestOperationsObserverDebug: 0.000 sec, +0.000 sec -- start
2026-07-25 20:14:01.893 xcodebuild[59192:17044537] [MT] IDETestOperationsObserverDebug: 180.911 sec, +180.911 sec -- end

Test session results, code coverage, and logs:
	/Users/runner/Library/Developer/Xcode/DerivedData/UIDriver-ekqcqbpucoqmcgbikewqdmafsmmj/Logs/Test/Test-UIDriver-2026.07.25_20-11-00--0700.xcresult

** TEST SUCCEEDED **

Testing started
