Command line invocation:
    /Applications/Xcode.app/Contents/Developer/usr/bin/xcodebuild test -project UIDriver.xcodeproj -scheme UIDriver -destination id=7DFF2660-A10C-449E-867A-92863D91663B

--- xcodebuild: WARNING: Using the first of multiple matching destinations:
{ platform:iOS Simulator, arch:arm64, id:7DFF2660-A10C-449E-867A-92863D91663B, OS:26.5, name:iPhone 17 Pro }
{ platform:iOS Simulator, arch:x86_64, id:7DFF2660-A10C-449E-867A-92863D91663B, OS:26.5, name:iPhone 17 Pro }
ComputePackagePrebuildTargetDependencyGraph

Prepare packages

CreateBuildRequest

SendProjectDescription

CreateBuildOperation

ComputeTargetDependencyGraph
note: Building targets in dependency order
note: Target dependency graph (1 target)
    Target 'UIDriverUITests' in project 'UIDriver' (no dependencies)

GatherProvisioningInputs

CreateBuildDescription

ExecuteExternalTool /Applications/Xcode.app/Contents/Developer/Toolchains/XcodeDefault.xctoolchain/usr/bin/clang -v -E -dM -isysroot /Applications/Xcode.app/Contents/Developer/Platforms/iPhoneSimulator.platform/Developer/SDKs/iPhoneSimulator26.5.sdk -x c -c /dev/null

ExecuteExternalTool /Applications/Xcode.app/Contents/Developer/Toolchains/XcodeDefault.xctoolchain/usr/bin/swiftc --version

ExecuteExternalTool /Applications/Xcode.app/Contents/Developer/Toolchains/XcodeDefault.xctoolchain/usr/bin/ld -version_details

Build description signature: 5b3b1d22e6829178314afb5e438834ed
Build description path: /Users/runner/Library/Developer/Xcode/DerivedData/UIDriver-ekqcqbpucoqmcgbikewqdmafsmmj/Build/Intermediates.noindex/XCBuildData/5b3b1d22e6829178314afb5e438834ed.xcbuilddata
ClangStatCache /Applications/Xcode.app/Contents/Developer/Toolchains/XcodeDefault.xctoolchain/usr/bin/clang-stat-cache /Applications/Xcode.app/Contents/Developer/Platforms/iPhoneSimulator.platform/Developer/SDKs/iPhoneSimulator26.5.sdk /Users/runner/Library/Developer/Xcode/DerivedData/SDKStatCaches.noindex/iphonesimulator26.5-23F73-688ef53f1462e2c8f657fdc38a81448f6cfe768891a92b912361537c460fe42b.sdkstatcache
    cd /Users/runner/token-economics/harness/perf/uidriver/UIDriver.xcodeproj
    /Applications/Xcode.app/Contents/Developer/Toolchains/XcodeDefault.xctoolchain/usr/bin/clang-stat-cache /Applications/Xcode.app/Contents/Developer/Platforms/iPhoneSimulator.platform/Developer/SDKs/iPhoneSimulator26.5.sdk -o /Users/runner/Library/Developer/Xcode/DerivedData/SDKStatCaches.noindex/iphonesimulator26.5-23F73-688ef53f1462e2c8f657fdc38a81448f6cfe768891a92b912361537c460fe42b.sdkstatcache

ProcessInfoPlistFile /Users/runner/Library/Developer/Xcode/DerivedData/UIDriver-ekqcqbpucoqmcgbikewqdmafsmmj/Build/Products/Debug-iphonesimulator/UIDriverUITests-Runner.app/PlugIns/UIDriverUITests.xctest/Info.plist /Users/runner/Library/Developer/Xcode/DerivedData/UIDriver-ekqcqbpucoqmcgbikewqdmafsmmj/Build/Intermediates.noindex/UIDriver.build/Debug-iphonesimulator/UIDriverUITests.build/empty-UIDriverUITests.plist (in target 'UIDriverUITests' from project 'UIDriver')
    cd /Users/runner/token-economics/harness/perf/uidriver
    builtin-infoPlistUtility /Users/runner/Library/Developer/Xcode/DerivedData/UIDriver-ekqcqbpucoqmcgbikewqdmafsmmj/Build/Intermediates.noindex/UIDriver.build/Debug-iphonesimulator/UIDriverUITests.build/empty-UIDriverUITests.plist -producttype com.apple.product-type.bundle.ui-testing -expandbuildsettings -format binary -platform iphonesimulator -additionalcontentfile /Users/runner/Library/Developer/Xcode/DerivedData/UIDriver-ekqcqbpucoqmcgbikewqdmafsmmj/Build/Intermediates.noindex/UIDriver.build/Debug-iphonesimulator/UIDriverUITests.build/ProductTypeInfoPlistAdditions.plist -o /Users/runner/Library/Developer/Xcode/DerivedData/UIDriver-ekqcqbpucoqmcgbikewqdmafsmmj/Build/Products/Debug-iphonesimulator/UIDriverUITests-Runner.app/PlugIns/UIDriverUITests.xctest/Info.plist

SwiftDriver UIDriverUITests normal arm64 com.apple.xcode.tools.swift.compiler (in target 'UIDriverUITests' from project 'UIDriver')
    cd /Users/runner/token-economics/harness/perf/uidriver
    builtin-SwiftDriver -- /Applications/Xcode.app/Contents/Developer/Toolchains/XcodeDefault.xctoolchain/usr/bin/swiftc -module-name UIDriverUITests -Onone @/Users/runner/Library/Developer/Xcode/DerivedData/UIDriver-ekqcqbpucoqmcgbikewqdmafsmmj/Build/Intermediates.noindex/UIDriver.build/Debug-iphonesimulator/UIDriverUITests.build/Objects-normal/arm64/UIDriverUITests.SwiftFileList -DDEBUG -module-alias Testing\=_Testing_Unavailable -plugin-path /Applications/Xcode.app/Contents/Developer/Toolchains/XcodeDefault.xctoolchain/usr/lib/swift/host/plugins/testing -enable-bare-slash-regex -enable-experimental-feature DebugDescriptionMacro -sdk /Applications/Xcode.app/Contents/Developer/Platforms/iPhoneSimulator.platform/Developer/SDKs/iPhoneSimulator26.5.sdk -target arm64-apple-ios16.0-simulator -g -module-cache-path /Users/runner/Library/Developer/Xcode/DerivedData/ModuleCache.noindex -Xfrontend -serialize-debugging-options -enable-testing -index-store-path /Users/runner/Library/Developer/Xcode/DerivedData/UIDriver-ekqcqbpucoqmcgbikewqdmafsmmj/Index.noindex/DataStore -swift-version 5 -I /Users/runner/Library/Developer/Xcode/DerivedData/UIDriver-ekqcqbpucoqmcgbikewqdmafsmmj/Build/Products/Debug-iphonesimulator -Isystem /Applications/Xcode.app/Contents/Developer/Platforms/iPhoneSimulator.platform/Developer/usr/lib -F /Users/runner/Library/Developer/Xcode/DerivedData/UIDriver-ekqcqbpucoqmcgbikewqdmafsmmj/Build/Products/Debug-iphonesimulator -F /Applications/Xcode.app/Contents/Developer/Platforms/iPhoneSimulator.platform/Developer/Library/Frameworks -F /Applications/Xcode.app/Contents/Developer/Platforms/iPhoneSimulator.platform/Developer/SDKs/iPhoneSimulator26.5.sdk/Developer/Library/Frameworks -parse-as-library -c -j16 -enable-batch-mode -incremental -Xcc -ivfsstatcache -Xcc /Users/runner/Library/Developer/Xcode/DerivedData/SDKStatCaches.noindex/iphonesimulator26.5-23F73-688ef53f1462e2c8f657fdc38a81448f6cfe768891a92b912361537c460fe42b.sdkstatcache -output-file-map /Users/runner/Library/Developer/Xcode/DerivedData/UIDriver-ekqcqbpucoqmcgbikewqdmafsmmj/Build/Intermediates.noindex/UIDriver.build/Debug-iphonesimulator/UIDriverUITests.build/Objects-normal/arm64/UIDriverUITests-OutputFileMap.json -use-frontend-parseable-output -save-temps -no-color-diagnostics -explicit-module-build -module-cache-path /Users/runner/Library/Developer/Xcode/DerivedData/UIDriver-ekqcqbpucoqmcgbikewqdmafsmmj/Build/Intermediates.noindex/SwiftExplicitPrecompiledModules -clang-scanner-module-cache-path /Users/runner/Library/Developer/Xcode/DerivedData/ModuleCache.noindex -sdk-module-cache-path /Users/runner/Library/Developer/Xcode/DerivedData/ModuleCache.noindex -serialize-diagnostics -emit-dependencies -emit-module -emit-module-path /Users/runner/Library/Developer/Xcode/DerivedData/UIDriver-ekqcqbpucoqmcgbikewqdmafsmmj/Build/Intermediates.noindex/UIDriver.build/Debug-iphonesimulator/UIDriverUITests.build/Objects-normal/arm64/UIDriverUITests.swiftmodule -validate-clang-modules-once -clang-build-session-file /Users/runner/Library/Developer/Xcode/DerivedData/ModuleCache.noindex/Session.modulevalidation -Xcc -I/Users/runner/Library/Developer/Xcode/DerivedData/UIDriver-ekqcqbpucoqmcgbikewqdmafsmmj/Build/Intermediates.noindex/UIDriver.build/Debug-iphonesimulator/UIDriverUITests.build/swift-overrides.hmap -emit-const-values -Xfrontend -const-gather-protocols-file -Xfrontend /Users/runner/Library/Developer/Xcode/DerivedData/UIDriver-ekqcqbpucoqmcgbikewqdmafsmmj/Build/Intermediates.noindex/UIDriver.build/Debug-iphonesimulator/UIDriverUITests.build/Objects-normal/arm64/UIDriverUITests_const_extract_protocols.json -Xcc -iquote -Xcc /Users/runner/Library/Developer/Xcode/DerivedData/UIDriver-ekqcqbpucoqmcgbikewqdmafsmmj/Build/Intermediates.noindex/UIDriver.build/Debug-iphonesimulator/UIDriverUITests.build/UIDriverUITests-generated-files.hmap -Xcc -I/Users/runner/Library/Developer/Xcode/DerivedData/UIDriver-ekqcqbpucoqmcgbikewqdmafsmmj/Build/Intermediates.noindex/UIDriver.build/Debug-iphonesimulator/UIDriverUITests.build/UIDriverUITests-own-target-headers.hmap -Xcc -I/Users/runner/Library/Developer/Xcode/DerivedData/UIDriver-ekqcqbpucoqmcgbikewqdmafsmmj/Build/Intermediates.noindex/UIDriver.build/Debug-iphonesimulator/UIDriverUITests.build/UIDriverUITests-all-target-headers.hmap -Xcc -iquote -Xcc /Users/runner/Library/Developer/Xcode/DerivedData/UIDriver-ekqcqbpucoqmcgbikewqdmafsmmj/Build/Intermediates.noindex/UIDriver.build/Debug-iphonesimulator/UIDriverUITests.build/UIDriverUITests-project-headers.hmap -Xcc -I/Users/runner/Library/Developer/Xcode/DerivedData/UIDriver-ekqcqbpucoqmcgbikewqdmafsmmj/Build/Products/Debug-iphonesimulator/include -Xcc -I/Users/runner/Library/Developer/Xcode/DerivedData/UIDriver-ekqcqbpucoqmcgbikewqdmafsmmj/Build/Intermediates.noindex/UIDriver.build/Debug-iphonesimulator/UIDriverUITests.build/DerivedSources-normal/arm64 -Xcc -I/Users/runner/Library/Developer/Xcode/DerivedData/UIDriver-ekqcqbpucoqmcgbikewqdmafsmmj/Build/Intermediates.noindex/UIDriver.build/Debug-iphonesimulator/UIDriverUITests.build/DerivedSources/arm64 -Xcc -I/Users/runner/Library/Developer/Xcode/DerivedData/UIDriver-ekqcqbpucoqmcgbikewqdmafsmmj/Build/Intermediates.noindex/UIDriver.build/Debug-iphonesimulator/UIDriverUITests.build/DerivedSources -emit-objc-header -emit-objc-header-path /Users/runner/Library/Developer/Xcode/DerivedData/UIDriver-ekqcqbpucoqmcgbikewqdmafsmmj/Build/Intermediates.noindex/UIDriver.build/Debug-iphonesimulator/UIDriverUITests.build/Objects-normal/arm64/UIDriverUITests-Swift.h -working-directory /Users/runner/token-economics/harness/perf/uidriver -experimental-emit-module-separately -disable-cmo

SwiftCompile normal arm64 Compiling\ FeatureLatencyTests.swift /Users/runner/token-economics/harness/perf/uidriver/FeatureLatencyTests.swift (in target 'UIDriverUITests' from project 'UIDriver')

SwiftCompile normal arm64 /Users/runner/token-economics/harness/perf/uidriver/FeatureLatencyTests.swift (in target 'UIDriverUITests' from project 'UIDriver')
    cd /Users/runner/token-economics/harness/perf/uidriver
    
/Users/runner/token-economics/harness/perf/uidriver/FeatureLatencyTests.swift:38:9: warning: variable 'candidates' was never mutated; consider changing to 'let' constant
    var candidates: [XCUIElement] = [
    ~~~ ^
    let

SwiftEmitModule normal arm64 Emitting\ module\ for\ UIDriverUITests (in target 'UIDriverUITests' from project 'UIDriver')

SwiftCompile normal arm64 /Users/runner/token-economics/harness/perf/uidriver/FeatureLatencyTests.swift (in target 'UIDriverUITests' from project 'UIDriver')
    cd /Users/runner/token-economics/harness/perf/uidriver
    

SwiftDriverJobDiscovery normal arm64 Emitting module for UIDriverUITests (in target 'UIDriverUITests' from project 'UIDriver')

SwiftDriver\ Compilation\ Requirements UIDriverUITests normal arm64 com.apple.xcode.tools.swift.compiler (in target 'UIDriverUITests' from project 'UIDriver')
    cd /Users/runner/token-economics/harness/perf/uidriver
    builtin-Swift-Compilation-Requirements -- /Applications/Xcode.app/Contents/Developer/Toolchains/XcodeDefault.xctoolchain/usr/bin/swiftc -module-name UIDriverUITests -Onone @/Users/runner/Library/Developer/Xcode/DerivedData/UIDriver-ekqcqbpucoqmcgbikewqdmafsmmj/Build/Intermediates.noindex/UIDriver.build/Debug-iphonesimulator/UIDriverUITests.build/Objects-normal/arm64/UIDriverUITests.SwiftFileList -DDEBUG -module-alias Testing\=_Testing_Unavailable -plugin-path /Applications/Xcode.app/Contents/Developer/Toolchains/XcodeDefault.xctoolchain/usr/lib/swift/host/plugins/testing -enable-bare-slash-regex -enable-experimental-feature DebugDescriptionMacro -sdk /Applications/Xcode.app/Contents/Developer/Platforms/iPhoneSimulator.platform/Developer/SDKs/iPhoneSimulator26.5.sdk -target arm64-apple-ios16.0-simulator -g -module-cache-path /Users/runner/Library/Developer/Xcode/DerivedData/ModuleCache.noindex -Xfrontend -serialize-debugging-options -enable-testing -index-store-path /Users/runner/Library/Developer/Xcode/DerivedData/UIDriver-ekqcqbpucoqmcgbikewqdmafsmmj/Index.noindex/DataStore -swift-version 5 -I /Users/runner/Library/Developer/Xcode/DerivedData/UIDriver-ekqcqbpucoqmcgbikewqdmafsmmj/Build/Products/Debug-iphonesimulator -Isystem /Applications/Xcode.app/Contents/Developer/Platforms/iPhoneSimulator.platform/Developer/usr/lib -F /Users/runner/Library/Developer/Xcode/DerivedData/UIDriver-ekqcqbpucoqmcgbikewqdmafsmmj/Build/Products/Debug-iphonesimulator -F /Applications/Xcode.app/Contents/Developer/Platforms/iPhoneSimulator.platform/Developer/Library/Frameworks -F /Applications/Xcode.app/Contents/Developer/Platforms/iPhoneSimulator.platform/Developer/SDKs/iPhoneSimulator26.5.sdk/Developer/Library/Frameworks -parse-as-library -c -j16 -enable-batch-mode -incremental -Xcc -ivfsstatcache -Xcc /Users/runner/Library/Developer/Xcode/DerivedData/SDKStatCaches.noindex/iphonesimulator26.5-23F73-688ef53f1462e2c8f657fdc38a81448f6cfe768891a92b912361537c460fe42b.sdkstatcache -output-file-map /Users/runner/Library/Developer/Xcode/DerivedData/UIDriver-ekqcqbpucoqmcgbikewqdmafsmmj/Build/Intermediates.noindex/UIDriver.build/Debug-iphonesimulator/UIDriverUITests.build/Objects-normal/arm64/UIDriverUITests-OutputFileMap.json -use-frontend-parseable-output -save-temps -no-color-diagnostics -explicit-module-build -module-cache-path /Users/runner/Library/Developer/Xcode/DerivedData/UIDriver-ekqcqbpucoqmcgbikewqdmafsmmj/Build/Intermediates.noindex/SwiftExplicitPrecompiledModules -clang-scanner-module-cache-path /Users/runner/Library/Developer/Xcode/DerivedData/ModuleCache.noindex -sdk-module-cache-path /Users/runner/Library/Developer/Xcode/DerivedData/ModuleCache.noindex -serialize-diagnostics -emit-dependencies -emit-module -emit-module-path /Users/runner/Library/Developer/Xcode/DerivedData/UIDriver-ekqcqbpucoqmcgbikewqdmafsmmj/Build/Intermediates.noindex/UIDriver.build/Debug-iphonesimulator/UIDriverUITests.build/Objects-normal/arm64/UIDriverUITests.swiftmodule -validate-clang-modules-once -clang-build-session-file /Users/runner/Library/Developer/Xcode/DerivedData/ModuleCache.noindex/Session.modulevalidation -Xcc -I/Users/runner/Library/Developer/Xcode/DerivedData/UIDriver-ekqcqbpucoqmcgbikewqdmafsmmj/Build/Intermediates.noindex/UIDriver.build/Debug-iphonesimulator/UIDriverUITests.build/swift-overrides.hmap -emit-const-values -Xfrontend -const-gather-protocols-file -Xfrontend /Users/runner/Library/Developer/Xcode/DerivedData/UIDriver-ekqcqbpucoqmcgbikewqdmafsmmj/Build/Intermediates.noindex/UIDriver.build/Debug-iphonesimulator/UIDriverUITests.build/Objects-normal/arm64/UIDriverUITests_const_extract_protocols.json -Xcc -iquote -Xcc /Users/runner/Library/Developer/Xcode/DerivedData/UIDriver-ekqcqbpucoqmcgbikewqdmafsmmj/Build/Intermediates.noindex/UIDriver.build/Debug-iphonesimulator/UIDriverUITests.build/UIDriverUITests-generated-files.hmap -Xcc -I/Users/runner/Library/Developer/Xcode/DerivedData/UIDriver-ekqcqbpucoqmcgbikewqdmafsmmj/Build/Intermediates.noindex/UIDriver.build/Debug-iphonesimulator/UIDriverUITests.build/UIDriverUITests-own-target-headers.hmap -Xcc -I/Users/runner/Library/Developer/Xcode/DerivedData/UIDriver-ekqcqbpucoqmcgbikewqdmafsmmj/Build/Intermediates.noindex/UIDriver.build/Debug-iphonesimulator/UIDriverUITests.build/UIDriverUITests-all-target-headers.hmap -Xcc -iquote -Xcc /Users/runner/Library/Developer/Xcode/DerivedData/UIDriver-ekqcqbpucoqmcgbikewqdmafsmmj/Build/Intermediates.noindex/UIDriver.build/Debug-iphonesimulator/UIDriverUITests.build/UIDriverUITests-project-headers.hmap -Xcc -I/Users/runner/Library/Developer/Xcode/DerivedData/UIDriver-ekqcqbpucoqmcgbikewqdmafsmmj/Build/Products/Debug-iphonesimulator/include -Xcc -I/Users/runner/Library/Developer/Xcode/DerivedData/UIDriver-ekqcqbpucoqmcgbikewqdmafsmmj/Build/Intermediates.noindex/UIDriver.build/Debug-iphonesimulator/UIDriverUITests.build/DerivedSources-normal/arm64 -Xcc -I/Users/runner/Library/Developer/Xcode/DerivedData/UIDriver-ekqcqbpucoqmcgbikewqdmafsmmj/Build/Intermediates.noindex/UIDriver.build/Debug-iphonesimulator/UIDriverUITests.build/DerivedSources/arm64 -Xcc -I/Users/runner/Library/Developer/Xcode/DerivedData/UIDriver-ekqcqbpucoqmcgbikewqdmafsmmj/Build/Intermediates.noindex/UIDriver.build/Debug-iphonesimulator/UIDriverUITests.build/DerivedSources -emit-objc-header -emit-objc-header-path /Users/runner/Library/Developer/Xcode/DerivedData/UIDriver-ekqcqbpucoqmcgbikewqdmafsmmj/Build/Intermediates.noindex/UIDriver.build/Debug-iphonesimulator/UIDriverUITests.build/Objects-normal/arm64/UIDriverUITests-Swift.h -working-directory /Users/runner/token-economics/harness/perf/uidriver -experimental-emit-module-separately -disable-cmo

Copy /Users/runner/Library/Developer/Xcode/DerivedData/UIDriver-ekqcqbpucoqmcgbikewqdmafsmmj/Build/Products/Debug-iphonesimulator/UIDriverUITests.swiftmodule/Project/arm64-apple-ios-simulator.swiftsourceinfo /Users/runner/Library/Developer/Xcode/DerivedData/UIDriver-ekqcqbpucoqmcgbikewqdmafsmmj/Build/Intermediates.noindex/UIDriver.build/Debug-iphonesimulator/UIDriverUITests.build/Objects-normal/arm64/UIDriverUITests.swiftsourceinfo (in target 'UIDriverUITests' from project 'UIDriver')
    cd /Users/runner/token-economics/harness/perf/uidriver
    builtin-copy -exclude .DS_Store -exclude CVS -exclude .svn -exclude .git -exclude .hg -strip-unsigned-binaries -strip-deterministic -strip-tool /Applications/Xcode.app/Contents/Developer/Toolchains/XcodeDefault.xctoolchain/usr/bin/strip -resolve-src-symlinks -rename /Users/runner/Library/Developer/Xcode/DerivedData/UIDriver-ekqcqbpucoqmcgbikewqdmafsmmj/Build/Intermediates.noindex/UIDriver.build/Debug-iphonesimulator/UIDriverUITests.build/Objects-normal/arm64/UIDriverUITests.swiftsourceinfo /Users/runner/Library/Developer/Xcode/DerivedData/UIDriver-ekqcqbpucoqmcgbikewqdmafsmmj/Build/Products/Debug-iphonesimulator/UIDriverUITests.swiftmodule/Project/arm64-apple-ios-simulator.swiftsourceinfo

Copy /Users/runner/Library/Developer/Xcode/DerivedData/UIDriver-ekqcqbpucoqmcgbikewqdmafsmmj/Build/Products/Debug-iphonesimulator/UIDriverUITests.swiftmodule/arm64-apple-ios-simulator.abi.json /Users/runner/Library/Developer/Xcode/DerivedData/UIDriver-ekqcqbpucoqmcgbikewqdmafsmmj/Build/Intermediates.noindex/UIDriver.build/Debug-iphonesimulator/UIDriverUITests.build/Objects-normal/arm64/UIDriverUITests.abi.json (in target 'UIDriverUITests' from project 'UIDriver')
    cd /Users/runner/token-economics/harness/perf/uidriver
    builtin-copy -exclude .DS_Store -exclude CVS -exclude .svn -exclude .git -exclude .hg -strip-unsigned-binaries -strip-deterministic -strip-tool /Applications/Xcode.app/Contents/Developer/Toolchains/XcodeDefault.xctoolchain/usr/bin/strip -resolve-src-symlinks -rename /Users/runner/Library/Developer/Xcode/DerivedData/UIDriver-ekqcqbpucoqmcgbikewqdmafsmmj/Build/Intermediates.noindex/UIDriver.build/Debug-iphonesimulator/UIDriverUITests.build/Objects-normal/arm64/UIDriverUITests.abi.json /Users/runner/Library/Developer/Xcode/DerivedData/UIDriver-ekqcqbpucoqmcgbikewqdmafsmmj/Build/Products/Debug-iphonesimulator/UIDriverUITests.swiftmodule/arm64-apple-ios-simulator.abi.json

SwiftDriverJobDiscovery normal arm64 Compiling FeatureLatencyTests.swift (in target 'UIDriverUITests' from project 'UIDriver')

SwiftDriver\ Compilation UIDriverUITests normal arm64 com.apple.xcode.tools.swift.compiler (in target 'UIDriverUITests' from project 'UIDriver')
    cd /Users/runner/token-economics/harness/perf/uidriver
    builtin-Swift-Compilation -- /Applications/Xcode.app/Contents/Developer/Toolchains/XcodeDefault.xctoolchain/usr/bin/swiftc -module-name UIDriverUITests -Onone @/Users/runner/Library/Developer/Xcode/DerivedData/UIDriver-ekqcqbpucoqmcgbikewqdmafsmmj/Build/Intermediates.noindex/UIDriver.build/Debug-iphonesimulator/UIDriverUITests.build/Objects-normal/arm64/UIDriverUITests.SwiftFileList -DDEBUG -module-alias Testing\=_Testing_Unavailable -plugin-path /Applications/Xcode.app/Contents/Developer/Toolchains/XcodeDefault.xctoolchain/usr/lib/swift/host/plugins/testing -enable-bare-slash-regex -enable-experimental-feature DebugDescriptionMacro -sdk /Applications/Xcode.app/Contents/Developer/Platforms/iPhoneSimulator.platform/Developer/SDKs/iPhoneSimulator26.5.sdk -target arm64-apple-ios16.0-simulator -g -module-cache-path /Users/runner/Library/Developer/Xcode/DerivedData/ModuleCache.noindex -Xfrontend -serialize-debugging-options -enable-testing -index-store-path /Users/runner/Library/Developer/Xcode/DerivedData/UIDriver-ekqcqbpucoqmcgbikewqdmafsmmj/Index.noindex/DataStore -swift-version 5 -I /Users/runner/Library/Developer/Xcode/DerivedData/UIDriver-ekqcqbpucoqmcgbikewqdmafsmmj/Build/Products/Debug-iphonesimulator -Isystem /Applications/Xcode.app/Contents/Developer/Platforms/iPhoneSimulator.platform/Developer/usr/lib -F /Users/runner/Library/Developer/Xcode/DerivedData/UIDriver-ekqcqbpucoqmcgbikewqdmafsmmj/Build/Products/Debug-iphonesimulator -F /Applications/Xcode.app/Contents/Developer/Platforms/iPhoneSimulator.platform/Developer/Library/Frameworks -F /Applications/Xcode.app/Contents/Developer/Platforms/iPhoneSimulator.platform/Developer/SDKs/iPhoneSimulator26.5.sdk/Developer/Library/Frameworks -parse-as-library -c -j16 -enable-batch-mode -incremental -Xcc -ivfsstatcache -Xcc /Users/runner/Library/Developer/Xcode/DerivedData/SDKStatCaches.noindex/iphonesimulator26.5-23F73-688ef53f1462e2c8f657fdc38a81448f6cfe768891a92b912361537c460fe42b.sdkstatcache -output-file-map /Users/runner/Library/Developer/Xcode/DerivedData/UIDriver-ekqcqbpucoqmcgbikewqdmafsmmj/Build/Intermediates.noindex/UIDriver.build/Debug-iphonesimulator/UIDriverUITests.build/Objects-normal/arm64/UIDriverUITests-OutputFileMap.json -use-frontend-parseable-output -save-temps -no-color-diagnostics -explicit-module-build -module-cache-path /Users/runner/Library/Developer/Xcode/DerivedData/UIDriver-ekqcqbpucoqmcgbikewqdmafsmmj/Build/Intermediates.noindex/SwiftExplicitPrecompiledModules -clang-scanner-module-cache-path /Users/runner/Library/Developer/Xcode/DerivedData/ModuleCache.noindex -sdk-module-cache-path /Users/runner/Library/Developer/Xcode/DerivedData/ModuleCache.noindex -serialize-diagnostics -emit-dependencies -emit-module -emit-module-path /Users/runner/Library/Developer/Xcode/DerivedData/UIDriver-ekqcqbpucoqmcgbikewqdmafsmmj/Build/Intermediates.noindex/UIDriver.build/Debug-iphonesimulator/UIDriverUITests.build/Objects-normal/arm64/UIDriverUITests.swiftmodule -validate-clang-modules-once -clang-build-session-file /Users/runner/Library/Developer/Xcode/DerivedData/ModuleCache.noindex/Session.modulevalidation -Xcc -I/Users/runner/Library/Developer/Xcode/DerivedData/UIDriver-ekqcqbpucoqmcgbikewqdmafsmmj/Build/Intermediates.noindex/UIDriver.build/Debug-iphonesimulator/UIDriverUITests.build/swift-overrides.hmap -emit-const-values -Xfrontend -const-gather-protocols-file -Xfrontend /Users/runner/Library/Developer/Xcode/DerivedData/UIDriver-ekqcqbpucoqmcgbikewqdmafsmmj/Build/Intermediates.noindex/UIDriver.build/Debug-iphonesimulator/UIDriverUITests.build/Objects-normal/arm64/UIDriverUITests_const_extract_protocols.json -Xcc -iquote -Xcc /Users/runner/Library/Developer/Xcode/DerivedData/UIDriver-ekqcqbpucoqmcgbikewqdmafsmmj/Build/Intermediates.noindex/UIDriver.build/Debug-iphonesimulator/UIDriverUITests.build/UIDriverUITests-generated-files.hmap -Xcc -I/Users/runner/Library/Developer/Xcode/DerivedData/UIDriver-ekqcqbpucoqmcgbikewqdmafsmmj/Build/Intermediates.noindex/UIDriver.build/Debug-iphonesimulator/UIDriverUITests.build/UIDriverUITests-own-target-headers.hmap -Xcc -I/Users/runner/Library/Developer/Xcode/DerivedData/UIDriver-ekqcqbpucoqmcgbikewqdmafsmmj/Build/Intermediates.noindex/UIDriver.build/Debug-iphonesimulator/UIDriverUITests.build/UIDriverUITests-all-target-headers.hmap -Xcc -iquote -Xcc /Users/runner/Library/Developer/Xcode/DerivedData/UIDriver-ekqcqbpucoqmcgbikewqdmafsmmj/Build/Intermediates.noindex/UIDriver.build/Debug-iphonesimulator/UIDriverUITests.build/UIDriverUITests-project-headers.hmap -Xcc -I/Users/runner/Library/Developer/Xcode/DerivedData/UIDriver-ekqcqbpucoqmcgbikewqdmafsmmj/Build/Products/Debug-iphonesimulator/include -Xcc -I/Users/runner/Library/Developer/Xcode/DerivedData/UIDriver-ekqcqbpucoqmcgbikewqdmafsmmj/Build/Intermediates.noindex/UIDriver.build/Debug-iphonesimulator/UIDriverUITests.build/DerivedSources-normal/arm64 -Xcc -I/Users/runner/Library/Developer/Xcode/DerivedData/UIDriver-ekqcqbpucoqmcgbikewqdmafsmmj/Build/Intermediates.noindex/UIDriver.build/Debug-iphonesimulator/UIDriverUITests.build/DerivedSources/arm64 -Xcc -I/Users/runner/Library/Developer/Xcode/DerivedData/UIDriver-ekqcqbpucoqmcgbikewqdmafsmmj/Build/Intermediates.noindex/UIDriver.build/Debug-iphonesimulator/UIDriverUITests.build/DerivedSources -emit-objc-header -emit-objc-header-path /Users/runner/Library/Developer/Xcode/DerivedData/UIDriver-ekqcqbpucoqmcgbikewqdmafsmmj/Build/Intermediates.noindex/UIDriver.build/Debug-iphonesimulator/UIDriverUITests.build/Objects-normal/arm64/UIDriverUITests-Swift.h -working-directory /Users/runner/token-economics/harness/perf/uidriver -experimental-emit-module-separately -disable-cmo

Ld /Users/runner/Library/Developer/Xcode/DerivedData/UIDriver-ekqcqbpucoqmcgbikewqdmafsmmj/Build/Products/Debug-iphonesimulator/UIDriverUITests-Runner.app/PlugIns/UIDriverUITests.xctest/UIDriverUITests normal (in target 'UIDriverUITests' from project 'UIDriver')
    cd /Users/runner/token-economics/harness/perf/uidriver
    /Applications/Xcode.app/Contents/Developer/Toolchains/XcodeDefault.xctoolchain/usr/bin/clang -Xlinker -reproducible -target arm64-apple-ios16.0-simulator -bundle -isysroot /Applications/Xcode.app/Contents/Developer/Platforms/iPhoneSimulator.platform/Developer/SDKs/iPhoneSimulator26.5.sdk -Os -L/Users/runner/Library/Developer/Xcode/DerivedData/UIDriver-ekqcqbpucoqmcgbikewqdmafsmmj/Build/Intermediates.noindex/EagerLinkingTBDs/Debug-iphonesimulator -L/Users/runner/Library/Developer/Xcode/DerivedData/UIDriver-ekqcqbpucoqmcgbikewqdmafsmmj/Build/Products/Debug-iphonesimulator -L/Applications/Xcode.app/Contents/Developer/Platforms/iPhoneSimulator.platform/Developer/usr/lib -F/Users/runner/Library/Developer/Xcode/DerivedData/UIDriver-ekqcqbpucoqmcgbikewqdmafsmmj/Build/Intermediates.noindex/EagerLinkingTBDs/Debug-iphonesimulator -F/Users/runner/Library/Developer/Xcode/DerivedData/UIDriver-ekqcqbpucoqmcgbikewqdmafsmmj/Build/Products/Debug-iphonesimulator -iframework /Applications/Xcode.app/Contents/Developer/Platforms/iPhoneSimulator.platform/Developer/Library/Frameworks -iframework /Applications/Xcode.app/Contents/Developer/Platforms/iPhoneSimulator.platform/Developer/SDKs/iPhoneSimulator26.5.sdk/Developer/Library/Frameworks -filelist /Users/runner/Library/Developer/Xcode/DerivedData/UIDriver-ekqcqbpucoqmcgbikewqdmafsmmj/Build/Intermediates.noindex/UIDriver.build/Debug-iphonesimulator/UIDriverUITests.build/Objects-normal/arm64/UIDriverUITests.LinkFileList -Xlinker -rpath -Xlinker /usr/lib/swift -Xlinker -rpath -Xlinker @loader_path/Frameworks -Xlinker -dead_strip -Xlinker -object_path_lto -Xlinker /Users/runner/Library/Developer/Xcode/DerivedData/UIDriver-ekqcqbpucoqmcgbikewqdmafsmmj/Build/Intermediates.noindex/UIDriver.build/Debug-iphonesimulator/UIDriverUITests.build/Objects-normal/arm64/UIDriverUITests_lto.o -rdynamic -Xlinker -objc_abi_version -Xlinker 2 -Xlinker -dependency_info -Xlinker /Users/runner/Library/Developer/Xcode/DerivedData/UIDriver-ekqcqbpucoqmcgbikewqdmafsmmj/Build/Intermediates.noindex/UIDriver.build/Debug-iphonesimulator/UIDriverUITests.build/Objects-normal/arm64/UIDriverUITests_dependency_info.dat -fobjc-link-runtime -L/Applications/Xcode.app/Contents/Developer/Toolchains/XcodeDefault.xctoolchain/usr/lib/swift/iphonesimulator -L/usr/lib/swift -Xlinker -add_ast_path -Xlinker /Users/runner/Library/Developer/Xcode/DerivedData/UIDriver-ekqcqbpucoqmcgbikewqdmafsmmj/Build/Intermediates.noindex/UIDriver.build/Debug-iphonesimulator/UIDriverUITests.build/Objects-normal/arm64/UIDriverUITests.swiftmodule @/Users/runner/Library/Developer/Xcode/DerivedData/UIDriver-ekqcqbpucoqmcgbikewqdmafsmmj/Build/Intermediates.noindex/UIDriver.build/Debug-iphonesimulator/UIDriverUITests.build/Objects-normal/arm64/UIDriverUITests-linker-args.resp -Xlinker -needed_framework -Xlinker XCTest -framework XCTest -Xlinker -needed-lXCTestSwiftSupport -lXCTestSwiftSupport -o /Users/runner/Library/Developer/Xcode/DerivedData/UIDriver-ekqcqbpucoqmcgbikewqdmafsmmj/Build/Products/Debug-iphonesimulator/UIDriverUITests-Runner.app/PlugIns/UIDriverUITests.xctest/UIDriverUITests

CopySwiftLibs /Users/runner/Library/Developer/Xcode/DerivedData/UIDriver-ekqcqbpucoqmcgbikewqdmafsmmj/Build/Products/Debug-iphonesimulator/UIDriverUITests-Runner.app/PlugIns/UIDriverUITests.xctest (in target 'UIDriverUITests' from project 'UIDriver')
    cd /Users/runner/token-economics/harness/perf/uidriver
    builtin-swiftStdLibTool --copy --verbose --scan-executable /Users/runner/Library/Developer/Xcode/DerivedData/UIDriver-ekqcqbpucoqmcgbikewqdmafsmmj/Build/Products/Debug-iphonesimulator/UIDriverUITests-Runner.app/PlugIns/UIDriverUITests.xctest/UIDriverUITests --scan-folder /Users/runner/Library/Developer/Xcode/DerivedData/UIDriver-ekqcqbpucoqmcgbikewqdmafsmmj/Build/Products/Debug-iphonesimulator/UIDriverUITests-Runner.app/PlugIns/UIDriverUITests.xctest/Frameworks --scan-folder /Users/runner/Library/Developer/Xcode/DerivedData/UIDriver-ekqcqbpucoqmcgbikewqdmafsmmj/Build/Products/Debug-iphonesimulator/UIDriverUITests-Runner.app/PlugIns/UIDriverUITests.xctest/PlugIns --scan-folder /Users/runner/Library/Developer/Xcode/DerivedData/UIDriver-ekqcqbpucoqmcgbikewqdmafsmmj/Build/Products/Debug-iphonesimulator/UIDriverUITests-Runner.app/PlugIns/UIDriverUITests.xctest/SystemExtensions --scan-folder /Users/runner/Library/Developer/Xcode/DerivedData/UIDriver-ekqcqbpucoqmcgbikewqdmafsmmj/Build/Products/Debug-iphonesimulator/UIDriverUITests-Runner.app/PlugIns/UIDriverUITests.xctest/Extensions --platform iphonesimulator --toolchain /var/run/com.apple.security.cryptexd/mnt/com.apple.MobileAsset.MetalToolchain-v17.6.42.0.xRBJyY/Metal.xctoolchain --toolchain /Applications/Xcode.app/Contents/Developer/Toolchains/XcodeDefault.xctoolchain --destination /Users/runner/Library/Developer/Xcode/DerivedData/UIDriver-ekqcqbpucoqmcgbikewqdmafsmmj/Build/Products/Debug-iphonesimulator/UIDriverUITests-Runner.app/PlugIns/UIDriverUITests.xctest/Frameworks --strip-bitcode --scan-executable /Applications/Xcode.app/Contents/Developer/Platforms/iPhoneSimulator.platform/Developer/usr/lib/libXCTestSwiftSupport.dylib --strip-bitcode-tool /Applications/Xcode.app/Contents/Developer/Toolchains/XcodeDefault.xctoolchain/usr/bin/bitcode_strip --emit-dependency-info /Users/runner/Library/Developer/Xcode/DerivedData/UIDriver-ekqcqbpucoqmcgbikewqdmafsmmj/Build/Intermediates.noindex/UIDriver.build/Debug-iphonesimulator/UIDriverUITests.build/SwiftStdLibToolInputDependencies.dep --filter-for-swift-os
Ignoring --strip-bitcode because --sign was not passed

ExtractAppIntentsMetadata (in target 'UIDriverUITests' from project 'UIDriver')
    cd /Users/runner/token-economics/harness/perf/uidriver
    /Applications/Xcode.app/Contents/Developer/Toolchains/XcodeDefault.xctoolchain/usr/bin/appintentsmetadataprocessor --toolchain-dir /var/run/com.apple.security.cryptexd/mnt/com.apple.MobileAsset.MetalToolchain-v17.6.42.0.xRBJyY/Metal.xctoolchain --module-name UIDriverUITests --sdk-root /Applications/Xcode.app/Contents/Developer/Platforms/iPhoneSimulator.platform/Developer/SDKs/iPhoneSimulator26.5.sdk --xcode-version 17F42 --platform-family iOS --deployment-target 16.0 --bundle-identifier io.nstudio.uidriver.uitests --output /Users/runner/Library/Developer/Xcode/DerivedData/UIDriver-ekqcqbpucoqmcgbikewqdmafsmmj/Build/Products/Debug-iphonesimulator/UIDriverUITests-Runner.app/PlugIns/UIDriverUITests.xctest --target-triple arm64-apple-ios16.0-simulator --binary-file /Users/runner/Library/Developer/Xcode/DerivedData/UIDriver-ekqcqbpucoqmcgbikewqdmafsmmj/Build/Products/Debug-iphonesimulator/UIDriverUITests-Runner.app/PlugIns/UIDriverUITests.xctest/UIDriverUITests --dependency-file /Users/runner/Library/Developer/Xcode/DerivedData/UIDriver-ekqcqbpucoqmcgbikewqdmafsmmj/Build/Intermediates.noindex/UIDriver.build/Debug-iphonesimulator/UIDriverUITests.build/Objects-normal/arm64/UIDriverUITests_dependency_info.dat --stringsdata-file /Users/runner/Library/Developer/Xcode/DerivedData/UIDriver-ekqcqbpucoqmcgbikewqdmafsmmj/Build/Intermediates.noindex/UIDriver.build/Debug-iphonesimulator/UIDriverUITests.build/Objects-normal/arm64/ExtractedAppShortcutsMetadata.stringsdata --source-file-list /Users/runner/Library/Developer/Xcode/DerivedData/UIDriver-ekqcqbpucoqmcgbikewqdmafsmmj/Build/Intermediates.noindex/UIDriver.build/Debug-iphonesimulator/UIDriverUITests.build/Objects-normal/arm64/UIDriverUITests.SwiftFileList --metadata-file-list /Users/runner/Library/Developer/Xcode/DerivedData/UIDriver-ekqcqbpucoqmcgbikewqdmafsmmj/Build/Intermediates.noindex/UIDriver.build/Debug-iphonesimulator/UIDriverUITests.build/UIDriverUITests.DependencyMetadataFileList --static-metadata-file-list /Users/runner/Library/Developer/Xcode/DerivedData/UIDriver-ekqcqbpucoqmcgbikewqdmafsmmj/Build/Intermediates.noindex/UIDriver.build/Debug-iphonesimulator/UIDriverUITests.build/UIDriverUITests.DependencyStaticMetadataFileList --swift-const-vals-list /Users/runner/Library/Developer/Xcode/DerivedData/UIDriver-ekqcqbpucoqmcgbikewqdmafsmmj/Build/Intermediates.noindex/UIDriver.build/Debug-iphonesimulator/UIDriverUITests.build/Objects-normal/arm64/UIDriverUITests.SwiftConstValuesFileList --compile-time-extraction --deployment-aware-processing --validate-assistant-intents --no-app-shortcuts-localization
2026-07-25 19:48:42.427 appintentsmetadataprocessor[56793:16995154] Starting appintentsmetadataprocessor export
2026-07-25 19:48:42.428 appintentsmetadataprocessor[56793:16995154] warning: Metadata extraction skipped. No AppIntents.framework dependency found.

GenerateDSYMFile /Users/runner/Library/Developer/Xcode/DerivedData/UIDriver-ekqcqbpucoqmcgbikewqdmafsmmj/Build/Products/Debug-iphonesimulator/UIDriverUITests-Runner.app/PlugIns/UIDriverUITests.xctest.dSYM /Users/runner/Library/Developer/Xcode/DerivedData/UIDriver-ekqcqbpucoqmcgbikewqdmafsmmj/Build/Products/Debug-iphonesimulator/UIDriverUITests-Runner.app/PlugIns/UIDriverUITests.xctest/UIDriverUITests (in target 'UIDriverUITests' from project 'UIDriver')
    cd /Users/runner/token-economics/harness/perf/uidriver
    /Applications/Xcode.app/Contents/Developer/Toolchains/XcodeDefault.xctoolchain/usr/bin/dsymutil /Users/runner/Library/Developer/Xcode/DerivedData/UIDriver-ekqcqbpucoqmcgbikewqdmafsmmj/Build/Products/Debug-iphonesimulator/UIDriverUITests-Runner.app/PlugIns/UIDriverUITests.xctest/UIDriverUITests -o /Users/runner/Library/Developer/Xcode/DerivedData/UIDriver-ekqcqbpucoqmcgbikewqdmafsmmj/Build/Products/Debug-iphonesimulator/UIDriverUITests-Runner.app/PlugIns/UIDriverUITests.xctest.dSYM

2026-07-25 19:48:43.440754-0700 UIDriverUITests-Runner[56795:16995205] [Default] Running tests...
    t =      nans Interface orientation changed to Portrait
Test Suite 'All tests' started at 2026-07-25 19:48:44.004.
Test Suite 'UIDriverUITests.xctest' started at 2026-07-25 19:48:44.005.
Test Suite 'FeatureLatencyTests' started at 2026-07-25 19:48:44.005.
Test Case '-[UIDriverUITests.FeatureLatencyTests testFeatureLatencies]' started.
    t =     0.00s Start Test at 2026-07-25 19:48:44.005
    t =     0.02s Set Up
STEP[0s]: iter 0: launch org.nativescript.nsbenchmark
    t =     0.02s Open org.nativescript.nsbenchmark
    t =     0.02s     Launch org.nativescript.nsbenchmark
    t =     0.12s         Setting up automation session
objc[56795]: Class UIAccessibilityLoaderWebShared is implemented in both /Library/Developer/CoreSimulator/Volumes/iOS_23F77/Library/Developer/CoreSimulator/Profiles/Runtimes/iOS 26.5.simruntime/Contents/Resources/RuntimeRoot/System/Library/AccessibilityBundles/WebCore.axbundle/WebCore (0x108d98310) and /Library/Developer/CoreSimulator/Volumes/iOS_23F77/Library/Developer/CoreSimulator/Profiles/Runtimes/iOS 26.5.simruntime/Contents/Resources/RuntimeRoot/System/Library/AccessibilityBundles/WebKit.axbundle/WebKit (0x1052d0398). This may cause spurious casting failures and mysterious crashes. One of the duplicates must be removed or renamed.
    t =     0.91s         Wait for org.nativescript.nsbenchmark to idle
    t =     2.08s Checking existence of `"Health" Button`
    t =     2.11s Waiting 20.0s for "Health" Button to exist
    t =     3.16s     Checking `Expect predicate `existsNoRetry == 1` for object "Health" Button`
    t =     3.16s         Checking existence of `"Health" Button`
STEP[3s]: iter 0: nav Health
    t =     3.18s Checking existence of `"Health" Button`
    t =     3.19s Tap "Health" Button
    t =     3.19s     Wait for org.nativescript.nsbenchmark to idle
    t =     3.19s     Find the "Health" Button
    t =     3.19s     Check for interrupting elements affecting "Health" Button
    t =     3.20s     Synthesize event
    t =     3.49s     Wait for org.nativescript.nsbenchmark to idle
    t =     4.29s Waiting 10.0s for Any (First Match) to exist
    t =     5.36s     Checking `Expect predicate `existsNoRetry == 1` for object Any (First Match)`
    t =     5.36s         Checking existence of `Any (First Match)`
    t =     5.38s Checking existence of `Any (First Match)`
    t =     5.39s Find the Any (First Match)
STEP[5s]: iter 0: HK authorize
    t =     5.40s Checking existence of `"Request Access" Button`
    t =     5.41s Checking existence of `"Request Access" Button`
    t =     5.42s Find the "Request Access" Button
    t =     5.44s Tap "Request Access" Button
    t =     5.44s     Wait for org.nativescript.nsbenchmark to idle
    t =     5.44s     Find the "Request Access" Button
    t =     5.45s     Check for interrupting elements affecting "Request Access" Button
    t =     5.46s     Synthesize event
    t =     5.75s     Wait for org.nativescript.nsbenchmark to idle
    t =     6.58s Waiting 3.0s for Any (First Match) to exist
    t =     7.65s     Checking `Expect predicate `existsNoRetry == 1` for object Any (First Match)`
    t =     7.65s         Checking existence of `Any (First Match)`
    t =     7.71s Find the Any (First Match)
STEP[7s]: health sheet(app): tap 'Turn On All'
    t =     7.74s Tap "Turn On All" StaticText
    t =     7.74s     Wait for org.nativescript.nsbenchmark to idle
    t =     7.74s     Find the "Turn On All" StaticText
    t =     7.77s     Check for interrupting elements affecting "Turn On All" StaticText
    t =     7.81s     Synthesize event
    t =     8.10s     Wait for org.nativescript.nsbenchmark to idle
    t =     8.11s Waiting 2.0s for "Allow" Button to exist
    t =     9.18s     Checking `Expect predicate `existsNoRetry == 1` for object "Allow" Button`
    t =     9.19s         Checking existence of `"Allow" Button`
    t =     9.23s Find the "Allow" Button
STEP[9s]: health sheet(app): confirm 'Allow'
    t =     9.26s Tap "UIA.Health.Allow.Button" Button
    t =     9.26s     Wait for org.nativescript.nsbenchmark to idle
    t =     9.27s     Find the "UIA.Health.Allow.Button" Button
    t =     9.29s     Check for interrupting elements affecting "UIA.Health.Allow.Button" Button
    t =     9.31s     Synthesize event
    t =     9.60s     Wait for org.nativescript.nsbenchmark to idle
    t =     9.61s Waiting 15.0s for Any (First Match) to exist
    t =    10.68s     Checking `Expect predicate `existsNoRetry == 1` for object Any (First Match)`
    t =    10.68s         Checking existence of `Any (First Match)`
    t =    10.70s Checking existence of `"Health access: not requested" StaticText`
    t =    10.71s Find the "Health access: not requested" StaticText
    t =    10.71s Waiting 15.0s for Any (First Match) to exist
    t =    11.77s     Checking `Expect predicate `existsNoRetry == 1` for object Any (First Match)`
    t =    11.77s         Checking existence of `Any (First Match)`
    t =    11.80s Checking existence of `Any (First Match)`
    t =    11.81s Find the Any (First Match)
    t =    11.82s Checking existence of `"Log 500 Steps" Button`
    t =    11.83s Checking existence of `"Log 500 Steps" Button`
    t =    11.84s Find the "Log 500 Steps" Button
STEP[11s]: iter 0: log 500
    t =    11.85s Tap "Log 500 Steps" Button
    t =    11.85s     Wait for org.nativescript.nsbenchmark to idle
    t =    11.85s     Find the "Log 500 Steps" Button
    t =    11.86s     Check for interrupting elements affecting "Log 500 Steps" Button
    t =    11.88s     Synthesize event
    t =    12.16s     Wait for org.nativescript.nsbenchmark to idle
    t =    12.44s Checking existence of `"Sat Jul 25 — 6,000 steps (today)" StaticText`
    t =    12.45s Find the "Sat Jul 25 — 6,000 steps (today)" StaticText
    t =    12.47s Checking existence of `"Sat Jul 25 — 6,500 steps (today)" StaticText`
STEP[12s]: iter 0: go home
    t =    12.48s Checking existence of `"Transcribe" Button`
    t =    12.49s Checking existence of `"Health" Button`
    t =    12.50s Checking existence of `Any (First Match)`
    t =    12.51s Checking existence of `Button (Element at index 0)`
    t =    12.52s Find the Button (Element at index 0)
STEP[12s]: goHome: tapping candidate 0
    t =    12.54s Tap "BackButton" Button
    t =    12.54s     Wait for org.nativescript.nsbenchmark to idle
    t =    12.54s     Find the "BackButton" Button
    t =    12.55s     Check for interrupting elements affecting "BackButton" Button
    t =    12.56s     Synthesize event
    t =    12.85s     Wait for org.nativescript.nsbenchmark to idle
    t =    13.17s Checking existence of `"Transcribe" Button`
    t =    13.17s Waiting 3.0s for "Transcribe" Button to exist
    t =    14.24s     Checking `Expect predicate `existsNoRetry == 1` for object "Transcribe" Button`
    t =    14.24s         Checking existence of `"Transcribe" Button`
STEP[14s]: iter 0: nav Transcribe
    t =    14.26s Checking existence of `"Transcribe" Button`
    t =    14.27s Tap "Transcribe" Button
    t =    14.27s     Wait for org.nativescript.nsbenchmark to idle
    t =    14.27s     Find the "Transcribe" Button
    t =    14.28s     Check for interrupting elements affecting "Transcribe" Button
    t =    14.29s     Synthesize event
    t =    14.58s     Wait for org.nativescript.nsbenchmark to idle
    t =    15.35s Waiting 10.0s for Any (First Match) to exist
    t =    16.43s     Checking `Expect predicate `existsNoRetry == 1` for object Any (First Match)`
    t =    16.43s         Checking existence of `Any (First Match)`
    t =    16.44s Checking existence of `Any (First Match)`
    t =    16.46s Find the Any (First Match)
STEP[16s]: iter 0: speech authorize
    t =    16.47s Checking existence of `"Request Access" Button`
    t =    16.48s Checking existence of `"Request Access" Button`
    t =    16.49s Find the "Request Access" Button
    t =    16.50s Tap "Request Access" Button
    t =    16.50s     Wait for org.nativescript.nsbenchmark to idle
    t =    16.50s     Find the "Request Access" Button
    t =    16.51s     Check for interrupting elements affecting "Request Access" Button
    t =    16.52s     Synthesize event
    t =    16.81s     Wait for org.nativescript.nsbenchmark to idle
    t =    17.08s Waiting 3.0s for "Allow" Button to exist
    t =    18.15s     Checking `Expect predicate `existsNoRetry == 1` for object "Allow" Button`
    t =    18.16s         Checking existence of `"Allow" Button`
STEP[18s]: system alert: 'Allow'
    t =    18.19s Tap "Allow" Button
    t =    18.19s     Wait for com.apple.springboard to idle
    t =    18.20s     Find the "Allow" Button
    t =    18.22s     Check for interrupting elements affecting "Allow" Button
    t =    18.24s     Synthesize event
    t =    18.54s     Wait for com.apple.springboard to idle
    t =    18.77s Waiting 15.0s for Any (First Match) to exist
    t =    19.84s     Checking `Expect predicate `existsNoRetry == 1` for object Any (First Match)`
    t =    19.84s         Checking existence of `Any (First Match)`
    t =    19.87s Checking existence of `"Speech access: not requested" StaticText`
    t =    19.88s Find the "Speech access: not requested" StaticText
    t =    19.89s Checking existence of `"Transcribe Sample" Button`
    t =    19.90s Checking existence of `"Transcribe Sample" Button`
    t =    19.91s Find the "Transcribe Sample" Button
STEP[19s]: iter 0: transcribe
    t =    19.92s Tap "Transcribe Sample" Button
    t =    19.92s     Wait for org.nativescript.nsbenchmark to idle
    t =    19.92s     Find the "Transcribe Sample" Button
    t =    19.93s     Check for interrupting elements affecting "Transcribe Sample" Button
    t =    19.94s     Synthesize event
    t =    20.23s     Wait for org.nativescript.nsbenchmark to idle
    t =    20.50s Waiting 45.0s for Any (First Match) to exist
    t =    21.56s     Checking `Expect predicate `existsNoRetry == 1` for object Any (First Match)`
    t =    21.56s         Checking existence of `Any (First Match)`
    t =    21.58s         Capturing element debug description
    t =    22.53s     Checking `Expect predicate `existsNoRetry == 1` for object Any (First Match)`
    t =    22.53s         Checking existence of `Any (First Match)`
    t =    22.56s         Capturing element debug description
    t =    23.52s     Checking `Expect predicate `existsNoRetry == 1` for object Any (First Match)`
    t =    23.53s         Checking existence of `Any (First Match)`
    t =    23.54s         Capturing element debug description
    t =    24.59s     Checking `Expect predicate `existsNoRetry == 1` for object Any (First Match)`
    t =    24.59s         Checking existence of `Any (First Match)`
    t =    24.61s         Capturing element debug description
    t =    25.56s     Checking `Expect predicate `existsNoRetry == 1` for object Any (First Match)`
    t =    25.56s         Checking existence of `Any (First Match)`
    t =    25.58s         Capturing element debug description
    t =    26.53s     Checking `Expect predicate `existsNoRetry == 1` for object Any (First Match)`
    t =    26.53s         Checking existence of `Any (First Match)`
    t =    26.55s         Capturing element debug description
    t =    27.51s     Checking `Expect predicate `existsNoRetry == 1` for object Any (First Match)`
    t =    27.51s         Checking existence of `Any (First Match)`
    t =    27.53s         Capturing element debug description
    t =    28.51s     Checking `Expect predicate `existsNoRetry == 1` for object Any (First Match)`
    t =    28.51s         Checking existence of `Any (First Match)`
    t =    28.53s         Capturing element debug description
    t =    29.59s     Checking `Expect predicate `existsNoRetry == 1` for object Any (First Match)`
    t =    29.59s         Checking existence of `Any (First Match)`
    t =    29.61s         Capturing element debug description
    t =    30.54s     Checking `Expect predicate `existsNoRetry == 1` for object Any (First Match)`
    t =    30.54s         Checking existence of `Any (First Match)`
    t =    30.57s         Capturing element debug description
    t =    31.52s     Checking `Expect predicate `existsNoRetry == 1` for object Any (First Match)`
    t =    31.52s         Checking existence of `Any (First Match)`
    t =    31.55s         Capturing element debug description
    t =    32.51s     Checking `Expect predicate `existsNoRetry == 1` for object Any (First Match)`
    t =    32.51s         Checking existence of `Any (First Match)`
    t =    32.53s         Capturing element debug description
    t =    33.59s     Checking `Expect predicate `existsNoRetry == 1` for object Any (First Match)`
    t =    33.59s         Checking existence of `Any (First Match)`
    t =    33.61s         Capturing element debug description
    t =    34.56s     Checking `Expect predicate `existsNoRetry == 1` for object Any (First Match)`
    t =    34.56s         Checking existence of `Any (First Match)`
    t =    34.58s         Capturing element debug description
    t =    35.53s     Checking `Expect predicate `existsNoRetry == 1` for object Any (First Match)`
    t =    35.53s         Checking existence of `Any (First Match)`
    t =    35.55s         Capturing element debug description
    t =    36.59s     Checking `Expect predicate `existsNoRetry == 1` for object Any (First Match)`
    t =    36.59s         Checking existence of `Any (First Match)`
    t =    36.61s         Capturing element debug description
    t =    37.56s     Checking `Expect predicate `existsNoRetry == 1` for object Any (First Match)`
    t =    37.56s         Checking existence of `Any (First Match)`
    t =    37.58s         Capturing element debug description
    t =    38.51s     Checking `Expect predicate `existsNoRetry == 1` for object Any (First Match)`
    t =    38.51s         Checking existence of `Any (First Match)`
    t =    38.53s         Capturing element debug description
    t =    39.50s     Checking `Expect predicate `existsNoRetry == 1` for object Any (First Match)`
    t =    39.50s         Checking existence of `Any (First Match)`
    t =    39.53s         Capturing element debug description
    t =    40.56s     Checking `Expect predicate `existsNoRetry == 1` for object Any (First Match)`
    t =    40.56s         Checking existence of `Any (First Match)`
    t =    40.58s         Capturing element debug description
    t =    41.52s     Checking `Expect predicate `existsNoRetry == 1` for object Any (First Match)`
    t =    41.53s         Checking existence of `Any (First Match)`
    t =    41.55s         Capturing element debug description
    t =    42.50s     Checking `Expect predicate `existsNoRetry == 1` for object Any (First Match)`
    t =    42.51s         Checking existence of `Any (First Match)`
    t =    42.53s         Capturing element debug description
    t =    43.57s     Checking `Expect predicate `existsNoRetry == 1` for object Any (First Match)`
    t =    43.57s         Checking existence of `Any (First Match)`
    t =    43.59s         Capturing element debug description
    t =    44.53s     Checking `Expect predicate `existsNoRetry == 1` for object Any (First Match)`
    t =    44.54s         Checking existence of `Any (First Match)`
    t =    44.56s         Capturing element debug description
    t =    45.59s     Checking `Expect predicate `existsNoRetry == 1` for object Any (First Match)`
    t =    45.59s         Checking existence of `Any (First Match)`
    t =    45.61s         Capturing element debug description
    t =    46.56s     Checking `Expect predicate `existsNoRetry == 1` for object Any (First Match)`
    t =    46.56s         Checking existence of `Any (First Match)`
    t =    46.58s         Capturing element debug description
    t =    47.52s     Checking `Expect predicate `existsNoRetry == 1` for object Any (First Match)`
    t =    47.52s         Checking existence of `Any (First Match)`
    t =    47.55s         Capturing element debug description
    t =    48.51s     Checking `Expect predicate `existsNoRetry == 1` for object Any (First Match)`
    t =    48.51s         Checking existence of `Any (First Match)`
    t =    48.53s         Capturing element debug description
    t =    49.57s     Checking `Expect predicate `existsNoRetry == 1` for object Any (First Match)`
    t =    49.57s         Checking existence of `Any (First Match)`
    t =    49.60s         Capturing element debug description
    t =    50.52s     Checking `Expect predicate `existsNoRetry == 1` for object Any (First Match)`
    t =    50.53s         Checking existence of `Any (First Match)`
    t =    50.55s         Capturing element debug description
    t =    51.51s     Checking `Expect predicate `existsNoRetry == 1` for object Any (First Match)`
    t =    51.51s         Checking existence of `Any (First Match)`
    t =    51.53s         Capturing element debug description
    t =    52.57s     Checking `Expect predicate `existsNoRetry == 1` for object Any (First Match)`
    t =    52.57s         Checking existence of `Any (First Match)`
    t =    52.60s         Capturing element debug description
    t =    53.52s     Checking `Expect predicate `existsNoRetry == 1` for object Any (First Match)`
    t =    53.53s         Checking existence of `Any (First Match)`
    t =    53.55s         Capturing element debug description
    t =    54.57s     Checking `Expect predicate `existsNoRetry == 1` for object Any (First Match)`
    t =    54.57s         Checking existence of `Any (First Match)`
    t =    54.59s         Capturing element debug description
    t =    55.52s     Checking `Expect predicate `existsNoRetry == 1` for object Any (First Match)`
    t =    55.53s         Checking existence of `Any (First Match)`
    t =    55.55s         Capturing element debug description
    t =    56.59s     Checking `Expect predicate `existsNoRetry == 1` for object Any (First Match)`
    t =    56.59s         Checking existence of `Any (First Match)`
    t =    56.61s         Capturing element debug description
    t =    57.56s     Checking `Expect predicate `existsNoRetry == 1` for object Any (First Match)`
    t =    57.56s         Checking existence of `Any (First Match)`
    t =    57.58s         Capturing element debug description
    t =    58.52s     Checking `Expect predicate `existsNoRetry == 1` for object Any (First Match)`
    t =    58.52s         Checking existence of `Any (First Match)`
    t =    58.55s         Capturing element debug description
    t =    59.51s     Checking `Expect predicate `existsNoRetry == 1` for object Any (First Match)`
    t =    59.51s         Checking existence of `Any (First Match)`
    t =    59.53s         Capturing element debug description
    t =    60.59s     Checking `Expect predicate `existsNoRetry == 1` for object Any (First Match)`
    t =    60.60s         Checking existence of `Any (First Match)`
    t =    60.61s         Capturing element debug description
    t =    61.56s     Checking `Expect predicate `existsNoRetry == 1` for object Any (First Match)`
    t =    61.56s         Checking existence of `Any (First Match)`
    t =    61.59s         Capturing element debug description
    t =    62.55s     Checking `Expect predicate `existsNoRetry == 1` for object Any (First Match)`
    t =    62.55s         Checking existence of `Any (First Match)`
    t =    62.57s         Capturing element debug description
    t =    63.53s     Checking `Expect predicate `existsNoRetry == 1` for object Any (First Match)`
    t =    63.53s         Checking existence of `Any (First Match)`
    t =    63.55s         Capturing element debug description
    t =    64.51s     Checking `Expect predicate `existsNoRetry == 1` for object Any (First Match)`
    t =    64.51s         Checking existence of `Any (First Match)`
    t =    64.52s         Capturing element debug description
    t =    65.52s     Checking `Expect predicate `existsNoRetry == 1` for object Any (First Match)`
    t =    65.52s         Checking existence of `Any (First Match)`
    t =    65.54s         Capturing element debug description
    t =    65.54s     Checking existence of `Any (First Match)`
    t =    65.56s Collecting debug information to assist test failure triage
    t =    65.56s     Requesting snapshot of accessibility hierarchy for app with pid 56799
    t =    65.58s Checking existence of `Any (First Match)`
    t =    65.58s Checking existence of `Any (First Match)`
    t =    65.59s Checking existence of `Any (First Match)`
    t =    65.60s Find the Any (First Match)
STEP[65s]: iter 0: done
    t =    65.61s Terminate org.nativescript.nsbenchmark:56799
STEP[66s]: iter 1: launch org.nativescript.nsbenchmark
    t =    66.69s Open org.nativescript.nsbenchmark
    t =    66.69s     Launch org.nativescript.nsbenchmark
    t =    66.79s         Setting up automation session
    t =    67.39s         Wait for org.nativescript.nsbenchmark to idle
    t =    68.56s Checking existence of `"Health" Button`
    t =    68.59s Waiting 20.0s for "Health" Button to exist
    t =    69.65s     Checking `Expect predicate `existsNoRetry == 1` for object "Health" Button`
    t =    69.65s         Checking existence of `"Health" Button`
STEP[69s]: iter 1: nav Health
    t =    69.67s Checking existence of `"Health" Button`
    t =    69.68s Tap "Health" Button
    t =    69.68s     Wait for org.nativescript.nsbenchmark to idle
    t =    69.68s     Find the "Health" Button
    t =    69.69s     Check for interrupting elements affecting "Health" Button
    t =    69.70s     Synthesize event
    t =    69.99s     Wait for org.nativescript.nsbenchmark to idle
    t =    70.79s Waiting 10.0s for Any (First Match) to exist
    t =    71.86s     Checking `Expect predicate `existsNoRetry == 1` for object Any (First Match)`
    t =    71.86s         Checking existence of `Any (First Match)`
    t =    71.89s Checking existence of `Any (First Match)`
    t =    71.90s Find the Any (First Match)
    t =    71.91s Checking existence of `"Health access: granted" StaticText`
    t =    71.92s Find the "Health access: granted" StaticText
    t =    71.93s Waiting 15.0s for Any (First Match) to exist
    t =    72.98s     Checking `Expect predicate `existsNoRetry == 1` for object Any (First Match)`
    t =    72.98s         Checking existence of `Any (First Match)`
    t =    73.00s Checking existence of `Any (First Match)`
    t =    73.01s Find the Any (First Match)
    t =    73.02s Checking existence of `"Log 500 Steps" Button`
    t =    73.03s Checking existence of `"Log 500 Steps" Button`
    t =    73.04s Find the "Log 500 Steps" Button
STEP[73s]: iter 1: log 500
    t =    73.06s Tap "Log 500 Steps" Button
    t =    73.06s     Wait for org.nativescript.nsbenchmark to idle
    t =    73.06s     Find the "Log 500 Steps" Button
    t =    73.07s     Check for interrupting elements affecting "Log 500 Steps" Button
    t =    73.08s     Synthesize event
    t =    73.37s     Wait for org.nativescript.nsbenchmark to idle
    t =    73.66s Checking existence of `"Sat Jul 25 — 6,500 steps (today)" StaticText`
    t =    73.68s Find the "Sat Jul 25 — 6,500 steps (today)" StaticText
    t =    73.70s Checking existence of `"Sat Jul 25 — 7,000 steps (today)" StaticText`
STEP[73s]: iter 1: go home
    t =    73.71s Checking existence of `"Transcribe" Button`
    t =    73.72s Checking existence of `"Health" Button`
    t =    73.73s Checking existence of `Any (First Match)`
    t =    73.74s Checking existence of `Button (Element at index 0)`
    t =    73.75s Find the Button (Element at index 0)
STEP[73s]: goHome: tapping candidate 0
    t =    73.76s Tap "BackButton" Button
    t =    73.76s     Wait for org.nativescript.nsbenchmark to idle
    t =    73.77s     Find the "BackButton" Button
    t =    73.78s     Check for interrupting elements affecting "BackButton" Button
    t =    73.79s     Synthesize event
    t =    74.09s     Wait for org.nativescript.nsbenchmark to idle
    t =    74.38s Checking existence of `"Transcribe" Button`
    t =    74.39s Waiting 3.0s for "Transcribe" Button to exist
    t =    75.45s     Checking `Expect predicate `existsNoRetry == 1` for object "Transcribe" Button`
    t =    75.45s         Checking existence of `"Transcribe" Button`
STEP[75s]: iter 1: nav Transcribe
    t =    75.47s Checking existence of `"Transcribe" Button`
    t =    75.48s Tap "Transcribe" Button
    t =    75.48s     Wait for org.nativescript.nsbenchmark to idle
    t =    75.48s     Find the "Transcribe" Button
    t =    75.49s     Check for interrupting elements affecting "Transcribe" Button
    t =    75.50s     Synthesize event
    t =    75.80s     Wait for org.nativescript.nsbenchmark to idle
    t =    76.57s Waiting 10.0s for Any (First Match) to exist
    t =    77.61s     Checking `Expect predicate `existsNoRetry == 1` for object Any (First Match)`
    t =    77.61s         Checking existence of `Any (First Match)`
    t =    77.63s Checking existence of `Any (First Match)`
    t =    77.65s Find the Any (First Match)
    t =    77.66s Checking existence of `"Speech access: granted" StaticText`
    t =    77.67s Find the "Speech access: granted" StaticText
    t =    77.67s Checking existence of `"Transcribe Sample" Button`
    t =    77.68s Checking existence of `"Transcribe Sample" Button`
    t =    77.69s Find the "Transcribe Sample" Button
STEP[77s]: iter 1: transcribe
    t =    77.71s Tap "Transcribe Sample" Button
    t =    77.71s     Wait for org.nativescript.nsbenchmark to idle
    t =    77.71s     Find the "Transcribe Sample" Button
    t =    77.72s     Check for interrupting elements affecting "Transcribe Sample" Button
    t =    77.73s     Synthesize event
    t =    78.02s     Wait for org.nativescript.nsbenchmark to idle
    t =    78.31s Waiting 45.0s for Any (First Match) to exist
    t =    79.37s     Checking `Expect predicate `existsNoRetry == 1` for object Any (First Match)`
    t =    79.37s         Checking existence of `Any (First Match)`
    t =    79.40s         Capturing element debug description
    t =    80.36s     Checking `Expect predicate `existsNoRetry == 1` for object Any (First Match)`
    t =    80.36s         Checking existence of `Any (First Match)`
    t =    80.39s         Capturing element debug description
    t =    81.33s     Checking `Expect predicate `existsNoRetry == 1` for object Any (First Match)`
    t =    81.33s         Checking existence of `Any (First Match)`
    t =    81.35s         Capturing element debug description
    t =    82.32s     Checking `Expect predicate `existsNoRetry == 1` for object Any (First Match)`
    t =    82.32s         Checking existence of `Any (First Match)`
    t =    82.34s         Capturing element debug description
    t =    83.32s     Checking `Expect predicate `existsNoRetry == 1` for object Any (First Match)`
    t =    83.32s         Checking existence of `Any (First Match)`
    t =    83.34s         Capturing element debug description
    t =    84.41s     Checking `Expect predicate `existsNoRetry == 1` for object Any (First Match)`
    t =    84.41s         Checking existence of `Any (First Match)`
    t =    84.43s         Capturing element debug description
    t =    85.38s     Checking `Expect predicate `existsNoRetry == 1` for object Any (First Match)`
    t =    85.38s         Checking existence of `Any (First Match)`
    t =    85.40s         Capturing element debug description
    t =    86.37s     Checking `Expect predicate `existsNoRetry == 1` for object Any (First Match)`
    t =    86.37s         Checking existence of `Any (First Match)`
    t =    86.39s         Capturing element debug description
    t =    87.34s     Checking `Expect predicate `existsNoRetry == 1` for object Any (First Match)`
    t =    87.34s         Checking existence of `Any (First Match)`
    t =    87.37s         Capturing element debug description
    t =    88.32s     Checking `Expect predicate `existsNoRetry == 1` for object Any (First Match)`
    t =    88.33s         Checking existence of `Any (First Match)`
    t =    88.35s         Capturing element debug description
    t =    89.32s     Checking `Expect predicate `existsNoRetry == 1` for object Any (First Match)`
    t =    89.32s         Checking existence of `Any (First Match)`
    t =    89.35s         Capturing element debug description
    t =    90.32s     Checking `Expect predicate `existsNoRetry == 1` for object Any (First Match)`
    t =    90.32s         Checking existence of `Any (First Match)`
    t =    90.34s         Capturing element debug description
    t =    91.32s     Checking `Expect predicate `existsNoRetry == 1` for object Any (First Match)`
    t =    91.32s         Checking existence of `Any (First Match)`
    t =    91.35s         Capturing element debug description
    t =    92.32s     Checking `Expect predicate `existsNoRetry == 1` for object Any (First Match)`
    t =    92.32s         Checking existence of `Any (First Match)`
    t =    92.35s         Capturing element debug description
    t =    93.32s     Checking `Expect predicate `existsNoRetry == 1` for object Any (First Match)`
    t =    93.32s         Checking existence of `Any (First Match)`
    t =    93.34s         Capturing element debug description
    t =    94.31s     Checking `Expect predicate `existsNoRetry == 1` for object Any (First Match)`
    t =    94.31s         Checking existence of `Any (First Match)`
    t =    94.34s         Capturing element debug description
    t =    95.31s     Checking `Expect predicate `existsNoRetry == 1` for object Any (First Match)`
    t =    95.31s         Checking existence of `Any (First Match)`
    t =    95.32s         Capturing element debug description
    t =    96.40s     Checking `Expect predicate `existsNoRetry == 1` for object Any (First Match)`
    t =    96.40s         Checking existence of `Any (First Match)`
    t =    96.43s         Capturing element debug description
    t =    97.39s     Checking `Expect predicate `existsNoRetry == 1` for object Any (First Match)`
    t =    97.39s         Checking existence of `Any (First Match)`
    t =    97.42s         Capturing element debug description
    t =    98.38s     Checking `Expect predicate `existsNoRetry == 1` for object Any (First Match)`
    t =    98.38s         Checking existence of `Any (First Match)`
    t =    98.40s         Capturing element debug description
    t =    99.37s     Checking `Expect predicate `existsNoRetry == 1` for object Any (First Match)`
    t =    99.37s         Checking existence of `Any (First Match)`
    t =    99.39s         Capturing element debug description
    t =   100.35s     Checking `Expect predicate `existsNoRetry == 1` for object Any (First Match)`
    t =   100.35s         Checking existence of `Any (First Match)`
    t =   100.38s         Capturing element debug description
    t =   101.35s     Checking `Expect predicate `existsNoRetry == 1` for object Any (First Match)`
    t =   101.35s         Checking existence of `Any (First Match)`
    t =   101.37s         Capturing element debug description
    t =   102.33s     Checking `Expect predicate `existsNoRetry == 1` for object Any (First Match)`
    t =   102.33s         Checking existence of `Any (First Match)`
    t =   102.36s         Capturing element debug description
    t =   103.33s     Checking `Expect predicate `existsNoRetry == 1` for object Any (First Match)`
    t =   103.33s         Checking existence of `Any (First Match)`
    t =   103.35s         Capturing element debug description
    t =   104.38s     Checking `Expect predicate `existsNoRetry == 1` for object Any (First Match)`
    t =   104.38s         Checking existence of `Any (First Match)`
    t =   104.40s         Capturing element debug description
    t =   105.36s     Checking `Expect predicate `existsNoRetry == 1` for object Any (First Match)`
    t =   105.36s         Checking existence of `Any (First Match)`
    t =   105.37s         Capturing element debug description
    t =   106.32s     Checking `Expect predicate `existsNoRetry == 1` for object Any (First Match)`
    t =   106.32s         Checking existence of `Any (First Match)`
    t =   106.35s         Capturing element debug description
    t =   107.32s     Checking `Expect predicate `existsNoRetry == 1` for object Any (First Match)`
    t =   107.32s         Checking existence of `Any (First Match)`
    t =   107.35s         Capturing element debug description
    t =   108.39s     Checking `Expect predicate `existsNoRetry == 1` for object Any (First Match)`
    t =   108.39s         Checking existence of `Any (First Match)`
    t =   108.41s         Capturing element debug description
    t =   109.38s     Checking `Expect predicate `existsNoRetry == 1` for object Any (First Match)`
    t =   109.38s         Checking existence of `Any (First Match)`
    t =   109.41s         Capturing element debug description
    t =   110.37s     Checking `Expect predicate `existsNoRetry == 1` for object Any (First Match)`
    t =   110.37s         Checking existence of `Any (First Match)`
    t =   110.40s         Capturing element debug description
    t =   111.37s     Checking `Expect predicate `existsNoRetry == 1` for object Any (First Match)`
    t =   111.37s         Checking existence of `Any (First Match)`
    t =   111.40s         Capturing element debug description
    t =   112.36s     Checking `Expect predicate `existsNoRetry == 1` for object Any (First Match)`
    t =   112.36s         Checking existence of `Any (First Match)`
    t =   112.38s         Capturing element debug description
    t =   113.35s     Checking `Expect predicate `existsNoRetry == 1` for object Any (First Match)`
    t =   113.35s         Checking existence of `Any (First Match)`
    t =   113.38s         Capturing element debug description
    t =   114.34s     Checking `Expect predicate `existsNoRetry == 1` for object Any (First Match)`
    t =   114.34s         Checking existence of `Any (First Match)`
    t =   114.37s         Capturing element debug description
    t =   115.33s     Checking `Expect predicate `existsNoRetry == 1` for object Any (First Match)`
    t =   115.34s         Checking existence of `Any (First Match)`
    t =   115.36s         Capturing element debug description
    t =   116.33s     Checking `Expect predicate `existsNoRetry == 1` for object Any (First Match)`
    t =   116.33s         Checking existence of `Any (First Match)`
    t =   116.35s         Capturing element debug description
    t =   117.32s     Checking `Expect predicate `existsNoRetry == 1` for object Any (First Match)`
    t =   117.32s         Checking existence of `Any (First Match)`
    t =   117.35s         Capturing element debug description
    t =   118.32s     Checking `Expect predicate `existsNoRetry == 1` for object Any (First Match)`
    t =   118.32s         Checking existence of `Any (First Match)`
    t =   118.34s         Capturing element debug description
    t =   119.32s     Checking `Expect predicate `existsNoRetry == 1` for object Any (First Match)`
    t =   119.32s         Checking existence of `Any (First Match)`
    t =   119.34s         Capturing element debug description
    t =   120.32s     Checking `Expect predicate `existsNoRetry == 1` for object Any (First Match)`
    t =   120.32s         Checking existence of `Any (First Match)`
    t =   120.34s         Capturing element debug description
    t =   121.32s     Checking `Expect predicate `existsNoRetry == 1` for object Any (First Match)`
    t =   121.32s         Checking existence of `Any (First Match)`
    t =   121.34s         Capturing element debug description
    t =   122.41s     Checking `Expect predicate `existsNoRetry == 1` for object Any (First Match)`
    t =   122.41s         Checking existence of `Any (First Match)`
    t =   122.43s         Capturing element debug description
    t =   123.34s     Checking `Expect predicate `existsNoRetry == 1` for object Any (First Match)`
    t =   123.34s         Checking existence of `Any (First Match)`
    t =   123.36s         Capturing element debug description
    t =   123.36s     Checking existence of `Any (First Match)`
    t =   123.38s Collecting debug information to assist test failure triage
    t =   123.38s     Requesting snapshot of accessibility hierarchy for app with pid 56936
    t =   123.39s Checking existence of `Any (First Match)`
    t =   123.40s Checking existence of `Any (First Match)`
    t =   123.41s Checking existence of `Any (First Match)`
    t =   123.42s Find the Any (First Match)
STEP[123s]: iter 1: done
    t =   123.43s Terminate org.nativescript.nsbenchmark:56936
STEP[124s]: iter 2: launch org.nativescript.nsbenchmark
    t =   124.51s Open org.nativescript.nsbenchmark
    t =   124.51s     Launch org.nativescript.nsbenchmark
    t =   124.61s         Setting up automation session
    t =   125.22s         Wait for org.nativescript.nsbenchmark to idle
    t =   126.39s Checking existence of `"Health" Button`
    t =   126.43s Waiting 20.0s for "Health" Button to exist
    t =   127.49s     Checking `Expect predicate `existsNoRetry == 1` for object "Health" Button`
    t =   127.49s         Checking existence of `"Health" Button`
STEP[127s]: iter 2: nav Health
    t =   127.51s Checking existence of `"Health" Button`
    t =   127.52s Tap "Health" Button
    t =   127.52s     Wait for org.nativescript.nsbenchmark to idle
    t =   127.53s     Find the "Health" Button
    t =   127.53s     Check for interrupting elements affecting "Health" Button
    t =   127.54s     Synthesize event
    t =   127.84s     Wait for org.nativescript.nsbenchmark to idle
    t =   128.65s Waiting 10.0s for Any (First Match) to exist
    t =   129.73s     Checking `Expect predicate `existsNoRetry == 1` for object Any (First Match)`
    t =   129.73s         Checking existence of `Any (First Match)`
    t =   129.76s Checking existence of `Any (First Match)`
    t =   129.77s Find the Any (First Match)
    t =   129.78s Checking existence of `"Health access: granted" StaticText`
    t =   129.79s Find the "Health access: granted" StaticText
    t =   129.80s Waiting 15.0s for Any (First Match) to exist
    t =   130.86s     Checking `Expect predicate `existsNoRetry == 1` for object Any (First Match)`
    t =   130.86s         Checking existence of `Any (First Match)`
    t =   130.88s Checking existence of `Any (First Match)`
    t =   130.90s Find the Any (First Match)
    t =   130.91s Checking existence of `"Log 500 Steps" Button`
    t =   130.92s Checking existence of `"Log 500 Steps" Button`
    t =   130.93s Find the "Log 500 Steps" Button
STEP[130s]: iter 2: log 500
    t =   130.94s Tap "Log 500 Steps" Button
    t =   130.94s     Wait for org.nativescript.nsbenchmark to idle
    t =   130.94s     Find the "Log 500 Steps" Button
    t =   130.95s     Check for interrupting elements affecting "Log 500 Steps" Button
    t =   130.96s     Synthesize event
    t =   131.26s     Wait for org.nativescript.nsbenchmark to idle
    t =   131.54s Checking existence of `"Sat Jul 25 — 7,000 steps (today)" StaticText`
    t =   131.56s Find the "Sat Jul 25 — 7,000 steps (today)" StaticText
    t =   131.58s Checking existence of `"Sat Jul 25 — 7,500 steps (today)" StaticText`
STEP[131s]: iter 2: go home
    t =   131.59s Checking existence of `"Transcribe" Button`
    t =   131.60s Checking existence of `"Health" Button`
    t =   131.61s Checking existence of `Any (First Match)`
    t =   131.62s Checking existence of `Button (Element at index 0)`
    t =   131.63s Find the Button (Element at index 0)
STEP[131s]: goHome: tapping candidate 0
    t =   131.64s Tap "BackButton" Button
    t =   131.64s     Wait for org.nativescript.nsbenchmark to idle
    t =   131.65s     Find the "BackButton" Button
    t =   131.66s     Check for interrupting elements affecting "BackButton" Button
    t =   131.67s     Synthesize event
    t =   131.96s     Wait for org.nativescript.nsbenchmark to idle
    t =   132.27s Checking existence of `"Transcribe" Button`
    t =   132.28s Waiting 3.0s for "Transcribe" Button to exist
    t =   133.35s     Checking `Expect predicate `existsNoRetry == 1` for object "Transcribe" Button`
    t =   133.35s         Checking existence of `"Transcribe" Button`
STEP[133s]: iter 2: nav Transcribe
    t =   133.37s Checking existence of `"Transcribe" Button`
    t =   133.38s Tap "Transcribe" Button
    t =   133.38s     Wait for org.nativescript.nsbenchmark to idle
    t =   133.38s     Find the "Transcribe" Button
    t =   133.39s     Check for interrupting elements affecting "Transcribe" Button
    t =   133.40s     Synthesize event
    t =   133.70s     Wait for org.nativescript.nsbenchmark to idle
    t =   134.47s Waiting 10.0s for Any (First Match) to exist
    t =   135.54s     Checking `Expect predicate `existsNoRetry == 1` for object Any (First Match)`
    t =   135.54s         Checking existence of `Any (First Match)`
    t =   135.56s Checking existence of `Any (First Match)`
    t =   135.58s Find the Any (First Match)
    t =   135.59s Checking existence of `"Speech access: granted" StaticText`
    t =   135.60s Find the "Speech access: granted" StaticText
    t =   135.60s Checking existence of `"Transcribe Sample" Button`
    t =   135.61s Checking existence of `"Transcribe Sample" Button`
    t =   135.62s Find the "Transcribe Sample" Button
STEP[135s]: iter 2: transcribe
    t =   135.64s Tap "Transcribe Sample" Button
    t =   135.64s     Wait for org.nativescript.nsbenchmark to idle
    t =   135.64s     Find the "Transcribe Sample" Button
    t =   135.65s     Check for interrupting elements affecting "Transcribe Sample" Button
    t =   135.66s     Synthesize event
    t =   135.95s     Wait for org.nativescript.nsbenchmark to idle
    t =   136.23s Waiting 45.0s for Any (First Match) to exist
    t =   137.30s     Checking `Expect predicate `existsNoRetry == 1` for object Any (First Match)`
    t =   137.31s         Checking existence of `Any (First Match)`
    t =   137.33s         Capturing element debug description
    t =   138.29s     Checking `Expect predicate `existsNoRetry == 1` for object Any (First Match)`
    t =   138.30s         Checking existence of `Any (First Match)`
    t =   138.32s         Capturing element debug description
    t =   139.26s     Checking `Expect predicate `existsNoRetry == 1` for object Any (First Match)`
    t =   139.26s         Checking existence of `Any (First Match)`
    t =   139.29s         Capturing element debug description
    t =   140.25s     Checking `Expect predicate `existsNoRetry == 1` for object Any (First Match)`
    t =   140.26s         Checking existence of `Any (First Match)`
    t =   140.28s         Capturing element debug description
    t =   141.24s     Checking `Expect predicate `existsNoRetry == 1` for object Any (First Match)`
    t =   141.24s         Checking existence of `Any (First Match)`
    t =   141.26s         Capturing element debug description
    t =   142.24s     Checking `Expect predicate `existsNoRetry == 1` for object Any (First Match)`
    t =   142.24s         Checking existence of `Any (First Match)`
    t =   142.26s         Capturing element debug description
    t =   143.23s     Checking `Expect predicate `existsNoRetry == 1` for object Any (First Match)`
    t =   143.23s         Checking existence of `Any (First Match)`
    t =   143.25s         Capturing element debug description
    t =   144.23s     Checking `Expect predicate `existsNoRetry == 1` for object Any (First Match)`
    t =   144.23s         Checking existence of `Any (First Match)`
    t =   144.25s         Capturing element debug description
    t =   145.31s     Checking `Expect predicate `existsNoRetry == 1` for object Any (First Match)`
    t =   145.31s         Checking existence of `Any (First Match)`
    t =   145.34s         Capturing element debug description
    t =   146.30s     Checking `Expect predicate `existsNoRetry == 1` for object Any (First Match)`
    t =   146.30s         Checking existence of `Any (First Match)`
    t =   146.31s         Capturing element debug description
    t =   147.26s     Checking `Expect predicate `existsNoRetry == 1` for object Any (First Match)`
    t =   147.26s         Checking existence of `Any (First Match)`
    t =   147.29s         Capturing element debug description
    t =   148.26s     Checking `Expect predicate `existsNoRetry == 1` for object Any (First Match)`
    t =   148.26s         Checking existence of `Any (First Match)`
    t =   148.28s         Capturing element debug description
    t =   149.24s     Checking `Expect predicate `existsNoRetry == 1` for object Any (First Match)`
    t =   149.24s         Checking existence of `Any (First Match)`
    t =   149.26s         Capturing element debug description
    t =   150.24s     Checking `Expect predicate `existsNoRetry == 1` for object Any (First Match)`
    t =   150.24s         Checking existence of `Any (First Match)`
    t =   150.26s         Capturing element debug description
    t =   151.24s     Checking `Expect predicate `existsNoRetry == 1` for object Any (First Match)`
    t =   151.24s         Checking existence of `Any (First Match)`
    t =   151.26s         Capturing element debug description
    t =   152.24s     Checking `Expect predicate `existsNoRetry == 1` for object Any (First Match)`
    t =   152.24s         Checking existence of `Any (First Match)`
    t =   152.26s         Capturing element debug description
    t =   153.24s     Checking `Expect predicate `existsNoRetry == 1` for object Any (First Match)`
    t =   153.24s         Checking existence of `Any (First Match)`
    t =   153.26s         Capturing element debug description
    t =   154.24s     Checking `Expect predicate `existsNoRetry == 1` for object Any (First Match)`
    t =   154.24s         Checking existence of `Any (First Match)`
    t =   154.26s         Capturing element debug description
    t =   155.24s     Checking `Expect predicate `existsNoRetry == 1` for object Any (First Match)`
    t =   155.24s         Checking existence of `Any (First Match)`
    t =   155.27s         Capturing element debug description
    t =   156.24s     Checking `Expect predicate `existsNoRetry == 1` for object Any (First Match)`
    t =   156.24s         Checking existence of `Any (First Match)`
    t =   156.26s         Capturing element debug description
    t =   157.24s     Checking `Expect predicate `existsNoRetry == 1` for object Any (First Match)`
    t =   157.24s         Checking existence of `Any (First Match)`
    t =   157.26s         Capturing element debug description
    t =   158.32s     Checking `Expect predicate `existsNoRetry == 1` for object Any (First Match)`
    t =   158.32s         Checking existence of `Any (First Match)`
    t =   158.35s         Capturing element debug description
    t =   159.33s     Checking `Expect predicate `existsNoRetry == 1` for object Any (First Match)`
    t =   159.33s         Checking existence of `Any (First Match)`
    t =   159.35s         Capturing element debug description
    t =   160.30s     Checking `Expect predicate `existsNoRetry == 1` for object Any (First Match)`
    t =   160.31s         Checking existence of `Any (First Match)`
    t =   160.33s         Capturing element debug description
    t =   161.30s     Checking `Expect predicate `existsNoRetry == 1` for object Any (First Match)`
    t =   161.30s         Checking existence of `Any (First Match)`
    t =   161.32s         Capturing element debug description
    t =   162.27s     Checking `Expect predicate `existsNoRetry == 1` for object Any (First Match)`
    t =   162.27s         Checking existence of `Any (First Match)`
    t =   162.29s         Capturing element debug description
    t =   163.25s     Checking `Expect predicate `existsNoRetry == 1` for object Any (First Match)`
    t =   163.26s         Checking existence of `Any (First Match)`
    t =   163.27s         Capturing element debug description
    t =   164.23s     Checking `Expect predicate `existsNoRetry == 1` for object Any (First Match)`
    t =   164.23s         Checking existence of `Any (First Match)`
    t =   164.26s         Capturing element debug description
    t =   165.24s     Checking `Expect predicate `existsNoRetry == 1` for object Any (First Match)`
    t =   165.24s         Checking existence of `Any (First Match)`
    t =   165.26s         Capturing element debug description
    t =   166.31s     Checking `Expect predicate `existsNoRetry == 1` for object Any (First Match)`
    t =   166.31s         Checking existence of `Any (First Match)`
    t =   166.34s         Capturing element debug description
    t =   167.31s     Checking `Expect predicate `existsNoRetry == 1` for object Any (First Match)`
    t =   167.31s         Checking existence of `Any (First Match)`
    t =   167.34s         Capturing element debug description
    t =   168.32s     Checking `Expect predicate `existsNoRetry == 1` for object Any (First Match)`
    t =   168.32s         Checking existence of `Any (First Match)`
    t =   168.34s         Capturing element debug description
    t =   169.31s     Checking `Expect predicate `existsNoRetry == 1` for object Any (First Match)`
    t =   169.31s         Checking existence of `Any (First Match)`
    t =   169.33s         Capturing element debug description
    t =   170.30s     Checking `Expect predicate `existsNoRetry == 1` for object Any (First Match)`
    t =   170.30s         Checking existence of `Any (First Match)`
    t =   170.32s         Capturing element debug description
    t =   171.29s     Checking `Expect predicate `existsNoRetry == 1` for object Any (First Match)`
    t =   171.29s         Checking existence of `Any (First Match)`
    t =   171.31s         Capturing element debug description
    t =   172.28s     Checking `Expect predicate `existsNoRetry == 1` for object Any (First Match)`
    t =   172.28s         Checking existence of `Any (First Match)`
    t =   172.30s         Capturing element debug description
    t =   173.27s     Checking `Expect predicate `existsNoRetry == 1` for object Any (First Match)`
    t =   173.27s         Checking existence of `Any (First Match)`
    t =   173.29s         Capturing element debug description
    t =   174.26s     Checking `Expect predicate `existsNoRetry == 1` for object Any (First Match)`
    t =   174.26s         Checking existence of `Any (First Match)`
    t =   174.28s         Capturing element debug description
    t =   175.25s     Checking `Expect predicate `existsNoRetry == 1` for object Any (First Match)`
    t =   175.25s         Checking existence of `Any (First Match)`
    t =   175.27s         Capturing element debug description
    t =   176.24s     Checking `Expect predicate `existsNoRetry == 1` for object Any (First Match)`
    t =   176.24s         Checking existence of `Any (First Match)`
    t =   176.26s         Capturing element debug description
    t =   177.24s     Checking `Expect predicate `existsNoRetry == 1` for object Any (First Match)`
    t =   177.24s         Checking existence of `Any (First Match)`
    t =   177.26s         Capturing element debug description
    t =   178.24s     Checking `Expect predicate `existsNoRetry == 1` for object Any (First Match)`
    t =   178.24s         Checking existence of `Any (First Match)`
    t =   178.26s         Capturing element debug description
    t =   179.24s     Checking `Expect predicate `existsNoRetry == 1` for object Any (First Match)`
    t =   179.24s         Checking existence of `Any (First Match)`
    t =   179.26s         Capturing element debug description
    t =   180.24s     Checking `Expect predicate `existsNoRetry == 1` for object Any (First Match)`
    t =   180.24s         Checking existence of `Any (First Match)`
    t =   180.26s         Capturing element debug description
    t =   181.24s     Checking `Expect predicate `existsNoRetry == 1` for object Any (First Match)`
    t =   181.24s         Checking existence of `Any (First Match)`
    t =   181.26s         Capturing element debug description
    t =   181.26s     Checking existence of `Any (First Match)`
    t =   181.28s Collecting debug information to assist test failure triage
    t =   181.28s     Requesting snapshot of accessibility hierarchy for app with pid 57022
    t =   181.30s Checking existence of `Any (First Match)`
    t =   181.30s Checking existence of `Any (First Match)`
    t =   181.31s Checking existence of `Any (First Match)`
    t =   181.32s Find the Any (First Match)
STEP[181s]: iter 2: done
    t =   181.33s Terminate org.nativescript.nsbenchmark:57022
PERFJSON:{"bundle_id":"org.nativescript.nsbenchmark","runs":[{"nav_health_ms":2202,"hk_log_roundtrip_ms":626,"speech_granted":true,"health_granted":true,"hk_rows_ms":1081,"nav_transcribe_ms":2188,"iter":0,"speech_state":"init_or_task_failed: Failed to initialize recognizer"},{"speech_state":"init_or_task_failed: Failed to initialize recognizer","nav_health_ms":2216,"hk_rows_ms":1070,"iter":1,"nav_transcribe_ms":2163,"speech_granted":true,"health_granted":true,"hk_log_roundtrip_ms":648},{"nav_health_ms":2244,"hk_log_roundtrip_ms":647,"health_granted":true,"speech_granted":true,"nav_transcribe_ms":2190,"speech_state":"init_or_task_failed: Failed to initialize recognizer","iter":2,"hk_rows_ms":1083}]}
    t =   182.35s Tear Down
Test Case '-[UIDriverUITests.FeatureLatencyTests testFeatureLatencies]' passed (182.419 seconds).
Test Suite 'FeatureLatencyTests' passed at 2026-07-25 19:51:46.425.
	 Executed 1 test, with 0 failures (0 unexpected) in 182.419 (182.420) seconds
Test Suite 'UIDriverUITests.xctest' passed at 2026-07-25 19:51:46.426.
	 Executed 1 test, with 0 failures (0 unexpected) in 182.419 (182.421) seconds
Test Suite 'All tests' passed at 2026-07-25 19:51:46.427.
	 Executed 1 test, with 0 failures (0 unexpected) in 182.419 (182.422) seconds
2026-07-25 19:51:46.757 xcodebuild[56781:16994943] [MT] IDETestOperationsObserverDebug: 184.283 elapsed -- Testing started completed.
2026-07-25 19:51:46.757 xcodebuild[56781:16994943] [MT] IDETestOperationsObserverDebug: 0.000 sec, +0.000 sec -- start
2026-07-25 19:51:46.757 xcodebuild[56781:16994943] [MT] IDETestOperationsObserverDebug: 184.283 sec, +184.283 sec -- end

Test session results, code coverage, and logs:
	/Users/runner/Library/Developer/Xcode/DerivedData/UIDriver-ekqcqbpucoqmcgbikewqdmafsmmj/Logs/Test/Test-UIDriver-2026.07.25_19-48-41--0700.xcresult

** TEST SUCCEEDED **

Testing started
