Command line invocation:
    /Applications/Xcode.app/Contents/Developer/usr/bin/xcodebuild test -project UIDriver.xcodeproj -scheme UIDriver -destination id=7DFF2660-A10C-449E-867A-92863D91663B

--- xcodebuild: WARNING: Using the first of multiple matching destinations:
{ platform:iOS Simulator, arch:arm64, id:7DFF2660-A10C-449E-867A-92863D91663B, OS:26.5, name:iPhone 17 Pro }
{ platform:iOS Simulator, arch:x86_64, id:7DFF2660-A10C-449E-867A-92863D91663B, OS:26.5, name:iPhone 17 Pro }
ComputePackagePrebuildTargetDependencyGraph

Prepare packages

CreateBuildRequest

SendProjectDescription

CreateBuildOperation

ComputeTargetDependencyGraph
note: Building targets in dependency order
note: Target dependency graph (1 target)
    Target 'UIDriverUITests' in project 'UIDriver' (no dependencies)

GatherProvisioningInputs

CreateBuildDescription

ClangStatCache /Applications/Xcode.app/Contents/Developer/Toolchains/XcodeDefault.xctoolchain/usr/bin/clang-stat-cache /Applications/Xcode.app/Contents/Developer/Platforms/iPhoneSimulator.platform/Developer/SDKs/iPhoneSimulator26.5.sdk /Users/runner/Library/Developer/Xcode/DerivedData/SDKStatCaches.noindex/iphonesimulator26.5-23F73-688ef53f1462e2c8f657fdc38a81448f6cfe768891a92b912361537c460fe42b.sdkstatcache
    cd /Users/runner/token-economics/harness/perf/uidriver/UIDriver.xcodeproj
    /Applications/Xcode.app/Contents/Developer/Toolchains/XcodeDefault.xctoolchain/usr/bin/clang-stat-cache /Applications/Xcode.app/Contents/Developer/Platforms/iPhoneSimulator.platform/Developer/SDKs/iPhoneSimulator26.5.sdk -o /Users/runner/Library/Developer/Xcode/DerivedData/SDKStatCaches.noindex/iphonesimulator26.5-23F73-688ef53f1462e2c8f657fdc38a81448f6cfe768891a92b912361537c460fe42b.sdkstatcache

ProcessInfoPlistFile /Users/runner/Library/Developer/Xcode/DerivedData/UIDriver-ekqcqbpucoqmcgbikewqdmafsmmj/Build/Products/Debug-iphonesimulator/UIDriverUITests-Runner.app/PlugIns/UIDriverUITests.xctest/Info.plist /Users/runner/Library/Developer/Xcode/DerivedData/UIDriver-ekqcqbpucoqmcgbikewqdmafsmmj/Build/Intermediates.noindex/UIDriver.build/Debug-iphonesimulator/UIDriverUITests.build/empty-UIDriverUITests.plist (in target 'UIDriverUITests' from project 'UIDriver')
    cd /Users/runner/token-economics/harness/perf/uidriver
    builtin-infoPlistUtility /Users/runner/Library/Developer/Xcode/DerivedData/UIDriver-ekqcqbpucoqmcgbikewqdmafsmmj/Build/Intermediates.noindex/UIDriver.build/Debug-iphonesimulator/UIDriverUITests.build/empty-UIDriverUITests.plist -producttype com.apple.product-type.bundle.ui-testing -expandbuildsettings -format binary -platform iphonesimulator -additionalcontentfile /Users/runner/Library/Developer/Xcode/DerivedData/UIDriver-ekqcqbpucoqmcgbikewqdmafsmmj/Build/Intermediates.noindex/UIDriver.build/Debug-iphonesimulator/UIDriverUITests.build/ProductTypeInfoPlistAdditions.plist -o /Users/runner/Library/Developer/Xcode/DerivedData/UIDriver-ekqcqbpucoqmcgbikewqdmafsmmj/Build/Products/Debug-iphonesimulator/UIDriverUITests-Runner.app/PlugIns/UIDriverUITests.xctest/Info.plist

CopySwiftLibs /Users/runner/Library/Developer/Xcode/DerivedData/UIDriver-ekqcqbpucoqmcgbikewqdmafsmmj/Build/Products/Debug-iphonesimulator/UIDriverUITests-Runner.app/PlugIns/UIDriverUITests.xctest (in target 'UIDriverUITests' from project 'UIDriver')
    cd /Users/runner/token-economics/harness/perf/uidriver
    builtin-swiftStdLibTool --copy --verbose --scan-executable /Users/runner/Library/Developer/Xcode/DerivedData/UIDriver-ekqcqbpucoqmcgbikewqdmafsmmj/Build/Products/Debug-iphonesimulator/UIDriverUITests-Runner.app/PlugIns/UIDriverUITests.xctest/UIDriverUITests --scan-folder /Users/runner/Library/Developer/Xcode/DerivedData/UIDriver-ekqcqbpucoqmcgbikewqdmafsmmj/Build/Products/Debug-iphonesimulator/UIDriverUITests-Runner.app/PlugIns/UIDriverUITests.xctest/Frameworks --scan-folder /Users/runner/Library/Developer/Xcode/DerivedData/UIDriver-ekqcqbpucoqmcgbikewqdmafsmmj/Build/Products/Debug-iphonesimulator/UIDriverUITests-Runner.app/PlugIns/UIDriverUITests.xctest/PlugIns --scan-folder /Users/runner/Library/Developer/Xcode/DerivedData/UIDriver-ekqcqbpucoqmcgbikewqdmafsmmj/Build/Products/Debug-iphonesimulator/UIDriverUITests-Runner.app/PlugIns/UIDriverUITests.xctest/SystemExtensions --scan-folder /Users/runner/Library/Developer/Xcode/DerivedData/UIDriver-ekqcqbpucoqmcgbikewqdmafsmmj/Build/Products/Debug-iphonesimulator/UIDriverUITests-Runner.app/PlugIns/UIDriverUITests.xctest/Extensions --platform iphonesimulator --toolchain /var/run/com.apple.security.cryptexd/mnt/com.apple.MobileAsset.MetalToolchain-v17.6.42.0.xRBJyY/Metal.xctoolchain --toolchain /Applications/Xcode.app/Contents/Developer/Toolchains/XcodeDefault.xctoolchain --destination /Users/runner/Library/Developer/Xcode/DerivedData/UIDriver-ekqcqbpucoqmcgbikewqdmafsmmj/Build/Products/Debug-iphonesimulator/UIDriverUITests-Runner.app/PlugIns/UIDriverUITests.xctest/Frameworks --strip-bitcode --scan-executable /Applications/Xcode.app/Contents/Developer/Platforms/iPhoneSimulator.platform/Developer/usr/lib/libXCTestSwiftSupport.dylib --strip-bitcode-tool /Applications/Xcode.app/Contents/Developer/Toolchains/XcodeDefault.xctoolchain/usr/bin/bitcode_strip --emit-dependency-info /Users/runner/Library/Developer/Xcode/DerivedData/UIDriver-ekqcqbpucoqmcgbikewqdmafsmmj/Build/Intermediates.noindex/UIDriver.build/Debug-iphonesimulator/UIDriverUITests.build/SwiftStdLibToolInputDependencies.dep --filter-for-swift-os
Ignoring --strip-bitcode because --sign was not passed

2026-07-25 19:58:00.368997-0700 UIDriverUITests-Runner[57822:17018230] [Default] Running tests...
    t =      nans Interface orientation changed to Portrait
Test Suite 'All tests' started at 2026-07-25 19:58:00.979.
Test Suite 'UIDriverUITests.xctest' started at 2026-07-25 19:58:00.979.
Test Suite 'FeatureLatencyTests' started at 2026-07-25 19:58:00.979.
Test Case '-[UIDriverUITests.FeatureLatencyTests testFeatureLatencies]' started.
    t =     0.00s Start Test at 2026-07-25 19:58:00.980
    t =     0.02s Set Up
STEP[0s]: iter 0: launch io.nstudio.lynx
    t =     0.02s Open io.nstudio.lynx
    t =     0.02s     Launch io.nstudio.lynx
    t =     0.12s         Setting up automation session
objc[57822]: Class UIAccessibilityLoaderWebShared is implemented in both /Library/Developer/CoreSimulator/Volumes/iOS_23F77/Library/Developer/CoreSimulator/Profiles/Runtimes/iOS 26.5.simruntime/Contents/Resources/RuntimeRoot/System/Library/AccessibilityBundles/WebCore.axbundle/WebCore (0x10b9ec310) and /Library/Developer/CoreSimulator/Volumes/iOS_23F77/Library/Developer/CoreSimulator/Profiles/Runtimes/iOS 26.5.simruntime/Contents/Resources/RuntimeRoot/System/Library/AccessibilityBundles/WebKit.axbundle/WebKit (0x10b1d0398). This may cause spurious casting failures and mysterious crashes. One of the duplicates must be removed or renamed.
    t =     0.77s         Wait for io.nstudio.lynx to idle
    t =     2.25s Checking existence of `"Health" Button`
    t =     2.30s Waiting 20.0s for Any (First Match) to exist
    t =     3.34s     Checking `Expect predicate `existsNoRetry == 1` for object Any (First Match)`
    t =     3.34s         Checking existence of `Any (First Match)`
STEP[3s]: iter 0: nav Health
    t =     3.37s Checking existence of `"Health" Button`
    t =     3.39s Tap Any (First Match)
    t =     3.39s     Wait for io.nstudio.lynx to idle
    t =     3.39s     Find the Any (First Match)
    t =     3.41s     Check for interrupting elements affecting "Health" StaticText
    t =     3.44s     Synthesize event
    t =     3.73s     Wait for io.nstudio.lynx to idle
    t =     4.09s Waiting 10.0s for Any (First Match) to exist
    t =     5.12s     Checking `Expect predicate `existsNoRetry == 1` for object Any (First Match)`
    t =     5.12s         Checking existence of `Any (First Match)`
    t =     5.15s Checking existence of `Any (First Match)`
    t =     5.17s Find the Any (First Match)
STEP[5s]: iter 0: HK authorize
    t =     5.18s Checking existence of `"Request Access" Button`
    t =     5.20s Checking existence of `Any (First Match)`
    t =     5.22s Find the Any (First Match)
    t =     5.25s Tap "Request Access" StaticText
    t =     5.25s     Wait for io.nstudio.lynx to idle
    t =     5.25s     Find the "Request Access" StaticText
    t =     5.27s     Check for interrupting elements affecting "Request Access" StaticText
    t =     5.30s     Synthesize event
    t =     5.59s     Wait for io.nstudio.lynx to idle
    t =     5.60s Waiting 3.0s for Any (First Match) to exist
    t =     6.64s     Checking `Expect predicate `existsNoRetry == 1` for object Any (First Match)`
    t =     6.64s         Checking existence of `Any (First Match)`
    t =     6.69s Find the Any (First Match)
STEP[6s]: health sheet(app): tap 'Turn On All'
    t =     6.75s Tap "Turn On All" StaticText
    t =     6.75s     Wait for io.nstudio.lynx to idle
    t =     6.75s     Find the "Turn On All" StaticText
    t =     6.80s     Check for interrupting elements affecting "Turn On All" StaticText
    t =     6.84s     Synthesize event
    t =     7.13s     Wait for io.nstudio.lynx to idle
    t =     7.13s Waiting 2.0s for "Allow" Button to exist
    t =     8.15s     Checking `Expect predicate `existsNoRetry == 1` for object "Allow" Button`
    t =     8.15s         Checking existence of `"Allow" Button`
    t =     8.22s Find the "Allow" Button
STEP[8s]: health sheet(app): confirm 'Allow'
    t =     8.26s Tap "UIA.Health.Allow.Button" Button
    t =     8.26s     Wait for io.nstudio.lynx to idle
    t =     8.26s     Find the "UIA.Health.Allow.Button" Button
    t =     8.30s     Check for interrupting elements affecting "UIA.Health.Allow.Button" Button
    t =     8.32s     Synthesize event
    t =     8.61s     Wait for io.nstudio.lynx to idle
    t =     8.62s Waiting 15.0s for Any (First Match) to exist
    t =     9.65s     Checking `Expect predicate `existsNoRetry == 1` for object Any (First Match)`
    t =     9.65s         Checking existence of `Any (First Match)`
    t =     9.69s Checking existence of `"Health access: not requested" StaticText`
    t =     9.70s Find the "Health access: not requested" StaticText
    t =     9.72s Waiting 15.0s for Any (First Match) to exist
    t =    10.75s     Checking `Expect predicate `existsNoRetry == 1` for object Any (First Match)`
    t =    10.75s         Checking existence of `Any (First Match)`
    t =    10.79s Checking existence of `Any (First Match)`
    t =    10.81s Find the Any (First Match)
    t =    10.84s Checking existence of `"Log 500 Steps" Button`
    t =    10.86s Checking existence of `Any (First Match)`
    t =    10.88s Find the Any (First Match)
STEP[10s]: iter 0: log 500
    t =    10.91s Tap "Log 500 Steps" StaticText
    t =    10.91s     Wait for io.nstudio.lynx to idle
    t =    10.92s     Find the "Log 500 Steps" StaticText
    t =    10.94s     Check for interrupting elements affecting "Log 500 Steps" StaticText
    t =    10.97s     Synthesize event
    t =    11.26s     Wait for io.nstudio.lynx to idle
    t =    11.28s Checking existence of `"Sat Jul 25 — 7,000 steps (today)" StaticText`
    t =    11.31s Find the "Sat Jul 25 — 7,000 steps (today)" StaticText
    t =    11.33s Checking existence of `"Sat Jul 25 — 7,500 steps (today)" StaticText`
STEP[11s]: iter 0: go home
    t =    11.36s Checking existence of `"Transcribe" Button`
    t =    11.38s Checking existence of `"Health" Button`
    t =    11.41s Checking existence of `Any (First Match)`
    t =    11.43s Checking existence of `Button (Element at index 0)`
    t =    11.44s Checking existence of `"Back" Button`
    t =    11.47s Checking existence of `"Home" Button`
    t =    11.49s Checking existence of `Any (First Match)`
    t =    11.52s Find the Any (First Match)
STEP[11s]: goHome: tapping candidate 3
    t =    11.55s Tap "Back to Home" StaticText
    t =    11.56s     Wait for io.nstudio.lynx to idle
    t =    11.56s     Find the "Back to Home" StaticText
    t =    11.59s     Check for interrupting elements affecting "Back to Home" StaticText
    t =    11.61s     Synthesize event
    t =    11.90s     Wait for io.nstudio.lynx to idle
    t =    12.21s Checking existence of `"Transcribe" Button`
    t =    12.23s Waiting 3.0s for Any (First Match) to exist
    t =    13.26s     Checking `Expect predicate `existsNoRetry == 1` for object Any (First Match)`
    t =    13.26s         Checking existence of `Any (First Match)`
STEP[13s]: iter 0: nav Transcribe
    t =    13.29s Checking existence of `"Transcribe" Button`
    t =    13.30s Tap Any (First Match)
    t =    13.30s     Wait for io.nstudio.lynx to idle
    t =    13.31s     Find the Any (First Match)
    t =    13.33s     Check for interrupting elements affecting "Transcribe" StaticText
    t =    13.35s     Synthesize event
    t =    13.64s     Wait for io.nstudio.lynx to idle
    t =    13.98s Waiting 10.0s for Any (First Match) to exist
    t =    15.01s     Checking `Expect predicate `existsNoRetry == 1` for object Any (First Match)`
    t =    15.01s         Checking existence of `Any (First Match)`
    t =    15.04s Checking existence of `Any (First Match)`
    t =    15.06s Find the Any (First Match)
STEP[15s]: iter 0: speech authorize
    t =    15.07s Checking existence of `"Request Access" Button`
    t =    15.09s Checking existence of `Any (First Match)`
    t =    15.11s Find the Any (First Match)
    t =    15.13s Tap "Request Access" StaticText
    t =    15.14s     Wait for io.nstudio.lynx to idle
    t =    15.14s     Find the "Request Access" StaticText
    t =    15.16s     Check for interrupting elements affecting "Request Access" StaticText
    t =    15.18s     Synthesize event
    t =    15.47s     Wait for io.nstudio.lynx to idle
    t =    15.48s Waiting 3.0s for "Allow" Button to exist
    t =    16.50s     Checking `Expect predicate `existsNoRetry == 1` for object "Allow" Button`
    t =    16.51s         Checking existence of `"Allow" Button`
STEP[16s]: system alert: 'Allow'
    t =    16.55s Tap "Allow" Button
    t =    16.55s     Wait for com.apple.springboard to idle
    t =    16.55s     Find the "Allow" Button
    t =    16.57s     Check for interrupting elements affecting "Allow" Button
    t =    16.60s     Synthesize event
    t =    16.89s     Wait for com.apple.springboard to idle
    t =    17.12s Waiting 15.0s for Any (First Match) to exist
    t =    18.16s     Checking `Expect predicate `existsNoRetry == 1` for object Any (First Match)`
    t =    18.16s         Checking existence of `Any (First Match)`
    t =    18.20s Checking existence of `"Speech access: not requested" StaticText`
    t =    18.21s Find the "Speech access: not requested" StaticText
    t =    18.23s Checking existence of `"Transcribe Sample" Button`
    t =    18.25s Checking existence of `Any (First Match)`
    t =    18.26s Find the Any (First Match)
STEP[18s]: iter 0: transcribe
    t =    18.29s Tap "Transcribe Sample" StaticText
    t =    18.29s     Wait for io.nstudio.lynx to idle
    t =    18.30s     Find the "Transcribe Sample" StaticText
    t =    18.32s     Check for interrupting elements affecting "Transcribe Sample" StaticText
    t =    18.34s     Synthesize event
    t =    18.63s     Wait for io.nstudio.lynx to idle
    t =    18.64s Waiting 45.0s for Any (First Match) to exist
    t =    19.65s     Checking `Expect predicate `existsNoRetry == 1` for object Any (First Match)`
    t =    19.65s         Checking existence of `Any (First Match)`
    t =    19.69s         Capturing element debug description
    t =    20.72s     Checking `Expect predicate `existsNoRetry == 1` for object Any (First Match)`
    t =    20.73s         Checking existence of `Any (First Match)`
    t =    20.76s         Capturing element debug description
    t =    21.69s     Checking `Expect predicate `existsNoRetry == 1` for object Any (First Match)`
    t =    21.70s         Checking existence of `Any (First Match)`
    t =    21.73s         Capturing element debug description
    t =    22.66s     Checking `Expect predicate `existsNoRetry == 1` for object Any (First Match)`
    t =    22.66s         Checking existence of `Any (First Match)`
    t =    22.70s         Capturing element debug description
    t =    23.74s     Checking `Expect predicate `existsNoRetry == 1` for object Any (First Match)`
    t =    23.74s         Checking existence of `Any (First Match)`
    t =    23.77s         Capturing element debug description
    t =    24.70s     Checking `Expect predicate `existsNoRetry == 1` for object Any (First Match)`
    t =    24.70s         Checking existence of `Any (First Match)`
    t =    24.73s         Capturing element debug description
    t =    25.66s     Checking `Expect predicate `existsNoRetry == 1` for object Any (First Match)`
    t =    25.66s         Checking existence of `Any (First Match)`
    t =    25.70s         Capturing element debug description
    t =    26.72s     Checking `Expect predicate `existsNoRetry == 1` for object Any (First Match)`
    t =    26.72s         Checking existence of `Any (First Match)`
    t =    26.76s         Capturing element debug description
    t =    27.69s     Checking `Expect predicate `existsNoRetry == 1` for object Any (First Match)`
    t =    27.69s         Checking existence of `Any (First Match)`
    t =    27.73s         Capturing element debug description
    t =    28.66s     Checking `Expect predicate `existsNoRetry == 1` for object Any (First Match)`
    t =    28.66s         Checking existence of `Any (First Match)`
    t =    28.69s         Capturing element debug description
    t =    29.73s     Checking `Expect predicate `existsNoRetry == 1` for object Any (First Match)`
    t =    29.73s         Checking existence of `Any (First Match)`
    t =    29.77s         Capturing element debug description
    t =    30.69s     Checking `Expect predicate `existsNoRetry == 1` for object Any (First Match)`
    t =    30.69s         Checking existence of `Any (First Match)`
    t =    30.72s         Capturing element debug description
    t =    31.64s     Checking `Expect predicate `existsNoRetry == 1` for object Any (First Match)`
    t =    31.64s         Checking existence of `Any (First Match)`
    t =    31.68s         Capturing element debug description
    t =    32.71s     Checking `Expect predicate `existsNoRetry == 1` for object Any (First Match)`
    t =    32.71s         Checking existence of `Any (First Match)`
    t =    32.74s         Capturing element debug description
    t =    33.67s     Checking `Expect predicate `existsNoRetry == 1` for object Any (First Match)`
    t =    33.68s         Checking existence of `Any (First Match)`
    t =    33.71s         Capturing element debug description
    t =    34.64s     Checking `Expect predicate `existsNoRetry == 1` for object Any (First Match)`
    t =    34.64s         Checking existence of `Any (First Match)`
    t =    34.68s         Capturing element debug description
    t =    35.70s     Checking `Expect predicate `existsNoRetry == 1` for object Any (First Match)`
    t =    35.70s         Checking existence of `Any (First Match)`
    t =    35.74s         Capturing element debug description
    t =    36.67s     Checking `Expect predicate `existsNoRetry == 1` for object Any (First Match)`
    t =    36.67s         Checking existence of `Any (First Match)`
    t =    36.70s         Capturing element debug description
    t =    37.72s     Checking `Expect predicate `existsNoRetry == 1` for object Any (First Match)`
    t =    37.73s         Checking existence of `Any (First Match)`
    t =    37.76s         Capturing element debug description
    t =    38.68s     Checking `Expect predicate `existsNoRetry == 1` for object Any (First Match)`
    t =    38.68s         Checking existence of `Any (First Match)`
    t =    38.72s         Capturing element debug description
    t =    39.65s     Checking `Expect predicate `existsNoRetry == 1` for object Any (First Match)`
    t =    39.65s         Checking existence of `Any (First Match)`
    t =    39.69s         Capturing element debug description
    t =    40.72s     Checking `Expect predicate `existsNoRetry == 1` for object Any (First Match)`
    t =    40.72s         Checking existence of `Any (First Match)`
    t =    40.75s         Capturing element debug description
    t =    41.65s     Checking `Expect predicate `existsNoRetry == 1` for object Any (First Match)`
    t =    41.65s         Checking existence of `Any (First Match)`
    t =    41.69s         Capturing element debug description
    t =    42.70s     Checking `Expect predicate `existsNoRetry == 1` for object Any (First Match)`
    t =    42.71s         Checking existence of `Any (First Match)`
    t =    42.74s         Capturing element debug description
    t =    43.67s     Checking `Expect predicate `existsNoRetry == 1` for object Any (First Match)`
    t =    43.68s         Checking existence of `Any (First Match)`
    t =    43.71s         Capturing element debug description
    t =    44.64s     Checking `Expect predicate `existsNoRetry == 1` for object Any (First Match)`
    t =    44.65s         Checking existence of `Any (First Match)`
    t =    44.68s         Capturing element debug description
    t =    45.71s     Checking `Expect predicate `existsNoRetry == 1` for object Any (First Match)`
    t =    45.71s         Checking existence of `Any (First Match)`
    t =    45.75s         Capturing element debug description
    t =    46.68s     Checking `Expect predicate `existsNoRetry == 1` for object Any (First Match)`
    t =    46.68s         Checking existence of `Any (First Match)`
    t =    46.72s         Capturing element debug description
    t =    47.65s     Checking `Expect predicate `existsNoRetry == 1` for object Any (First Match)`
    t =    47.65s         Checking existence of `Any (First Match)`
    t =    47.68s         Capturing element debug description
    t =    48.71s     Checking `Expect predicate `existsNoRetry == 1` for object Any (First Match)`
    t =    48.71s         Checking existence of `Any (First Match)`
    t =    48.75s         Capturing element debug description
    t =    49.68s     Checking `Expect predicate `existsNoRetry == 1` for object Any (First Match)`
    t =    49.68s         Checking existence of `Any (First Match)`
    t =    49.72s         Capturing element debug description
    t =    50.65s     Checking `Expect predicate `existsNoRetry == 1` for object Any (First Match)`
    t =    50.65s         Checking existence of `Any (First Match)`
    t =    50.69s         Capturing element debug description
    t =    51.72s     Checking `Expect predicate `existsNoRetry == 1` for object Any (First Match)`
    t =    51.72s         Checking existence of `Any (First Match)`
    t =    51.76s         Capturing element debug description
    t =    52.69s     Checking `Expect predicate `existsNoRetry == 1` for object Any (First Match)`
    t =    52.69s         Checking existence of `Any (First Match)`
    t =    52.72s         Capturing element debug description
    t =    53.65s     Checking `Expect predicate `existsNoRetry == 1` for object Any (First Match)`
    t =    53.65s         Checking existence of `Any (First Match)`
    t =    53.69s         Capturing element debug description
    t =    54.73s     Checking `Expect predicate `existsNoRetry == 1` for object Any (First Match)`
    t =    54.73s         Checking existence of `Any (First Match)`
    t =    54.76s         Capturing element debug description
    t =    55.69s     Checking `Expect predicate `existsNoRetry == 1` for object Any (First Match)`
    t =    55.70s         Checking existence of `Any (First Match)`
    t =    55.73s         Capturing element debug description
    t =    56.66s     Checking `Expect predicate `existsNoRetry == 1` for object Any (First Match)`
    t =    56.66s         Checking existence of `Any (First Match)`
    t =    56.70s         Capturing element debug description
    t =    57.73s     Checking `Expect predicate `existsNoRetry == 1` for object Any (First Match)`
    t =    57.73s         Checking existence of `Any (First Match)`
    t =    57.77s         Capturing element debug description
    t =    58.70s     Checking `Expect predicate `existsNoRetry == 1` for object Any (First Match)`
    t =    58.70s         Checking existence of `Any (First Match)`
    t =    58.73s         Capturing element debug description
    t =    59.66s     Checking `Expect predicate `existsNoRetry == 1` for object Any (First Match)`
    t =    59.66s         Checking existence of `Any (First Match)`
    t =    59.70s         Capturing element debug description
    t =    60.72s     Checking `Expect predicate `existsNoRetry == 1` for object Any (First Match)`
    t =    60.72s         Checking existence of `Any (First Match)`
    t =    60.76s         Capturing element debug description
    t =    61.67s     Checking `Expect predicate `existsNoRetry == 1` for object Any (First Match)`
    t =    61.68s         Checking existence of `Any (First Match)`
    t =    61.71s         Capturing element debug description
    t =    62.64s     Checking `Expect predicate `existsNoRetry == 1` for object Any (First Match)`
    t =    62.64s         Checking existence of `Any (First Match)`
    t =    62.67s         Capturing element debug description
    t =    63.65s     Checking `Expect predicate `existsNoRetry == 1` for object Any (First Match)`
    t =    63.65s         Checking existence of `Any (First Match)`
    t =    63.69s         Capturing element debug description
    t =    63.69s     Checking existence of `Any (First Match)`
    t =    63.71s Collecting debug information to assist test failure triage
    t =    63.71s     Requesting snapshot of accessibility hierarchy for app with pid 57827
    t =    63.72s Checking existence of `Any (First Match)`
    t =    63.74s Checking existence of `Any (First Match)`
    t =    63.76s Checking existence of `Any (First Match)`
    t =    63.77s Find the Any (First Match)
STEP[63s]: iter 0: done
    t =    63.79s Terminate io.nstudio.lynx:57827
STEP[64s]: iter 1: launch io.nstudio.lynx
    t =    64.84s Open io.nstudio.lynx
    t =    64.85s     Launch io.nstudio.lynx
    t =    64.95s         Setting up automation session
    t =    65.50s         Wait for io.nstudio.lynx to idle
    t =    66.82s Checking existence of `"Health" Button`
    t =    66.88s Waiting 20.0s for Any (First Match) to exist
    t =    67.91s     Checking `Expect predicate `existsNoRetry == 1` for object Any (First Match)`
    t =    67.91s         Checking existence of `Any (First Match)`
STEP[67s]: iter 1: nav Health
    t =    67.94s Checking existence of `"Health" Button`
    t =    67.96s Tap Any (First Match)
    t =    67.96s     Wait for io.nstudio.lynx to idle
    t =    67.96s     Find the Any (First Match)
    t =    67.98s     Check for interrupting elements affecting "Health" StaticText
    t =    68.00s     Synthesize event
    t =    68.29s     Wait for io.nstudio.lynx to idle
    t =    68.65s Waiting 10.0s for Any (First Match) to exist
    t =    69.67s     Checking `Expect predicate `existsNoRetry == 1` for object Any (First Match)`
    t =    69.67s         Checking existence of `Any (First Match)`
    t =    69.70s Checking existence of `Any (First Match)`
    t =    69.72s Find the Any (First Match)
    t =    69.74s Checking existence of `"Health access: granted" StaticText`
    t =    69.75s Find the "Health access: granted" StaticText
    t =    69.76s Waiting 15.0s for Any (First Match) to exist
    t =    70.78s     Checking `Expect predicate `existsNoRetry == 1` for object Any (First Match)`
    t =    70.78s         Checking existence of `Any (First Match)`
    t =    70.83s Checking existence of `Any (First Match)`
    t =    70.85s Find the Any (First Match)
    t =    70.87s Checking existence of `"Log 500 Steps" Button`
    t =    70.90s Checking existence of `Any (First Match)`
    t =    70.92s Find the Any (First Match)
STEP[70s]: iter 1: log 500
    t =    70.95s Tap "Log 500 Steps" StaticText
    t =    70.95s     Wait for io.nstudio.lynx to idle
    t =    70.95s     Find the "Log 500 Steps" StaticText
    t =    70.98s     Check for interrupting elements affecting "Log 500 Steps" StaticText
    t =    71.01s     Synthesize event
    t =    71.29s     Wait for io.nstudio.lynx to idle
    t =    71.30s Checking existence of `"Sat Jul 25 — 7,500 steps (today)" StaticText`
    t =    71.32s Find the "Sat Jul 25 — 7,500 steps (today)" StaticText
    t =    71.35s Checking existence of `"Sat Jul 25 — 8,000 steps (today)" StaticText`
STEP[71s]: iter 1: go home
    t =    71.37s Checking existence of `"Transcribe" Button`
    t =    71.40s Checking existence of `"Health" Button`
    t =    71.42s Checking existence of `Any (First Match)`
    t =    71.45s Checking existence of `Button (Element at index 0)`
    t =    71.46s Checking existence of `"Back" Button`
    t =    71.48s Checking existence of `"Home" Button`
    t =    71.51s Checking existence of `Any (First Match)`
    t =    71.54s Find the Any (First Match)
STEP[71s]: goHome: tapping candidate 3
    t =    71.58s Tap "Back to Home" StaticText
    t =    71.58s     Wait for io.nstudio.lynx to idle
    t =    71.58s     Find the "Back to Home" StaticText
    t =    71.61s     Check for interrupting elements affecting "Back to Home" StaticText
    t =    71.63s     Synthesize event
    t =    71.92s     Wait for io.nstudio.lynx to idle
    t =    72.22s Checking existence of `"Transcribe" Button`
    t =    72.24s Waiting 3.0s for Any (First Match) to exist
    t =    73.27s     Checking `Expect predicate `existsNoRetry == 1` for object Any (First Match)`
    t =    73.27s         Checking existence of `Any (First Match)`
STEP[73s]: iter 1: nav Transcribe
    t =    73.30s Checking existence of `"Transcribe" Button`
    t =    73.32s Tap Any (First Match)
    t =    73.32s     Wait for io.nstudio.lynx to idle
    t =    73.32s     Find the Any (First Match)
    t =    73.34s     Check for interrupting elements affecting "Transcribe" StaticText
    t =    73.36s     Synthesize event
    t =    73.65s     Wait for io.nstudio.lynx to idle
    t =    73.97s Waiting 10.0s for Any (First Match) to exist
    t =    75.00s     Checking `Expect predicate `existsNoRetry == 1` for object Any (First Match)`
    t =    75.00s         Checking existence of `Any (First Match)`
    t =    75.03s Checking existence of `Any (First Match)`
    t =    75.05s Find the Any (First Match)
    t =    75.07s Checking existence of `"Speech access: granted" StaticText`
    t =    75.08s Find the "Speech access: granted" StaticText
    t =    75.10s Checking existence of `"Transcribe Sample" Button`
    t =    75.12s Checking existence of `Any (First Match)`
    t =    75.14s Find the Any (First Match)
STEP[75s]: iter 1: transcribe
    t =    75.17s Tap "Transcribe Sample" StaticText
    t =    75.17s     Wait for io.nstudio.lynx to idle
    t =    75.17s     Find the "Transcribe Sample" StaticText
    t =    75.19s     Check for interrupting elements affecting "Transcribe Sample" StaticText
    t =    75.22s     Synthesize event
    t =    75.51s     Wait for io.nstudio.lynx to idle
    t =    75.51s Waiting 45.0s for Any (First Match) to exist
    t =    76.53s     Checking `Expect predicate `existsNoRetry == 1` for object Any (First Match)`
    t =    76.53s         Checking existence of `Any (First Match)`
    t =    76.57s         Capturing element debug description
    t =    77.59s     Checking `Expect predicate `existsNoRetry == 1` for object Any (First Match)`
    t =    77.59s         Checking existence of `Any (First Match)`
    t =    77.63s         Capturing element debug description
    t =    78.55s     Checking `Expect predicate `existsNoRetry == 1` for object Any (First Match)`
    t =    78.55s         Checking existence of `Any (First Match)`
    t =    78.59s         Capturing element debug description
    t =    79.51s     Checking `Expect predicate `existsNoRetry == 1` for object Any (First Match)`
    t =    79.52s         Checking existence of `Any (First Match)`
    t =    79.55s         Capturing element debug description
    t =    80.57s     Checking `Expect predicate `existsNoRetry == 1` for object Any (First Match)`
    t =    80.57s         Checking existence of `Any (First Match)`
    t =    80.61s         Capturing element debug description
    t =    81.52s     Checking `Expect predicate `existsNoRetry == 1` for object Any (First Match)`
    t =    81.52s         Checking existence of `Any (First Match)`
    t =    81.55s         Capturing element debug description
    t =    82.58s     Checking `Expect predicate `existsNoRetry == 1` for object Any (First Match)`
    t =    82.58s         Checking existence of `Any (First Match)`
    t =    82.62s         Capturing element debug description
    t =    83.55s     Checking `Expect predicate `existsNoRetry == 1` for object Any (First Match)`
    t =    83.55s         Checking existence of `Any (First Match)`
    t =    83.59s         Capturing element debug description
    t =    84.52s     Checking `Expect predicate `existsNoRetry == 1` for object Any (First Match)`
    t =    84.52s         Checking existence of `Any (First Match)`
    t =    84.55s         Capturing element debug description
    t =    85.58s     Checking `Expect predicate `existsNoRetry == 1` for object Any (First Match)`
    t =    85.58s         Checking existence of `Any (First Match)`
    t =    85.62s         Capturing element debug description
    t =    86.54s     Checking `Expect predicate `existsNoRetry == 1` for object Any (First Match)`
    t =    86.54s         Checking existence of `Any (First Match)`
    t =    86.58s         Capturing element debug description
    t =    87.51s     Checking `Expect predicate `existsNoRetry == 1` for object Any (First Match)`
    t =    87.51s         Checking existence of `Any (First Match)`
    t =    87.55s         Capturing element debug description
    t =    88.58s     Checking `Expect predicate `existsNoRetry == 1` for object Any (First Match)`
    t =    88.58s         Checking existence of `Any (First Match)`
    t =    88.62s         Capturing element debug description
    t =    89.55s     Checking `Expect predicate `existsNoRetry == 1` for object Any (First Match)`
    t =    89.56s         Checking existence of `Any (First Match)`
    t =    89.59s         Capturing element debug description
    t =    90.52s     Checking `Expect predicate `existsNoRetry == 1` for object Any (First Match)`
    t =    90.52s         Checking existence of `Any (First Match)`
    t =    90.55s         Capturing element debug description
    t =    91.58s     Checking `Expect predicate `existsNoRetry == 1` for object Any (First Match)`
    t =    91.58s         Checking existence of `Any (First Match)`
    t =    91.61s         Capturing element debug description
    t =    92.52s     Checking `Expect predicate `existsNoRetry == 1` for object Any (First Match)`
    t =    92.52s         Checking existence of `Any (First Match)`
    t =    92.55s         Capturing element debug description
    t =    93.58s     Checking `Expect predicate `existsNoRetry == 1` for object Any (First Match)`
    t =    93.58s         Checking existence of `Any (First Match)`
    t =    93.62s         Capturing element debug description
    t =    94.54s     Checking `Expect predicate `existsNoRetry == 1` for object Any (First Match)`
    t =    94.55s         Checking existence of `Any (First Match)`
    t =    94.58s         Capturing element debug description
    t =    95.52s     Checking `Expect predicate `existsNoRetry == 1` for object Any (First Match)`
    t =    95.52s         Checking existence of `Any (First Match)`
    t =    95.55s         Capturing element debug description
    t =    96.58s     Checking `Expect predicate `existsNoRetry == 1` for object Any (First Match)`
    t =    96.58s         Checking existence of `Any (First Match)`
    t =    96.62s         Capturing element debug description
    t =    97.55s     Checking `Expect predicate `existsNoRetry == 1` for object Any (First Match)`
    t =    97.55s         Checking existence of `Any (First Match)`
    t =    97.58s         Capturing element debug description
    t =    98.51s     Checking `Expect predicate `existsNoRetry == 1` for object Any (First Match)`
    t =    98.51s         Checking existence of `Any (First Match)`
    t =    98.55s         Capturing element debug description
    t =    99.59s     Checking `Expect predicate `existsNoRetry == 1` for object Any (First Match)`
    t =    99.60s         Checking existence of `Any (First Match)`
    t =    99.63s         Capturing element debug description
    t =   100.55s     Checking `Expect predicate `existsNoRetry == 1` for object Any (First Match)`
    t =   100.56s         Checking existence of `Any (First Match)`
    t =   100.59s         Capturing element debug description
    t =   101.52s     Checking `Expect predicate `existsNoRetry == 1` for object Any (First Match)`
    t =   101.52s         Checking existence of `Any (First Match)`
    t =   101.56s         Capturing element debug description
    t =   102.57s     Checking `Expect predicate `existsNoRetry == 1` for object Any (First Match)`
    t =   102.57s         Checking existence of `Any (First Match)`
    t =   102.61s         Capturing element debug description
    t =   103.54s     Checking `Expect predicate `existsNoRetry == 1` for object Any (First Match)`
    t =   103.54s         Checking existence of `Any (First Match)`
    t =   103.58s         Capturing element debug description
    t =   104.60s     Checking `Expect predicate `existsNoRetry == 1` for object Any (First Match)`
    t =   104.60s         Checking existence of `Any (First Match)`
    t =   104.64s         Capturing element debug description
    t =   105.56s     Checking `Expect predicate `existsNoRetry == 1` for object Any (First Match)`
    t =   105.56s         Checking existence of `Any (First Match)`
    t =   105.60s         Capturing element debug description
    t =   106.52s     Checking `Expect predicate `existsNoRetry == 1` for object Any (First Match)`
    t =   106.52s         Checking existence of `Any (First Match)`
    t =   106.55s         Capturing element debug description
    t =   107.58s     Checking `Expect predicate `existsNoRetry == 1` for object Any (First Match)`
    t =   107.58s         Checking existence of `Any (First Match)`
    t =   107.62s         Capturing element debug description
    t =   108.53s     Checking `Expect predicate `existsNoRetry == 1` for object Any (First Match)`
    t =   108.53s         Checking existence of `Any (First Match)`
    t =   108.57s         Capturing element debug description
    t =   109.60s     Checking `Expect predicate `existsNoRetry == 1` for object Any (First Match)`
    t =   109.60s         Checking existence of `Any (First Match)`
    t =   109.62s         Capturing element debug description
    t =   110.55s     Checking `Expect predicate `existsNoRetry == 1` for object Any (First Match)`
    t =   110.55s         Checking existence of `Any (First Match)`
    t =   110.59s         Capturing element debug description
    t =   111.52s     Checking `Expect predicate `existsNoRetry == 1` for object Any (First Match)`
    t =   111.52s         Checking existence of `Any (First Match)`
    t =   111.56s         Capturing element debug description
    t =   112.58s     Checking `Expect predicate `existsNoRetry == 1` for object Any (First Match)`
    t =   112.58s         Checking existence of `Any (First Match)`
    t =   112.62s         Capturing element debug description
    t =   113.55s     Checking `Expect predicate `existsNoRetry == 1` for object Any (First Match)`
    t =   113.55s         Checking existence of `Any (First Match)`
    t =   113.59s         Capturing element debug description
    t =   114.51s     Checking `Expect predicate `existsNoRetry == 1` for object Any (First Match)`
    t =   114.52s         Checking existence of `Any (First Match)`
    t =   114.55s         Capturing element debug description
    t =   115.59s     Checking `Expect predicate `existsNoRetry == 1` for object Any (First Match)`
    t =   115.59s         Checking existence of `Any (First Match)`
    t =   115.63s         Capturing element debug description
    t =   116.56s     Checking `Expect predicate `existsNoRetry == 1` for object Any (First Match)`
    t =   116.56s         Checking existence of `Any (First Match)`
    t =   116.59s         Capturing element debug description
    t =   117.52s     Checking `Expect predicate `existsNoRetry == 1` for object Any (First Match)`
    t =   117.52s         Checking existence of `Any (First Match)`
    t =   117.56s         Capturing element debug description
    t =   118.59s     Checking `Expect predicate `existsNoRetry == 1` for object Any (First Match)`
    t =   118.59s         Checking existence of `Any (First Match)`
    t =   118.63s         Capturing element debug description
    t =   119.57s     Checking `Expect predicate `existsNoRetry == 1` for object Any (First Match)`
    t =   119.57s         Checking existence of `Any (First Match)`
    t =   119.60s         Capturing element debug description
    t =   120.52s     Checking `Expect predicate `existsNoRetry == 1` for object Any (First Match)`
    t =   120.52s         Checking existence of `Any (First Match)`
    t =   120.55s         Capturing element debug description
    t =   120.56s     Checking existence of `Any (First Match)`
    t =   120.58s Collecting debug information to assist test failure triage
    t =   120.58s     Requesting snapshot of accessibility hierarchy for app with pid 57922
    t =   120.59s Checking existence of `Any (First Match)`
    t =   120.61s Checking existence of `Any (First Match)`
    t =   120.63s Checking existence of `Any (First Match)`
    t =   120.64s Find the Any (First Match)
STEP[120s]: iter 1: done
    t =   120.66s Terminate io.nstudio.lynx:57922
STEP[121s]: iter 2: launch io.nstudio.lynx
    t =   121.72s Open io.nstudio.lynx
    t =   121.73s     Launch io.nstudio.lynx
    t =   121.84s         Setting up automation session
    t =   122.38s         Wait for io.nstudio.lynx to idle
    t =   123.69s Checking existence of `"Health" Button`
    t =   123.74s Waiting 20.0s for Any (First Match) to exist
    t =   124.77s     Checking `Expect predicate `existsNoRetry == 1` for object Any (First Match)`
    t =   124.77s         Checking existence of `Any (First Match)`
STEP[124s]: iter 2: nav Health
    t =   124.81s Checking existence of `"Health" Button`
    t =   124.82s Tap Any (First Match)
    t =   124.82s     Wait for io.nstudio.lynx to idle
    t =   124.82s     Find the Any (First Match)
    t =   124.84s     Check for interrupting elements affecting "Health" StaticText
    t =   124.87s     Synthesize event
    t =   125.16s     Wait for io.nstudio.lynx to idle
    t =   125.53s Waiting 10.0s for Any (First Match) to exist
    t =   126.55s     Checking `Expect predicate `existsNoRetry == 1` for object Any (First Match)`
    t =   126.55s         Checking existence of `Any (First Match)`
    t =   126.58s Checking existence of `Any (First Match)`
    t =   126.59s Find the Any (First Match)
    t =   126.61s Checking existence of `"Health access: granted" StaticText`
    t =   126.63s Find the "Health access: granted" StaticText
    t =   126.64s Waiting 15.0s for Any (First Match) to exist
    t =   127.67s     Checking `Expect predicate `existsNoRetry == 1` for object Any (First Match)`
    t =   127.68s         Checking existence of `Any (First Match)`
    t =   127.72s Checking existence of `Any (First Match)`
    t =   127.74s Find the Any (First Match)
    t =   127.76s Checking existence of `"Log 500 Steps" Button`
    t =   127.79s Checking existence of `Any (First Match)`
    t =   127.81s Find the Any (First Match)
STEP[127s]: iter 2: log 500
    t =   127.84s Tap "Log 500 Steps" StaticText
    t =   127.84s     Wait for io.nstudio.lynx to idle
    t =   127.84s     Find the "Log 500 Steps" StaticText
    t =   127.87s     Check for interrupting elements affecting "Log 500 Steps" StaticText
    t =   127.90s     Synthesize event
    t =   128.19s     Wait for io.nstudio.lynx to idle
    t =   128.20s Checking existence of `"Sat Jul 25 — 8,000 steps (today)" StaticText`
    t =   128.23s Find the "Sat Jul 25 — 8,000 steps (today)" StaticText
    t =   128.26s Checking existence of `"Sat Jul 25 — 8,500 steps (today)" StaticText`
STEP[128s]: iter 2: go home
    t =   128.28s Checking existence of `"Transcribe" Button`
    t =   128.30s Checking existence of `"Health" Button`
    t =   128.33s Checking existence of `Any (First Match)`
    t =   128.36s Checking existence of `Button (Element at index 0)`
    t =   128.36s Checking existence of `"Back" Button`
    t =   128.39s Checking existence of `"Home" Button`
    t =   128.42s Checking existence of `Any (First Match)`
    t =   128.44s Find the Any (First Match)
STEP[128s]: goHome: tapping candidate 3
    t =   128.48s Tap "Back to Home" StaticText
    t =   128.48s     Wait for io.nstudio.lynx to idle
    t =   128.48s     Find the "Back to Home" StaticText
    t =   128.51s     Check for interrupting elements affecting "Back to Home" StaticText
    t =   128.54s     Synthesize event
    t =   128.82s     Wait for io.nstudio.lynx to idle
    t =   129.14s Checking existence of `"Transcribe" Button`
    t =   129.16s Waiting 3.0s for Any (First Match) to exist
    t =   130.18s     Checking `Expect predicate `existsNoRetry == 1` for object Any (First Match)`
    t =   130.19s         Checking existence of `Any (First Match)`
STEP[130s]: iter 2: nav Transcribe
    t =   130.22s Checking existence of `"Transcribe" Button`
    t =   130.23s Tap Any (First Match)
    t =   130.23s     Wait for io.nstudio.lynx to idle
    t =   130.24s     Find the Any (First Match)
    t =   130.26s     Check for interrupting elements affecting "Transcribe" StaticText
    t =   130.28s     Synthesize event
    t =   130.57s     Wait for io.nstudio.lynx to idle
    t =   130.88s Waiting 10.0s for Any (First Match) to exist
    t =   131.90s     Checking `Expect predicate `existsNoRetry == 1` for object Any (First Match)`
    t =   131.90s         Checking existence of `Any (First Match)`
    t =   131.93s Checking existence of `Any (First Match)`
    t =   131.95s Find the Any (First Match)
    t =   131.97s Checking existence of `"Speech access: granted" StaticText`
    t =   131.98s Find the "Speech access: granted" StaticText
    t =   132.00s Checking existence of `"Transcribe Sample" Button`
    t =   132.02s Checking existence of `Any (First Match)`
    t =   132.03s Find the Any (First Match)
STEP[132s]: iter 2: transcribe
    t =   132.06s Tap "Transcribe Sample" StaticText
    t =   132.06s     Wait for io.nstudio.lynx to idle
    t =   132.06s     Find the "Transcribe Sample" StaticText
    t =   132.09s     Check for interrupting elements affecting "Transcribe Sample" StaticText
    t =   132.11s     Synthesize event
    t =   132.40s     Wait for io.nstudio.lynx to idle
    t =   132.40s Waiting 45.0s for Any (First Match) to exist
    t =   133.42s     Checking `Expect predicate `existsNoRetry == 1` for object Any (First Match)`
    t =   133.42s         Checking existence of `Any (First Match)`
    t =   133.45s         Capturing element debug description
    t =   134.48s     Checking `Expect predicate `existsNoRetry == 1` for object Any (First Match)`
    t =   134.48s         Checking existence of `Any (First Match)`
    t =   134.52s         Capturing element debug description
    t =   135.43s     Checking `Expect predicate `existsNoRetry == 1` for object Any (First Match)`
    t =   135.44s         Checking existence of `Any (First Match)`
    t =   135.47s         Capturing element debug description
    t =   136.49s     Checking `Expect predicate `existsNoRetry == 1` for object Any (First Match)`
    t =   136.49s         Checking existence of `Any (First Match)`
    t =   136.53s         Capturing element debug description
    t =   137.45s     Checking `Expect predicate `existsNoRetry == 1` for object Any (First Match)`
    t =   137.45s         Checking existence of `Any (First Match)`
    t =   137.49s         Capturing element debug description
    t =   138.42s     Checking `Expect predicate `existsNoRetry == 1` for object Any (First Match)`
    t =   138.42s         Checking existence of `Any (First Match)`
    t =   138.45s         Capturing element debug description
    t =   139.47s     Checking `Expect predicate `existsNoRetry == 1` for object Any (First Match)`
    t =   139.47s         Checking existence of `Any (First Match)`
    t =   139.51s         Capturing element debug description
    t =   140.42s     Checking `Expect predicate `existsNoRetry == 1` for object Any (First Match)`
    t =   140.42s         Checking existence of `Any (First Match)`
    t =   140.46s         Capturing element debug description
    t =   141.47s     Checking `Expect predicate `existsNoRetry == 1` for object Any (First Match)`
    t =   141.47s         Checking existence of `Any (First Match)`
    t =   141.51s         Capturing element debug description
    t =   142.43s     Checking `Expect predicate `existsNoRetry == 1` for object Any (First Match)`
    t =   142.44s         Checking existence of `Any (First Match)`
    t =   142.47s         Capturing element debug description
    t =   143.49s     Checking `Expect predicate `existsNoRetry == 1` for object Any (First Match)`
    t =   143.49s         Checking existence of `Any (First Match)`
    t =   143.53s         Capturing element debug description
    t =   144.45s     Checking `Expect predicate `existsNoRetry == 1` for object Any (First Match)`
    t =   144.45s         Checking existence of `Any (First Match)`
    t =   144.48s         Capturing element debug description
    t =   145.40s     Checking `Expect predicate `existsNoRetry == 1` for object Any (First Match)`
    t =   145.41s         Checking existence of `Any (First Match)`
    t =   145.44s         Capturing element debug description
    t =   146.45s     Checking `Expect predicate `existsNoRetry == 1` for object Any (First Match)`
    t =   146.45s         Checking existence of `Any (First Match)`
    t =   146.49s         Capturing element debug description
    t =   147.42s     Checking `Expect predicate `existsNoRetry == 1` for object Any (First Match)`
    t =   147.42s         Checking existence of `Any (First Match)`
    t =   147.45s         Capturing element debug description
    t =   148.47s     Checking `Expect predicate `existsNoRetry == 1` for object Any (First Match)`
    t =   148.47s         Checking existence of `Any (First Match)`
    t =   148.50s         Capturing element debug description
    t =   149.42s     Checking `Expect predicate `existsNoRetry == 1` for object Any (First Match)`
    t =   149.42s         Checking existence of `Any (First Match)`
    t =   149.46s         Capturing element debug description
    t =   150.48s     Checking `Expect predicate `existsNoRetry == 1` for object Any (First Match)`
    t =   150.48s         Checking existence of `Any (First Match)`
    t =   150.51s         Capturing element debug description
    t =   151.42s     Checking `Expect predicate `existsNoRetry == 1` for object Any (First Match)`
    t =   151.42s         Checking existence of `Any (First Match)`
    t =   151.45s         Capturing element debug description
    t =   152.48s     Checking `Expect predicate `existsNoRetry == 1` for object Any (First Match)`
    t =   152.48s         Checking existence of `Any (First Match)`
    t =   152.52s         Capturing element debug description
    t =   153.42s     Checking `Expect predicate `existsNoRetry == 1` for object Any (First Match)`
    t =   153.42s         Checking existence of `Any (First Match)`
    t =   153.46s         Capturing element debug description
    t =   154.48s     Checking `Expect predicate `existsNoRetry == 1` for object Any (First Match)`
    t =   154.48s         Checking existence of `Any (First Match)`
    t =   154.52s         Capturing element debug description
    t =   155.43s     Checking `Expect predicate `existsNoRetry == 1` for object Any (First Match)`
    t =   155.43s         Checking existence of `Any (First Match)`
    t =   155.47s         Capturing element debug description
    t =   156.41s     Checking `Expect predicate `existsNoRetry == 1` for object Any (First Match)`
    t =   156.41s         Checking existence of `Any (First Match)`
    t =   156.44s         Capturing element debug description
    t =   157.47s     Checking `Expect predicate `existsNoRetry == 1` for object Any (First Match)`
    t =   157.47s         Checking existence of `Any (First Match)`
    t =   157.51s         Capturing element debug description
    t =   158.43s     Checking `Expect predicate `existsNoRetry == 1` for object Any (First Match)`
    t =   158.43s         Checking existence of `Any (First Match)`
    t =   158.46s         Capturing element debug description
    t =   159.48s     Checking `Expect predicate `existsNoRetry == 1` for object Any (First Match)`
    t =   159.48s         Checking existence of `Any (First Match)`
    t =   159.52s         Capturing element debug description
    t =   160.43s     Checking `Expect predicate `existsNoRetry == 1` for object Any (First Match)`
    t =   160.43s         Checking existence of `Any (First Match)`
    t =   160.45s         Capturing element debug description
    t =   161.47s     Checking `Expect predicate `existsNoRetry == 1` for object Any (First Match)`
    t =   161.47s         Checking existence of `Any (First Match)`
    t =   161.51s         Capturing element debug description
    t =   162.42s     Checking `Expect predicate `existsNoRetry == 1` for object Any (First Match)`
    t =   162.42s         Checking existence of `Any (First Match)`
    t =   162.45s         Capturing element debug description
    t =   163.48s     Checking `Expect predicate `existsNoRetry == 1` for object Any (First Match)`
    t =   163.48s         Checking existence of `Any (First Match)`
    t =   163.52s         Capturing element debug description
    t =   164.45s     Checking `Expect predicate `existsNoRetry == 1` for object Any (First Match)`
    t =   164.45s         Checking existence of `Any (First Match)`
    t =   164.48s         Capturing element debug description
    t =   165.41s     Checking `Expect predicate `existsNoRetry == 1` for object Any (First Match)`
    t =   165.41s         Checking existence of `Any (First Match)`
    t =   165.45s         Capturing element debug description
    t =   166.48s     Checking `Expect predicate `existsNoRetry == 1` for object Any (First Match)`
    t =   166.48s         Checking existence of `Any (First Match)`
    t =   166.52s         Capturing element debug description
    t =   167.42s     Checking `Expect predicate `existsNoRetry == 1` for object Any (First Match)`
    t =   167.42s         Checking existence of `Any (First Match)`
    t =   167.45s         Capturing element debug description
    t =   168.47s     Checking `Expect predicate `existsNoRetry == 1` for object Any (First Match)`
    t =   168.47s         Checking existence of `Any (First Match)`
    t =   168.51s         Capturing element debug description
    t =   169.43s     Checking `Expect predicate `existsNoRetry == 1` for object Any (First Match)`
    t =   169.44s         Checking existence of `Any (First Match)`
    t =   169.47s         Capturing element debug description
    t =   170.49s     Checking `Expect predicate `existsNoRetry == 1` for object Any (First Match)`
    t =   170.49s         Checking existence of `Any (First Match)`
    t =   170.53s         Capturing element debug description
    t =   171.45s     Checking `Expect predicate `existsNoRetry == 1` for object Any (First Match)`
    t =   171.45s         Checking existence of `Any (First Match)`
    t =   171.49s         Capturing element debug description
    t =   172.42s     Checking `Expect predicate `existsNoRetry == 1` for object Any (First Match)`
    t =   172.42s         Checking existence of `Any (First Match)`
    t =   172.45s         Capturing element debug description
    t =   173.48s     Checking `Expect predicate `existsNoRetry == 1` for object Any (First Match)`
    t =   173.48s         Checking existence of `Any (First Match)`
    t =   173.52s         Capturing element debug description
    t =   174.45s     Checking `Expect predicate `existsNoRetry == 1` for object Any (First Match)`
    t =   174.45s         Checking existence of `Any (First Match)`
    t =   174.49s         Capturing element debug description
    t =   175.41s     Checking `Expect predicate `existsNoRetry == 1` for object Any (First Match)`
    t =   175.41s         Checking existence of `Any (First Match)`
    t =   175.45s         Capturing element debug description
    t =   176.45s     Checking `Expect predicate `existsNoRetry == 1` for object Any (First Match)`
    t =   176.45s         Checking existence of `Any (First Match)`
    t =   176.49s         Capturing element debug description
    t =   177.41s     Checking `Expect predicate `existsNoRetry == 1` for object Any (First Match)`
    t =   177.41s         Checking existence of `Any (First Match)`
    t =   177.45s         Capturing element debug description
    t =   177.45s     Checking existence of `Any (First Match)`
    t =   177.47s Collecting debug information to assist test failure triage
    t =   177.47s     Requesting snapshot of accessibility hierarchy for app with pid 58019
    t =   177.48s Checking existence of `Any (First Match)`
    t =   177.50s Checking existence of `Any (First Match)`
    t =   177.52s Checking existence of `Any (First Match)`
    t =   177.53s Find the Any (First Match)
STEP[177s]: iter 2: done
    t =   177.54s Terminate io.nstudio.lynx:58019
PERFJSON:{"bundle_id":"io.nstudio.lynx","runs":[{"hk_rows_ms":1070,"health_granted":true,"nav_health_ms":1776,"nav_transcribe_ms":1750,"speech_state":"init_or_task_failed: Failed to initialize recognizer","hk_log_roundtrip_ms":444,"iter":0,"speech_granted":true},{"health_granted":true,"hk_rows_ms":1061,"hk_log_roundtrip_ms":425,"nav_health_ms":1761,"iter":1,"nav_transcribe_ms":1733,"speech_granted":true,"speech_state":"init_or_task_failed: Failed to initialize recognizer"},{"speech_granted":true,"nav_transcribe_ms":1716,"health_granted":true,"iter":2,"speech_state":"init_or_task_failed: Failed to initialize recognizer","hk_rows_ms":1076,"nav_health_ms":1774,"hk_log_roundtrip_ms":441}]}
    t =   178.61s Tear Down
Test Case '-[UIDriverUITests.FeatureLatencyTests testFeatureLatencies]' passed (178.693 seconds).
Test Suite 'FeatureLatencyTests' passed at 2026-07-25 20:00:59.674.
	 Executed 1 test, with 0 failures (0 unexpected) in 178.693 (178.695) seconds
Test Suite 'UIDriverUITests.xctest' passed at 2026-07-25 20:00:59.675.
	 Executed 1 test, with 0 failures (0 unexpected) in 178.693 (178.696) seconds
Test Suite 'All tests' passed at 2026-07-25 20:00:59.676.
	 Executed 1 test, with 0 failures (0 unexpected) in 178.693 (178.697) seconds
2026-07-25 20:01:00.009 xcodebuild[57807:17017992] [MT] IDETestOperationsObserverDebug: 180.661 elapsed -- Testing started completed.
2026-07-25 20:01:00.009 xcodebuild[57807:17017992] [MT] IDETestOperationsObserverDebug: 0.000 sec, +0.000 sec -- start
2026-07-25 20:01:00.009 xcodebuild[57807:17017992] [MT] IDETestOperationsObserverDebug: 180.661 sec, +180.661 sec -- end

Test session results, code coverage, and logs:
	/Users/runner/Library/Developer/Xcode/DerivedData/UIDriver-ekqcqbpucoqmcgbikewqdmafsmmj/Logs/Test/Test-UIDriver-2026.07.25_19-57-58--0700.xcresult

** TEST SUCCEEDED **

Testing started
