Command line invocation:
    /Applications/Xcode.app/Contents/Developer/usr/bin/xcodebuild test -project UIDriver.xcodeproj -scheme UIDriver -destination id=7DFF2660-A10C-449E-867A-92863D91663B

--- xcodebuild: WARNING: Using the first of multiple matching destinations:
{ platform:iOS Simulator, arch:arm64, id:7DFF2660-A10C-449E-867A-92863D91663B, OS:26.5, name:iPhone 17 Pro }
{ platform:iOS Simulator, arch:x86_64, id:7DFF2660-A10C-449E-867A-92863D91663B, OS:26.5, name:iPhone 17 Pro }
ComputePackagePrebuildTargetDependencyGraph

Prepare packages

CreateBuildRequest

SendProjectDescription

CreateBuildOperation

ComputeTargetDependencyGraph
note: Building targets in dependency order
note: Target dependency graph (1 target)
    Target 'UIDriverUITests' in project 'UIDriver' (no dependencies)

GatherProvisioningInputs

CreateBuildDescription

ExecuteExternalTool /Applications/Xcode.app/Contents/Developer/Toolchains/XcodeDefault.xctoolchain/usr/bin/clang -v -E -dM -isysroot /Applications/Xcode.app/Contents/Developer/Platforms/iPhoneSimulator.platform/Developer/SDKs/iPhoneSimulator26.5.sdk -x c -c /dev/null

ExecuteExternalTool /Applications/Xcode.app/Contents/Developer/Toolchains/XcodeDefault.xctoolchain/usr/bin/swiftc --version

ExecuteExternalTool /Applications/Xcode.app/Contents/Developer/Toolchains/XcodeDefault.xctoolchain/usr/bin/ld -version_details

Build description signature: faaeeeffcd86c401f66931e800d6f704
Build description path: /Users/runner/Library/Developer/Xcode/DerivedData/UIDriver-ekqcqbpucoqmcgbikewqdmafsmmj/Build/Intermediates.noindex/XCBuildData/faaeeeffcd86c401f66931e800d6f704.xcbuilddata
ClangStatCache /Applications/Xcode.app/Contents/Developer/Toolchains/XcodeDefault.xctoolchain/usr/bin/clang-stat-cache /Applications/Xcode.app/Contents/Developer/Platforms/iPhoneSimulator.platform/Developer/SDKs/iPhoneSimulator26.5.sdk /Users/runner/Library/Developer/Xcode/DerivedData/SDKStatCaches.noindex/iphonesimulator26.5-23F73-688ef53f1462e2c8f657fdc38a81448f6cfe768891a92b912361537c460fe42b.sdkstatcache
    cd /Users/runner/token-economics/harness/perf/uidriver/UIDriver.xcodeproj
    /Applications/Xcode.app/Contents/Developer/Toolchains/XcodeDefault.xctoolchain/usr/bin/clang-stat-cache /Applications/Xcode.app/Contents/Developer/Platforms/iPhoneSimulator.platform/Developer/SDKs/iPhoneSimulator26.5.sdk -o /Users/runner/Library/Developer/Xcode/DerivedData/SDKStatCaches.noindex/iphonesimulator26.5-23F73-688ef53f1462e2c8f657fdc38a81448f6cfe768891a92b912361537c460fe42b.sdkstatcache

ProcessInfoPlistFile /Users/runner/Library/Developer/Xcode/DerivedData/UIDriver-ekqcqbpucoqmcgbikewqdmafsmmj/Build/Products/Debug-iphonesimulator/UIDriverUITests-Runner.app/PlugIns/UIDriverUITests.xctest/Info.plist /Users/runner/Library/Developer/Xcode/DerivedData/UIDriver-ekqcqbpucoqmcgbikewqdmafsmmj/Build/Intermediates.noindex/UIDriver.build/Debug-iphonesimulator/UIDriverUITests.build/empty-UIDriverUITests.plist (in target 'UIDriverUITests' from project 'UIDriver')
    cd /Users/runner/token-economics/harness/perf/uidriver
    builtin-infoPlistUtility /Users/runner/Library/Developer/Xcode/DerivedData/UIDriver-ekqcqbpucoqmcgbikewqdmafsmmj/Build/Intermediates.noindex/UIDriver.build/Debug-iphonesimulator/UIDriverUITests.build/empty-UIDriverUITests.plist -producttype com.apple.product-type.bundle.ui-testing -expandbuildsettings -format binary -platform iphonesimulator -additionalcontentfile /Users/runner/Library/Developer/Xcode/DerivedData/UIDriver-ekqcqbpucoqmcgbikewqdmafsmmj/Build/Intermediates.noindex/UIDriver.build/Debug-iphonesimulator/UIDriverUITests.build/ProductTypeInfoPlistAdditions.plist -o /Users/runner/Library/Developer/Xcode/DerivedData/UIDriver-ekqcqbpucoqmcgbikewqdmafsmmj/Build/Products/Debug-iphonesimulator/UIDriverUITests-Runner.app/PlugIns/UIDriverUITests.xctest/Info.plist

CopySwiftLibs /Users/runner/Library/Developer/Xcode/DerivedData/UIDriver-ekqcqbpucoqmcgbikewqdmafsmmj/Build/Products/Debug-iphonesimulator/UIDriverUITests-Runner.app/PlugIns/UIDriverUITests.xctest (in target 'UIDriverUITests' from project 'UIDriver')
    cd /Users/runner/token-economics/harness/perf/uidriver
    builtin-swiftStdLibTool --copy --verbose --scan-executable /Users/runner/Library/Developer/Xcode/DerivedData/UIDriver-ekqcqbpucoqmcgbikewqdmafsmmj/Build/Products/Debug-iphonesimulator/UIDriverUITests-Runner.app/PlugIns/UIDriverUITests.xctest/UIDriverUITests --scan-folder /Users/runner/Library/Developer/Xcode/DerivedData/UIDriver-ekqcqbpucoqmcgbikewqdmafsmmj/Build/Products/Debug-iphonesimulator/UIDriverUITests-Runner.app/PlugIns/UIDriverUITests.xctest/Frameworks --scan-folder /Users/runner/Library/Developer/Xcode/DerivedData/UIDriver-ekqcqbpucoqmcgbikewqdmafsmmj/Build/Products/Debug-iphonesimulator/UIDriverUITests-Runner.app/PlugIns/UIDriverUITests.xctest/PlugIns --scan-folder /Users/runner/Library/Developer/Xcode/DerivedData/UIDriver-ekqcqbpucoqmcgbikewqdmafsmmj/Build/Products/Debug-iphonesimulator/UIDriverUITests-Runner.app/PlugIns/UIDriverUITests.xctest/SystemExtensions --scan-folder /Users/runner/Library/Developer/Xcode/DerivedData/UIDriver-ekqcqbpucoqmcgbikewqdmafsmmj/Build/Products/Debug-iphonesimulator/UIDriverUITests-Runner.app/PlugIns/UIDriverUITests.xctest/Extensions --platform iphonesimulator --toolchain /var/run/com.apple.security.cryptexd/mnt/com.apple.MobileAsset.MetalToolchain-v17.6.42.0.xRBJyY/Metal.xctoolchain --toolchain /Applications/Xcode.app/Contents/Developer/Toolchains/XcodeDefault.xctoolchain --destination /Users/runner/Library/Developer/Xcode/DerivedData/UIDriver-ekqcqbpucoqmcgbikewqdmafsmmj/Build/Products/Debug-iphonesimulator/UIDriverUITests-Runner.app/PlugIns/UIDriverUITests.xctest/Frameworks --strip-bitcode --scan-executable /Applications/Xcode.app/Contents/Developer/Platforms/iPhoneSimulator.platform/Developer/usr/lib/libXCTestSwiftSupport.dylib --strip-bitcode-tool /Applications/Xcode.app/Contents/Developer/Toolchains/XcodeDefault.xctoolchain/usr/bin/bitcode_strip --emit-dependency-info /Users/runner/Library/Developer/Xcode/DerivedData/UIDriver-ekqcqbpucoqmcgbikewqdmafsmmj/Build/Intermediates.noindex/UIDriver.build/Debug-iphonesimulator/UIDriverUITests.build/SwiftStdLibToolInputDependencies.dep --filter-for-swift-os
Ignoring --strip-bitcode because --sign was not passed

2026-07-25 19:51:49.897364-0700 UIDriverUITests-Runner[57146:17003589] [Default] Running tests...
    t =      nans Interface orientation changed to Portrait
Test Suite 'All tests' started at 2026-07-25 19:51:50.473.
Test Suite 'UIDriverUITests.xctest' started at 2026-07-25 19:51:50.473.
Test Suite 'FeatureLatencyTests' started at 2026-07-25 19:51:50.473.
Test Case '-[UIDriverUITests.FeatureLatencyTests testFeatureLatencies]' started.
    t =     0.00s Start Test at 2026-07-25 19:51:50.474
    t =     0.02s Set Up
STEP[0s]: iter 0: launch io.nstudio.lynx
    t =     0.02s Open io.nstudio.lynx
    t =     0.02s     Launch io.nstudio.lynx
    t =     0.12s         Setting up automation session
objc[57146]: Class UIAccessibilityLoaderWebShared is implemented in both /Library/Developer/CoreSimulator/Volumes/iOS_23F77/Library/Developer/CoreSimulator/Profiles/Runtimes/iOS 26.5.simruntime/Contents/Resources/RuntimeRoot/System/Library/AccessibilityBundles/WebCore.axbundle/WebCore (0x108964310) and /Library/Developer/CoreSimulator/Volumes/iOS_23F77/Library/Developer/CoreSimulator/Profiles/Runtimes/iOS 26.5.simruntime/Contents/Resources/RuntimeRoot/System/Library/AccessibilityBundles/WebKit.axbundle/WebKit (0x108998398). This may cause spurious casting failures and mysterious crashes. One of the duplicates must be removed or renamed.
    t =     0.79s         Wait for io.nstudio.lynx to idle
    t =     2.29s Checking existence of `"Health" Button`
    t =     2.33s Waiting 20.0s for Any (First Match) to exist
    t =     3.41s     Checking `Expect predicate `existsNoRetry == 1` for object Any (First Match)`
    t =     3.41s         Checking existence of `Any (First Match)`
STEP[3s]: iter 0: nav Health
    t =     3.44s Checking existence of `"Health" Button`
    t =     3.46s Tap Any (First Match)
    t =     3.46s     Wait for io.nstudio.lynx to idle
    t =     3.46s     Find the Any (First Match)
    t =     3.48s     Check for interrupting elements affecting "Health" StaticText
    t =     3.51s     Synthesize event
    t =     3.80s     Wait for io.nstudio.lynx to idle
    t =     4.17s Waiting 10.0s for Any (First Match) to exist
    t =     5.24s     Checking `Expect predicate `existsNoRetry == 1` for object Any (First Match)`
    t =     5.25s         Checking existence of `Any (First Match)`
    t =     5.28s Checking existence of `Any (First Match)`
    t =     5.30s Find the Any (First Match)
STEP[5s]: iter 0: HK authorize
    t =     5.32s Checking existence of `"Request Access" Button`
    t =     5.34s Checking existence of `Any (First Match)`
    t =     5.35s Find the Any (First Match)
    t =     5.38s Tap "Request Access" StaticText
    t =     5.38s     Wait for io.nstudio.lynx to idle
    t =     5.39s     Find the "Request Access" StaticText
    t =     5.41s     Check for interrupting elements affecting "Request Access" StaticText
    t =     5.43s     Synthesize event
    t =     5.73s     Wait for io.nstudio.lynx to idle
    t =     5.76s Waiting 3.0s for Any (First Match) to exist
    t =     6.84s     Checking `Expect predicate `existsNoRetry == 1` for object Any (First Match)`
    t =     6.84s         Checking existence of `Any (First Match)`
    t =     6.91s Find the Any (First Match)
STEP[6s]: health sheet(app): tap 'Turn On All'
    t =     6.96s Tap "Turn On All" StaticText
    t =     6.96s     Wait for io.nstudio.lynx to idle
    t =     6.96s     Find the "Turn On All" StaticText
    t =     7.01s     Check for interrupting elements affecting "Turn On All" StaticText
    t =     7.05s     Synthesize event
    t =     7.35s     Wait for io.nstudio.lynx to idle
    t =     7.36s Waiting 2.0s for "Allow" Button to exist
    t =     8.43s     Checking `Expect predicate `existsNoRetry == 1` for object "Allow" Button`
    t =     8.44s         Checking existence of `"Allow" Button`
    t =     8.50s Find the "Allow" Button
STEP[8s]: health sheet(app): confirm 'Allow'
    t =     8.54s Tap "UIA.Health.Allow.Button" Button
    t =     8.54s     Wait for io.nstudio.lynx to idle
    t =     8.55s     Find the "UIA.Health.Allow.Button" Button
    t =     8.59s     Check for interrupting elements affecting "UIA.Health.Allow.Button" Button
    t =     8.61s     Synthesize event
    t =     8.92s     Wait for io.nstudio.lynx to idle
    t =     8.92s Waiting 15.0s for Any (First Match) to exist
    t =     9.99s     Checking `Expect predicate `existsNoRetry == 1` for object Any (First Match)`
    t =     9.99s         Checking existence of `Any (First Match)`
    t =    10.03s Checking existence of `"Health access: not requested" StaticText`
    t =    10.05s Find the "Health access: not requested" StaticText
    t =    10.06s Waiting 15.0s for Any (First Match) to exist
    t =    11.15s     Checking `Expect predicate `existsNoRetry == 1` for object Any (First Match)`
    t =    11.15s         Checking existence of `Any (First Match)`
    t =    11.20s Checking existence of `Any (First Match)`
    t =    11.23s Find the Any (First Match)
    t =    11.25s Checking existence of `"Log 500 Steps" Button`
    t =    11.28s Checking existence of `Any (First Match)`
    t =    11.30s Find the Any (First Match)
STEP[11s]: iter 0: log 500
    t =    11.33s Tap "Log 500 Steps" StaticText
    t =    11.33s     Wait for io.nstudio.lynx to idle
    t =    11.33s     Find the "Log 500 Steps" StaticText
    t =    11.35s     Check for interrupting elements affecting "Log 500 Steps" StaticText
    t =    11.38s     Synthesize event
    t =    11.68s     Wait for io.nstudio.lynx to idle
    t =    11.69s Checking existence of `"Sat Jul 25 — 7,500 steps (today)" StaticText`
    t =    11.72s Find the "Sat Jul 25 — 7,500 steps (today)" StaticText
    t =    11.75s Checking existence of `"Sat Jul 25 — 6,000 steps (today)" StaticText`
STEP[11s]: iter 0: go home
    t =    11.77s Checking existence of `"Transcribe" Button`
    t =    11.80s Checking existence of `"Health" Button`
    t =    11.82s Checking existence of `Any (First Match)`
    t =    11.85s Checking existence of `Button (Element at index 0)`
    t =    11.86s Checking existence of `"Back" Button`
    t =    11.89s Checking existence of `"Home" Button`
    t =    11.91s Checking existence of `Any (First Match)`
    t =    11.93s Find the Any (First Match)
STEP[11s]: goHome: tapping candidate 3
    t =    11.96s Tap "Back to Home" StaticText
    t =    11.96s     Wait for io.nstudio.lynx to idle
    t =    11.96s     Find the "Back to Home" StaticText
    t =    11.98s     Check for interrupting elements affecting "Back to Home" StaticText
    t =    12.01s     Synthesize event
    t =    12.30s     Wait for io.nstudio.lynx to idle
    t =    12.62s Checking existence of `"Transcribe" Button`
    t =    12.64s Waiting 3.0s for Any (First Match) to exist
    t =    13.72s     Checking `Expect predicate `existsNoRetry == 1` for object Any (First Match)`
    t =    13.72s         Checking existence of `Any (First Match)`
STEP[13s]: iter 0: nav Transcribe
    t =    13.75s Checking existence of `"Transcribe" Button`
    t =    13.76s Tap Any (First Match)
    t =    13.76s     Wait for io.nstudio.lynx to idle
    t =    13.76s     Find the Any (First Match)
    t =    13.78s     Check for interrupting elements affecting "Transcribe" StaticText
    t =    13.80s     Synthesize event
    t =    14.10s     Wait for io.nstudio.lynx to idle
    t =    14.42s Waiting 10.0s for Any (First Match) to exist
    t =    15.50s     Checking `Expect predicate `existsNoRetry == 1` for object Any (First Match)`
    t =    15.51s         Checking existence of `Any (First Match)`
    t =    15.54s Checking existence of `Any (First Match)`
    t =    15.56s Find the Any (First Match)
STEP[15s]: iter 0: speech authorize
    t =    15.57s Checking existence of `"Request Access" Button`
    t =    15.59s Checking existence of `Any (First Match)`
    t =    15.61s Find the Any (First Match)
    t =    15.64s Tap "Request Access" StaticText
    t =    15.64s     Wait for io.nstudio.lynx to idle
    t =    15.64s     Find the "Request Access" StaticText
    t =    15.66s     Check for interrupting elements affecting "Request Access" StaticText
    t =    15.69s     Synthesize event
    t =    15.98s     Wait for io.nstudio.lynx to idle
    t =    15.99s Waiting 3.0s for "Allow" Button to exist
    t =    17.07s     Checking `Expect predicate `existsNoRetry == 1` for object "Allow" Button`
    t =    17.07s         Checking existence of `"Allow" Button`
STEP[17s]: system alert: 'Allow'
    t =    17.11s Tap "Allow" Button
    t =    17.11s     Wait for com.apple.springboard to idle
    t =    17.11s     Find the "Allow" Button
    t =    17.13s     Check for interrupting elements affecting "Allow" Button
    t =    17.16s     Synthesize event
    t =    17.46s     Wait for com.apple.springboard to idle
    t =    17.69s Waiting 15.0s for Any (First Match) to exist
    t =    18.77s     Checking `Expect predicate `existsNoRetry == 1` for object Any (First Match)`
    t =    18.78s         Checking existence of `Any (First Match)`
    t =    18.81s Checking existence of `"Speech access: not requested" StaticText`
    t =    18.83s Find the "Speech access: not requested" StaticText
    t =    18.85s Checking existence of `"Transcribe Sample" Button`
    t =    18.87s Checking existence of `Any (First Match)`
    t =    18.89s Find the Any (First Match)
STEP[18s]: iter 0: transcribe
    t =    18.92s Tap "Transcribe Sample" StaticText
    t =    18.92s     Wait for io.nstudio.lynx to idle
    t =    18.92s     Find the "Transcribe Sample" StaticText
    t =    18.94s     Check for interrupting elements affecting "Transcribe Sample" StaticText
    t =    18.97s     Synthesize event
    t =    19.26s     Wait for io.nstudio.lynx to idle
    t =    19.26s Waiting 45.0s for Any (First Match) to exist
    t =    20.34s     Checking `Expect predicate `existsNoRetry == 1` for object Any (First Match)`
    t =    20.34s         Checking existence of `Any (First Match)`
    t =    20.37s         Capturing element debug description
    t =    21.35s     Checking `Expect predicate `existsNoRetry == 1` for object Any (First Match)`
    t =    21.35s         Checking existence of `Any (First Match)`
    t =    21.39s         Capturing element debug description
    t =    22.27s     Checking `Expect predicate `existsNoRetry == 1` for object Any (First Match)`
    t =    22.27s         Checking existence of `Any (First Match)`
    t =    22.31s         Capturing element debug description
    t =    23.28s     Checking `Expect predicate `existsNoRetry == 1` for object Any (First Match)`
    t =    23.28s         Checking existence of `Any (First Match)`
    t =    23.32s         Capturing element debug description
    t =    24.28s     Checking `Expect predicate `existsNoRetry == 1` for object Any (First Match)`
    t =    24.29s         Checking existence of `Any (First Match)`
    t =    24.33s         Capturing element debug description
    t =    25.29s     Checking `Expect predicate `existsNoRetry == 1` for object Any (First Match)`
    t =    25.29s         Checking existence of `Any (First Match)`
    t =    25.32s         Capturing element debug description
    t =    26.29s     Checking `Expect predicate `existsNoRetry == 1` for object Any (First Match)`
    t =    26.30s         Checking existence of `Any (First Match)`
    t =    26.34s         Capturing element debug description
    t =    27.31s     Checking `Expect predicate `existsNoRetry == 1` for object Any (First Match)`
    t =    27.31s         Checking existence of `Any (First Match)`
    t =    27.35s         Capturing element debug description
    t =    28.33s     Checking `Expect predicate `existsNoRetry == 1` for object Any (First Match)`
    t =    28.33s         Checking existence of `Any (First Match)`
    t =    28.37s         Capturing element debug description
    t =    29.33s     Checking `Expect predicate `existsNoRetry == 1` for object Any (First Match)`
    t =    29.34s         Checking existence of `Any (First Match)`
    t =    29.38s         Capturing element debug description
    t =    30.34s     Checking `Expect predicate `existsNoRetry == 1` for object Any (First Match)`
    t =    30.34s         Checking existence of `Any (First Match)`
    t =    30.37s         Capturing element debug description
    t =    31.34s     Checking `Expect predicate `existsNoRetry == 1` for object Any (First Match)`
    t =    31.34s         Checking existence of `Any (First Match)`
    t =    31.37s         Capturing element debug description
    t =    32.34s     Checking `Expect predicate `existsNoRetry == 1` for object Any (First Match)`
    t =    32.34s         Checking existence of `Any (First Match)`
    t =    32.37s         Capturing element debug description
    t =    33.33s     Checking `Expect predicate `existsNoRetry == 1` for object Any (First Match)`
    t =    33.33s         Checking existence of `Any (First Match)`
    t =    33.37s         Capturing element debug description
    t =    34.31s     Checking `Expect predicate `existsNoRetry == 1` for object Any (First Match)`
    t =    34.31s         Checking existence of `Any (First Match)`
    t =    34.35s         Capturing element debug description
    t =    35.33s     Checking `Expect predicate `existsNoRetry == 1` for object Any (First Match)`
    t =    35.33s         Checking existence of `Any (First Match)`
    t =    35.37s         Capturing element debug description
    t =    36.30s     Checking `Expect predicate `existsNoRetry == 1` for object Any (First Match)`
    t =    36.30s         Checking existence of `Any (First Match)`
    t =    36.34s         Capturing element debug description
    t =    37.30s     Checking `Expect predicate `existsNoRetry == 1` for object Any (First Match)`
    t =    37.30s         Checking existence of `Any (First Match)`
    t =    37.34s         Capturing element debug description
    t =    38.29s     Checking `Expect predicate `existsNoRetry == 1` for object Any (First Match)`
    t =    38.30s         Checking existence of `Any (First Match)`
    t =    38.34s         Capturing element debug description
    t =    39.27s     Checking `Expect predicate `existsNoRetry == 1` for object Any (First Match)`
    t =    39.28s         Checking existence of `Any (First Match)`
    t =    39.31s         Capturing element debug description
    t =    40.28s     Checking `Expect predicate `existsNoRetry == 1` for object Any (First Match)`
    t =    40.28s         Checking existence of `Any (First Match)`
    t =    40.32s         Capturing element debug description
    t =    41.29s     Checking `Expect predicate `existsNoRetry == 1` for object Any (First Match)`
    t =    41.29s         Checking existence of `Any (First Match)`
    t =    41.31s         Capturing element debug description
    t =    42.34s     Checking `Expect predicate `existsNoRetry == 1` for object Any (First Match)`
    t =    42.34s         Checking existence of `Any (First Match)`
    t =    42.37s         Capturing element debug description
    t =    43.33s     Checking `Expect predicate `existsNoRetry == 1` for object Any (First Match)`
    t =    43.33s         Checking existence of `Any (First Match)`
    t =    43.37s         Capturing element debug description
    t =    44.33s     Checking `Expect predicate `existsNoRetry == 1` for object Any (First Match)`
    t =    44.33s         Checking existence of `Any (First Match)`
    t =    44.36s         Capturing element debug description
    t =    45.34s     Checking `Expect predicate `existsNoRetry == 1` for object Any (First Match)`
    t =    45.34s         Checking existence of `Any (First Match)`
    t =    45.38s         Capturing element debug description
    t =    46.33s     Checking `Expect predicate `existsNoRetry == 1` for object Any (First Match)`
    t =    46.33s         Checking existence of `Any (First Match)`
    t =    46.37s         Capturing element debug description
    t =    47.33s     Checking `Expect predicate `existsNoRetry == 1` for object Any (First Match)`
    t =    47.34s         Checking existence of `Any (First Match)`
    t =    47.37s         Capturing element debug description
    t =    48.33s     Checking `Expect predicate `existsNoRetry == 1` for object Any (First Match)`
    t =    48.34s         Checking existence of `Any (First Match)`
    t =    48.37s         Capturing element debug description
    t =    49.33s     Checking `Expect predicate `existsNoRetry == 1` for object Any (First Match)`
    t =    49.33s         Checking existence of `Any (First Match)`
    t =    49.37s         Capturing element debug description
    t =    50.34s     Checking `Expect predicate `existsNoRetry == 1` for object Any (First Match)`
    t =    50.34s         Checking existence of `Any (First Match)`
    t =    50.38s         Capturing element debug description
    t =    51.34s     Checking `Expect predicate `existsNoRetry == 1` for object Any (First Match)`
    t =    51.35s         Checking existence of `Any (First Match)`
    t =    51.38s         Capturing element debug description
    t =    52.34s     Checking `Expect predicate `existsNoRetry == 1` for object Any (First Match)`
    t =    52.35s         Checking existence of `Any (First Match)`
    t =    52.38s         Capturing element debug description
    t =    53.34s     Checking `Expect predicate `existsNoRetry == 1` for object Any (First Match)`
    t =    53.34s         Checking existence of `Any (First Match)`
    t =    53.38s         Capturing element debug description
    t =    54.34s     Checking `Expect predicate `existsNoRetry == 1` for object Any (First Match)`
    t =    54.35s         Checking existence of `Any (First Match)`
    t =    54.38s         Capturing element debug description
    t =    55.34s     Checking `Expect predicate `existsNoRetry == 1` for object Any (First Match)`
    t =    55.35s         Checking existence of `Any (First Match)`
    t =    55.39s         Capturing element debug description
    t =    56.35s     Checking `Expect predicate `existsNoRetry == 1` for object Any (First Match)`
    t =    56.35s         Checking existence of `Any (First Match)`
    t =    56.39s         Capturing element debug description
    t =    57.36s     Checking `Expect predicate `existsNoRetry == 1` for object Any (First Match)`
    t =    57.36s         Checking existence of `Any (First Match)`
    t =    57.40s         Capturing element debug description
    t =    58.36s     Checking `Expect predicate `existsNoRetry == 1` for object Any (First Match)`
    t =    58.36s         Checking existence of `Any (First Match)`
    t =    58.40s         Capturing element debug description
    t =    59.26s     Checking `Expect predicate `existsNoRetry == 1` for object Any (First Match)`
    t =    59.26s         Checking existence of `Any (First Match)`
    t =    59.30s         Capturing element debug description
    t =    60.26s     Checking `Expect predicate `existsNoRetry == 1` for object Any (First Match)`
    t =    60.26s         Checking existence of `Any (First Match)`
    t =    60.30s         Capturing element debug description
    t =    61.26s     Checking `Expect predicate `existsNoRetry == 1` for object Any (First Match)`
    t =    61.26s         Checking existence of `Any (First Match)`
    t =    61.30s         Capturing element debug description
    t =    62.27s     Checking `Expect predicate `existsNoRetry == 1` for object Any (First Match)`
    t =    62.27s         Checking existence of `Any (First Match)`
    t =    62.31s         Capturing element debug description
    t =    63.28s     Checking `Expect predicate `existsNoRetry == 1` for object Any (First Match)`
    t =    63.28s         Checking existence of `Any (First Match)`
    t =    63.32s         Capturing element debug description
    t =    64.27s     Checking `Expect predicate `existsNoRetry == 1` for object Any (First Match)`
    t =    64.27s         Checking existence of `Any (First Match)`
    t =    64.31s         Capturing element debug description
    t =    64.31s     Checking existence of `Any (First Match)`
    t =    64.33s Collecting debug information to assist test failure triage
    t =    64.33s     Requesting snapshot of accessibility hierarchy for app with pid 57150
    t =    64.35s Checking existence of `Any (First Match)`
    t =    64.37s Checking existence of `Any (First Match)`
    t =    64.38s Checking existence of `Any (First Match)`
    t =    64.40s Find the Any (First Match)
STEP[64s]: iter 0: done
    t =    64.41s Terminate io.nstudio.lynx:57150
STEP[65s]: iter 1: launch io.nstudio.lynx
    t =    65.51s Open io.nstudio.lynx
    t =    65.51s     Launch io.nstudio.lynx
    t =    65.61s         Setting up automation session
    t =    66.14s         Wait for io.nstudio.lynx to idle
    t =    67.46s Checking existence of `"Health" Button`
    t =    67.53s Waiting 20.0s for Any (First Match) to exist
    t =    68.60s     Checking `Expect predicate `existsNoRetry == 1` for object Any (First Match)`
    t =    68.60s         Checking existence of `Any (First Match)`
STEP[68s]: iter 1: nav Health
    t =    68.63s Checking existence of `"Health" Button`
    t =    68.64s Tap Any (First Match)
    t =    68.64s     Wait for io.nstudio.lynx to idle
    t =    68.65s     Find the Any (First Match)
    t =    68.66s     Check for interrupting elements affecting "Health" StaticText
    t =    68.69s     Synthesize event
    t =    68.98s     Wait for io.nstudio.lynx to idle
    t =    69.33s Waiting 10.0s for Any (First Match) to exist
    t =    70.40s     Checking `Expect predicate `existsNoRetry == 1` for object Any (First Match)`
    t =    70.40s         Checking existence of `Any (First Match)`
    t =    70.43s Checking existence of `Any (First Match)`
    t =    70.45s Find the Any (First Match)
    t =    70.47s Checking existence of `"Health access: granted" StaticText`
    t =    70.48s Find the "Health access: granted" StaticText
    t =    70.50s Waiting 15.0s for Any (First Match) to exist
    t =    71.56s     Checking `Expect predicate `existsNoRetry == 1` for object Any (First Match)`
    t =    71.56s         Checking existence of `Any (First Match)`
    t =    71.60s Checking existence of `Any (First Match)`
    t =    71.63s Find the Any (First Match)
    t =    71.65s Checking existence of `"Log 500 Steps" Button`
    t =    71.68s Checking existence of `Any (First Match)`
    t =    71.70s Find the Any (First Match)
STEP[71s]: iter 1: log 500
    t =    71.73s Tap "Log 500 Steps" StaticText
    t =    71.73s     Wait for io.nstudio.lynx to idle
    t =    71.73s     Find the "Log 500 Steps" StaticText
    t =    71.75s     Check for interrupting elements affecting "Log 500 Steps" StaticText
    t =    71.78s     Synthesize event
    t =    72.07s     Wait for io.nstudio.lynx to idle
    t =    72.08s Checking existence of `"Sat Jul 25 — 6,000 steps (today)" StaticText`
    t =    72.10s Find the "Sat Jul 25 — 6,000 steps (today)" StaticText
    t =    72.13s Checking existence of `"Sat Jul 25 — 6,500 steps (today)" StaticText`
STEP[72s]: iter 1: go home
    t =    72.15s Checking existence of `"Transcribe" Button`
    t =    72.18s Checking existence of `"Health" Button`
    t =    72.20s Checking existence of `Any (First Match)`
    t =    72.23s Checking existence of `Button (Element at index 0)`
    t =    72.24s Checking existence of `"Back" Button`
    t =    72.26s Checking existence of `"Home" Button`
    t =    72.29s Checking existence of `Any (First Match)`
    t =    72.31s Find the Any (First Match)
STEP[72s]: goHome: tapping candidate 3
    t =    72.34s Tap "Back to Home" StaticText
    t =    72.34s     Wait for io.nstudio.lynx to idle
    t =    72.34s     Find the "Back to Home" StaticText
    t =    72.36s     Check for interrupting elements affecting "Back to Home" StaticText
    t =    72.39s     Synthesize event
    t =    72.68s     Wait for io.nstudio.lynx to idle
    t =    72.98s Checking existence of `"Transcribe" Button`
    t =    73.00s Waiting 3.0s for Any (First Match) to exist
    t =    74.04s     Checking `Expect predicate `existsNoRetry == 1` for object Any (First Match)`
    t =    74.05s         Checking existence of `Any (First Match)`
STEP[74s]: iter 1: nav Transcribe
    t =    74.08s Checking existence of `"Transcribe" Button`
    t =    74.10s Tap Any (First Match)
    t =    74.10s     Wait for io.nstudio.lynx to idle
    t =    74.10s     Find the Any (First Match)
    t =    74.12s     Check for interrupting elements affecting "Transcribe" StaticText
    t =    74.14s     Synthesize event
    t =    74.43s     Wait for io.nstudio.lynx to idle
    t =    74.76s Waiting 10.0s for Any (First Match) to exist
    t =    75.83s     Checking `Expect predicate `existsNoRetry == 1` for object Any (First Match)`
    t =    75.83s         Checking existence of `Any (First Match)`
    t =    75.86s Checking existence of `Any (First Match)`
    t =    75.88s Find the Any (First Match)
    t =    75.90s Checking existence of `"Speech access: granted" StaticText`
    t =    75.92s Find the "Speech access: granted" StaticText
    t =    75.93s Checking existence of `"Transcribe Sample" Button`
    t =    75.95s Checking existence of `Any (First Match)`
    t =    75.97s Find the Any (First Match)
STEP[75s]: iter 1: transcribe
    t =    76.00s Tap "Transcribe Sample" StaticText
    t =    76.00s     Wait for io.nstudio.lynx to idle
    t =    76.00s     Find the "Transcribe Sample" StaticText
    t =    76.02s     Check for interrupting elements affecting "Transcribe Sample" StaticText
    t =    76.05s     Synthesize event
    t =    76.34s     Wait for io.nstudio.lynx to idle
    t =    76.34s Waiting 45.0s for Any (First Match) to exist
    t =    77.40s     Checking `Expect predicate `existsNoRetry == 1` for object Any (First Match)`
    t =    77.40s         Checking existence of `Any (First Match)`
    t =    77.44s         Capturing element debug description
    t =    78.39s     Checking `Expect predicate `existsNoRetry == 1` for object Any (First Match)`
    t =    78.40s         Checking existence of `Any (First Match)`
    t =    78.43s         Capturing element debug description
    t =    79.38s     Checking `Expect predicate `existsNoRetry == 1` for object Any (First Match)`
    t =    79.38s         Checking existence of `Any (First Match)`
    t =    79.42s         Capturing element debug description
    t =    80.38s     Checking `Expect predicate `existsNoRetry == 1` for object Any (First Match)`
    t =    80.38s         Checking existence of `Any (First Match)`
    t =    80.42s         Capturing element debug description
    t =    81.37s     Checking `Expect predicate `existsNoRetry == 1` for object Any (First Match)`
    t =    81.37s         Checking existence of `Any (First Match)`
    t =    81.41s         Capturing element debug description
    t =    82.37s     Checking `Expect predicate `existsNoRetry == 1` for object Any (First Match)`
    t =    82.37s         Checking existence of `Any (First Match)`
    t =    82.40s         Capturing element debug description
    t =    83.36s     Checking `Expect predicate `existsNoRetry == 1` for object Any (First Match)`
    t =    83.36s         Checking existence of `Any (First Match)`
    t =    83.40s         Capturing element debug description
    t =    84.35s     Checking `Expect predicate `existsNoRetry == 1` for object Any (First Match)`
    t =    84.35s         Checking existence of `Any (First Match)`
    t =    84.40s         Capturing element debug description
    t =    85.35s     Checking `Expect predicate `existsNoRetry == 1` for object Any (First Match)`
    t =    85.35s         Checking existence of `Any (First Match)`
    t =    85.39s         Capturing element debug description
    t =    86.35s     Checking `Expect predicate `existsNoRetry == 1` for object Any (First Match)`
    t =    86.35s         Checking existence of `Any (First Match)`
    t =    86.39s         Capturing element debug description
    t =    87.36s     Checking `Expect predicate `existsNoRetry == 1` for object Any (First Match)`
    t =    87.36s         Checking existence of `Any (First Match)`
    t =    87.40s         Capturing element debug description
    t =    88.36s     Checking `Expect predicate `existsNoRetry == 1` for object Any (First Match)`
    t =    88.36s         Checking existence of `Any (First Match)`
    t =    88.40s         Capturing element debug description
    t =    89.37s     Checking `Expect predicate `existsNoRetry == 1` for object Any (First Match)`
    t =    89.37s         Checking existence of `Any (First Match)`
    t =    89.41s         Capturing element debug description
    t =    90.38s     Checking `Expect predicate `existsNoRetry == 1` for object Any (First Match)`
    t =    90.38s         Checking existence of `Any (First Match)`
    t =    90.41s         Capturing element debug description
    t =    91.38s     Checking `Expect predicate `existsNoRetry == 1` for object Any (First Match)`
    t =    91.38s         Checking existence of `Any (First Match)`
    t =    91.42s         Capturing element debug description
    t =    92.39s     Checking `Expect predicate `existsNoRetry == 1` for object Any (First Match)`
    t =    92.39s         Checking existence of `Any (First Match)`
    t =    92.40s         Capturing element debug description
    t =    93.37s     Checking `Expect predicate `existsNoRetry == 1` for object Any (First Match)`
    t =    93.37s         Checking existence of `Any (First Match)`
    t =    93.41s         Capturing element debug description
    t =    94.37s     Checking `Expect predicate `existsNoRetry == 1` for object Any (First Match)`
    t =    94.37s         Checking existence of `Any (First Match)`
    t =    94.41s         Capturing element debug description
    t =    95.37s     Checking `Expect predicate `existsNoRetry == 1` for object Any (First Match)`
    t =    95.37s         Checking existence of `Any (First Match)`
    t =    95.41s         Capturing element debug description
    t =    96.37s     Checking `Expect predicate `existsNoRetry == 1` for object Any (First Match)`
    t =    96.37s         Checking existence of `Any (First Match)`
    t =    96.41s         Capturing element debug description
    t =    97.38s     Checking `Expect predicate `existsNoRetry == 1` for object Any (First Match)`
    t =    97.38s         Checking existence of `Any (First Match)`
    t =    97.42s         Capturing element debug description
    t =    98.38s     Checking `Expect predicate `existsNoRetry == 1` for object Any (First Match)`
    t =    98.38s         Checking existence of `Any (First Match)`
    t =    98.42s         Capturing element debug description
    t =    99.36s     Checking `Expect predicate `existsNoRetry == 1` for object Any (First Match)`
    t =    99.37s         Checking existence of `Any (First Match)`
    t =    99.40s         Capturing element debug description
    t =   100.37s     Checking `Expect predicate `existsNoRetry == 1` for object Any (First Match)`
    t =   100.37s         Checking existence of `Any (First Match)`
    t =   100.41s         Capturing element debug description
    t =   101.37s     Checking `Expect predicate `existsNoRetry == 1` for object Any (First Match)`
    t =   101.37s         Checking existence of `Any (First Match)`
    t =   101.41s         Capturing element debug description
    t =   102.34s     Checking `Expect predicate `existsNoRetry == 1` for object Any (First Match)`
    t =   102.35s         Checking existence of `Any (First Match)`
    t =   102.39s         Capturing element debug description
    t =   103.42s     Checking `Expect predicate `existsNoRetry == 1` for object Any (First Match)`
    t =   103.42s         Checking existence of `Any (First Match)`
    t =   103.46s         Capturing element debug description
    t =   104.42s     Checking `Expect predicate `existsNoRetry == 1` for object Any (First Match)`
    t =   104.42s         Checking existence of `Any (First Match)`
    t =   104.46s         Capturing element debug description
    t =   105.42s     Checking `Expect predicate `existsNoRetry == 1` for object Any (First Match)`
    t =   105.43s         Checking existence of `Any (First Match)`
    t =   105.46s         Capturing element debug description
    t =   106.40s     Checking `Expect predicate `existsNoRetry == 1` for object Any (First Match)`
    t =   106.40s         Checking existence of `Any (First Match)`
    t =   106.44s         Capturing element debug description
    t =   107.41s     Checking `Expect predicate `existsNoRetry == 1` for object Any (First Match)`
    t =   107.41s         Checking existence of `Any (First Match)`
    t =   107.45s         Capturing element debug description
    t =   108.42s     Checking `Expect predicate `existsNoRetry == 1` for object Any (First Match)`
    t =   108.42s         Checking existence of `Any (First Match)`
    t =   108.46s         Capturing element debug description
    t =   109.42s     Checking `Expect predicate `existsNoRetry == 1` for object Any (First Match)`
    t =   109.42s         Checking existence of `Any (First Match)`
    t =   109.45s         Capturing element debug description
    t =   110.41s     Checking `Expect predicate `existsNoRetry == 1` for object Any (First Match)`
    t =   110.41s         Checking existence of `Any (First Match)`
    t =   110.45s         Capturing element debug description
    t =   111.41s     Checking `Expect predicate `existsNoRetry == 1` for object Any (First Match)`
    t =   111.41s         Checking existence of `Any (First Match)`
    t =   111.45s         Capturing element debug description
    t =   112.41s     Checking `Expect predicate `existsNoRetry == 1` for object Any (First Match)`
    t =   112.41s         Checking existence of `Any (First Match)`
    t =   112.45s         Capturing element debug description
    t =   113.42s     Checking `Expect predicate `existsNoRetry == 1` for object Any (First Match)`
    t =   113.42s         Checking existence of `Any (First Match)`
    t =   113.46s         Capturing element debug description
    t =   114.42s     Checking `Expect predicate `existsNoRetry == 1` for object Any (First Match)`
    t =   114.42s         Checking existence of `Any (First Match)`
    t =   114.46s         Capturing element debug description
    t =   115.42s     Checking `Expect predicate `existsNoRetry == 1` for object Any (First Match)`
    t =   115.42s         Checking existence of `Any (First Match)`
    t =   115.46s         Capturing element debug description
    t =   116.42s     Checking `Expect predicate `existsNoRetry == 1` for object Any (First Match)`
    t =   116.42s         Checking existence of `Any (First Match)`
    t =   116.46s         Capturing element debug description
    t =   117.42s     Checking `Expect predicate `existsNoRetry == 1` for object Any (First Match)`
    t =   117.42s         Checking existence of `Any (First Match)`
    t =   117.46s         Capturing element debug description
    t =   118.43s     Checking `Expect predicate `existsNoRetry == 1` for object Any (First Match)`
    t =   118.43s         Checking existence of `Any (First Match)`
    t =   118.47s         Capturing element debug description
    t =   119.43s     Checking `Expect predicate `existsNoRetry == 1` for object Any (First Match)`
    t =   119.43s         Checking existence of `Any (First Match)`
    t =   119.47s         Capturing element debug description
    t =   120.43s     Checking `Expect predicate `existsNoRetry == 1` for object Any (First Match)`
    t =   120.43s         Checking existence of `Any (First Match)`
    t =   120.47s         Capturing element debug description
    t =   121.37s     Checking `Expect predicate `existsNoRetry == 1` for object Any (First Match)`
    t =   121.37s         Checking existence of `Any (First Match)`
    t =   121.41s         Capturing element debug description
    t =   121.41s     Checking existence of `Any (First Match)`
    t =   121.43s Collecting debug information to assist test failure triage
    t =   121.43s     Requesting snapshot of accessibility hierarchy for app with pid 57264
    t =   121.44s Checking existence of `Any (First Match)`
    t =   121.46s Checking existence of `Any (First Match)`
    t =   121.48s Checking existence of `Any (First Match)`
    t =   121.49s Find the Any (First Match)
STEP[121s]: iter 1: done
    t =   121.51s Terminate io.nstudio.lynx:57264
STEP[122s]: iter 2: launch io.nstudio.lynx
    t =   122.52s Open io.nstudio.lynx
    t =   122.52s     Launch io.nstudio.lynx
    t =   122.63s         Setting up automation session
    t =   123.17s         Wait for io.nstudio.lynx to idle
    t =   124.47s Checking existence of `"Health" Button`
    t =   124.51s Waiting 20.0s for Any (First Match) to exist
    t =   125.59s     Checking `Expect predicate `existsNoRetry == 1` for object Any (First Match)`
    t =   125.59s         Checking existence of `Any (First Match)`
STEP[125s]: iter 2: nav Health
    t =   125.62s Checking existence of `"Health" Button`
    t =   125.64s Tap Any (First Match)
    t =   125.64s     Wait for io.nstudio.lynx to idle
    t =   125.64s     Find the Any (First Match)
    t =   125.66s     Check for interrupting elements affecting "Health" StaticText
    t =   125.68s     Synthesize event
    t =   125.98s     Wait for io.nstudio.lynx to idle
    t =   126.34s Waiting 10.0s for Any (First Match) to exist
    t =   127.40s     Checking `Expect predicate `existsNoRetry == 1` for object Any (First Match)`
    t =   127.40s         Checking existence of `Any (First Match)`
    t =   127.44s Checking existence of `Any (First Match)`
    t =   127.46s Find the Any (First Match)
    t =   127.48s Checking existence of `"Health access: granted" StaticText`
    t =   127.49s Find the "Health access: granted" StaticText
    t =   127.51s Waiting 15.0s for Any (First Match) to exist
    t =   128.58s     Checking `Expect predicate `existsNoRetry == 1` for object Any (First Match)`
    t =   128.58s         Checking existence of `Any (First Match)`
    t =   128.62s Checking existence of `Any (First Match)`
    t =   128.65s Find the Any (First Match)
    t =   128.67s Checking existence of `"Log 500 Steps" Button`
    t =   128.70s Checking existence of `Any (First Match)`
    t =   128.72s Find the Any (First Match)
STEP[128s]: iter 2: log 500
    t =   128.74s Tap "Log 500 Steps" StaticText
    t =   128.74s     Wait for io.nstudio.lynx to idle
    t =   128.75s     Find the "Log 500 Steps" StaticText
    t =   128.77s     Check for interrupting elements affecting "Log 500 Steps" StaticText
    t =   128.80s     Synthesize event
    t =   129.09s     Wait for io.nstudio.lynx to idle
    t =   129.11s Checking existence of `"Sat Jul 25 — 6,500 steps (today)" StaticText`
    t =   129.14s Find the "Sat Jul 25 — 6,500 steps (today)" StaticText
    t =   129.17s Checking existence of `"Sat Jul 25 — 7,000 steps (today)" StaticText`
STEP[129s]: iter 2: go home
    t =   129.19s Checking existence of `"Transcribe" Button`
    t =   129.22s Checking existence of `"Health" Button`
    t =   129.24s Checking existence of `Any (First Match)`
    t =   129.27s Checking existence of `Button (Element at index 0)`
    t =   129.28s Checking existence of `"Back" Button`
    t =   129.30s Checking existence of `"Home" Button`
    t =   129.33s Checking existence of `Any (First Match)`
    t =   129.35s Find the Any (First Match)
STEP[129s]: goHome: tapping candidate 3
    t =   129.37s Tap "Back to Home" StaticText
    t =   129.37s     Wait for io.nstudio.lynx to idle
    t =   129.38s     Find the "Back to Home" StaticText
    t =   129.40s     Check for interrupting elements affecting "Back to Home" StaticText
    t =   129.42s     Synthesize event
    t =   129.72s     Wait for io.nstudio.lynx to idle
    t =   130.03s Checking existence of `"Transcribe" Button`
    t =   130.05s Waiting 3.0s for Any (First Match) to exist
    t =   131.12s     Checking `Expect predicate `existsNoRetry == 1` for object Any (First Match)`
    t =   131.12s         Checking existence of `Any (First Match)`
STEP[131s]: iter 2: nav Transcribe
    t =   131.15s Checking existence of `"Transcribe" Button`
    t =   131.16s Tap Any (First Match)
    t =   131.16s     Wait for io.nstudio.lynx to idle
    t =   131.17s     Find the Any (First Match)
    t =   131.18s     Check for interrupting elements affecting "Transcribe" StaticText
    t =   131.21s     Synthesize event
    t =   131.50s     Wait for io.nstudio.lynx to idle
    t =   131.82s Waiting 10.0s for Any (First Match) to exist
    t =   132.88s     Checking `Expect predicate `existsNoRetry == 1` for object Any (First Match)`
    t =   132.88s         Checking existence of `Any (First Match)`
    t =   132.91s Checking existence of `Any (First Match)`
    t =   132.93s Find the Any (First Match)
    t =   132.95s Checking existence of `"Speech access: granted" StaticText`
    t =   132.96s Find the "Speech access: granted" StaticText
    t =   132.98s Checking existence of `"Transcribe Sample" Button`
    t =   133.00s Checking existence of `Any (First Match)`
    t =   133.01s Find the Any (First Match)
STEP[133s]: iter 2: transcribe
    t =   133.04s Tap "Transcribe Sample" StaticText
    t =   133.04s     Wait for io.nstudio.lynx to idle
    t =   133.04s     Find the "Transcribe Sample" StaticText
    t =   133.07s     Check for interrupting elements affecting "Transcribe Sample" StaticText
    t =   133.10s     Synthesize event
    t =   133.39s     Wait for io.nstudio.lynx to idle
    t =   133.39s Waiting 45.0s for Any (First Match) to exist
    t =   134.45s     Checking `Expect predicate `existsNoRetry == 1` for object Any (First Match)`
    t =   134.45s         Checking existence of `Any (First Match)`
    t =   134.49s         Capturing element debug description
    t =   135.45s     Checking `Expect predicate `existsNoRetry == 1` for object Any (First Match)`
    t =   135.45s         Checking existence of `Any (First Match)`
    t =   135.49s         Capturing element debug description
    t =   136.44s     Checking `Expect predicate `existsNoRetry == 1` for object Any (First Match)`
    t =   136.45s         Checking existence of `Any (First Match)`
    t =   136.49s         Capturing element debug description
    t =   137.43s     Checking `Expect predicate `existsNoRetry == 1` for object Any (First Match)`
    t =   137.43s         Checking existence of `Any (First Match)`
    t =   137.47s         Capturing element debug description
    t =   138.43s     Checking `Expect predicate `existsNoRetry == 1` for object Any (First Match)`
    t =   138.44s         Checking existence of `Any (First Match)`
    t =   138.48s         Capturing element debug description
    t =   139.44s     Checking `Expect predicate `existsNoRetry == 1` for object Any (First Match)`
    t =   139.44s         Checking existence of `Any (First Match)`
    t =   139.47s         Capturing element debug description
    t =   140.43s     Checking `Expect predicate `existsNoRetry == 1` for object Any (First Match)`
    t =   140.44s         Checking existence of `Any (First Match)`
    t =   140.48s         Capturing element debug description
    t =   141.43s     Checking `Expect predicate `existsNoRetry == 1` for object Any (First Match)`
    t =   141.43s         Checking existence of `Any (First Match)`
    t =   141.46s         Capturing element debug description
    t =   142.42s     Checking `Expect predicate `existsNoRetry == 1` for object Any (First Match)`
    t =   142.42s         Checking existence of `Any (First Match)`
    t =   142.46s         Capturing element debug description
    t =   143.42s     Checking `Expect predicate `existsNoRetry == 1` for object Any (First Match)`
    t =   143.42s         Checking existence of `Any (First Match)`
    t =   143.44s         Capturing element debug description
    t =   144.40s     Checking `Expect predicate `existsNoRetry == 1` for object Any (First Match)`
    t =   144.40s         Checking existence of `Any (First Match)`
    t =   144.44s         Capturing element debug description
    t =   145.40s     Checking `Expect predicate `existsNoRetry == 1` for object Any (First Match)`
    t =   145.40s         Checking existence of `Any (First Match)`
    t =   145.44s         Capturing element debug description
    t =   146.40s     Checking `Expect predicate `existsNoRetry == 1` for object Any (First Match)`
    t =   146.40s         Checking existence of `Any (First Match)`
    t =   146.44s         Capturing element debug description
    t =   147.41s     Checking `Expect predicate `existsNoRetry == 1` for object Any (First Match)`
    t =   147.41s         Checking existence of `Any (First Match)`
    t =   147.45s         Capturing element debug description
    t =   148.42s     Checking `Expect predicate `existsNoRetry == 1` for object Any (First Match)`
    t =   148.42s         Checking existence of `Any (First Match)`
    t =   148.46s         Capturing element debug description
    t =   149.42s     Checking `Expect predicate `existsNoRetry == 1` for object Any (First Match)`
    t =   149.42s         Checking existence of `Any (First Match)`
    t =   149.46s         Capturing element debug description
    t =   150.43s     Checking `Expect predicate `existsNoRetry == 1` for object Any (First Match)`
    t =   150.43s         Checking existence of `Any (First Match)`
    t =   150.47s         Capturing element debug description
    t =   151.44s     Checking `Expect predicate `existsNoRetry == 1` for object Any (First Match)`
    t =   151.44s         Checking existence of `Any (First Match)`
    t =   151.48s         Capturing element debug description
    t =   152.44s     Checking `Expect predicate `existsNoRetry == 1` for object Any (First Match)`
    t =   152.44s         Checking existence of `Any (First Match)`
    t =   152.48s         Capturing element debug description
    t =   153.44s     Checking `Expect predicate `existsNoRetry == 1` for object Any (First Match)`
    t =   153.45s         Checking existence of `Any (First Match)`
    t =   153.48s         Capturing element debug description
    t =   154.45s     Checking `Expect predicate `existsNoRetry == 1` for object Any (First Match)`
    t =   154.45s         Checking existence of `Any (First Match)`
    t =   154.49s         Capturing element debug description
    t =   155.45s     Checking `Expect predicate `existsNoRetry == 1` for object Any (First Match)`
    t =   155.45s         Checking existence of `Any (First Match)`
    t =   155.49s         Capturing element debug description
    t =   156.44s     Checking `Expect predicate `existsNoRetry == 1` for object Any (First Match)`
    t =   156.44s         Checking existence of `Any (First Match)`
    t =   156.48s         Capturing element debug description
    t =   157.44s     Checking `Expect predicate `existsNoRetry == 1` for object Any (First Match)`
    t =   157.45s         Checking existence of `Any (First Match)`
    t =   157.48s         Capturing element debug description
    t =   158.43s     Checking `Expect predicate `existsNoRetry == 1` for object Any (First Match)`
    t =   158.44s         Checking existence of `Any (First Match)`
    t =   158.47s         Capturing element debug description
    t =   159.41s     Checking `Expect predicate `existsNoRetry == 1` for object Any (First Match)`
    t =   159.42s         Checking existence of `Any (First Match)`
    t =   159.45s         Capturing element debug description
    t =   160.39s     Checking `Expect predicate `existsNoRetry == 1` for object Any (First Match)`
    t =   160.40s         Checking existence of `Any (First Match)`
    t =   160.43s         Capturing element debug description
    t =   161.40s     Checking `Expect predicate `existsNoRetry == 1` for object Any (First Match)`
    t =   161.40s         Checking existence of `Any (First Match)`
    t =   161.44s         Capturing element debug description
    t =   162.40s     Checking `Expect predicate `existsNoRetry == 1` for object Any (First Match)`
    t =   162.40s         Checking existence of `Any (First Match)`
    t =   162.44s         Capturing element debug description
    t =   163.39s     Checking `Expect predicate `existsNoRetry == 1` for object Any (First Match)`
    t =   163.40s         Checking existence of `Any (First Match)`
    t =   163.43s         Capturing element debug description
    t =   164.40s     Checking `Expect predicate `existsNoRetry == 1` for object Any (First Match)`
    t =   164.40s         Checking existence of `Any (First Match)`
    t =   164.44s         Capturing element debug description
    t =   165.41s     Checking `Expect predicate `existsNoRetry == 1` for object Any (First Match)`
    t =   165.41s         Checking existence of `Any (First Match)`
    t =   165.44s         Capturing element debug description
    t =   166.41s     Checking `Expect predicate `existsNoRetry == 1` for object Any (First Match)`
    t =   166.41s         Checking existence of `Any (First Match)`
    t =   166.44s         Capturing element debug description
    t =   167.41s     Checking `Expect predicate `existsNoRetry == 1` for object Any (First Match)`
    t =   167.41s         Checking existence of `Any (First Match)`
    t =   167.45s         Capturing element debug description
    t =   168.41s     Checking `Expect predicate `existsNoRetry == 1` for object Any (First Match)`
    t =   168.41s         Checking existence of `Any (First Match)`
    t =   168.45s         Capturing element debug description
    t =   169.41s     Checking `Expect predicate `existsNoRetry == 1` for object Any (First Match)`
    t =   169.41s         Checking existence of `Any (First Match)`
    t =   169.45s         Capturing element debug description
    t =   170.41s     Checking `Expect predicate `existsNoRetry == 1` for object Any (First Match)`
    t =   170.42s         Checking existence of `Any (First Match)`
    t =   170.45s         Capturing element debug description
    t =   171.42s     Checking `Expect predicate `existsNoRetry == 1` for object Any (First Match)`
    t =   171.42s         Checking existence of `Any (First Match)`
    t =   171.46s         Capturing element debug description
    t =   172.41s     Checking `Expect predicate `existsNoRetry == 1` for object Any (First Match)`
    t =   172.42s         Checking existence of `Any (First Match)`
    t =   172.45s         Capturing element debug description
    t =   173.41s     Checking `Expect predicate `existsNoRetry == 1` for object Any (First Match)`
    t =   173.42s         Checking existence of `Any (First Match)`
    t =   173.46s         Capturing element debug description
    t =   174.43s     Checking `Expect predicate `existsNoRetry == 1` for object Any (First Match)`
    t =   174.43s         Checking existence of `Any (First Match)`
    t =   174.47s         Capturing element debug description
    t =   175.44s     Checking `Expect predicate `existsNoRetry == 1` for object Any (First Match)`
    t =   175.44s         Checking existence of `Any (First Match)`
    t =   175.48s         Capturing element debug description
    t =   176.44s     Checking `Expect predicate `existsNoRetry == 1` for object Any (First Match)`
    t =   176.44s         Checking existence of `Any (First Match)`
    t =   176.48s         Capturing element debug description
    t =   177.44s     Checking `Expect predicate `existsNoRetry == 1` for object Any (First Match)`
    t =   177.44s         Checking existence of `Any (First Match)`
    t =   177.48s         Capturing element debug description
    t =   178.42s     Checking `Expect predicate `existsNoRetry == 1` for object Any (First Match)`
    t =   178.42s         Checking existence of `Any (First Match)`
    t =   178.46s         Capturing element debug description
    t =   178.46s     Checking existence of `Any (First Match)`
    t =   178.48s Collecting debug information to assist test failure triage
    t =   178.48s     Requesting snapshot of accessibility hierarchy for app with pid 57356
    t =   178.49s Checking existence of `Any (First Match)`
    t =   178.51s Checking existence of `Any (First Match)`
    t =   178.53s Checking existence of `Any (First Match)`
    t =   178.54s Find the Any (First Match)
STEP[178s]: iter 2: done
    t =   178.56s Terminate io.nstudio.lynx:57356
PERFJSON:{"bundle_id":"io.nstudio.lynx","runs":[{"hk_rows_ms":1138,"iter":0,"hk_log_roundtrip_ms":450,"speech_granted":true,"speech_state":"init_or_task_failed: Failed to initialize recognizer","health_granted":true,"nav_transcribe_ms":1794,"nav_health_ms":1837},{"speech_state":"init_or_task_failed: Failed to initialize recognizer","health_granted":true,"hk_log_roundtrip_ms":427,"iter":1,"speech_granted":true,"nav_health_ms":1800,"hk_rows_ms":1106,"nav_transcribe_ms":1782},{"iter":2,"hk_rows_ms":1113,"hk_log_roundtrip_ms":447,"nav_transcribe_ms":1758,"speech_state":"init_or_task_failed: Failed to initialize recognizer","nav_health_ms":1819,"health_granted":true,"speech_granted":true}]}
    t =   179.66s Tear Down
Test Case '-[UIDriverUITests.FeatureLatencyTests testFeatureLatencies]' passed (179.822 seconds).
Test Suite 'FeatureLatencyTests' passed at 2026-07-25 19:54:50.297.
	 Executed 1 test, with 0 failures (0 unexpected) in 179.822 (179.824) seconds
Test Suite 'UIDriverUITests.xctest' passed at 2026-07-25 19:54:50.298.
	 Executed 1 test, with 0 failures (0 unexpected) in 179.822 (179.824) seconds
Test Suite 'All tests' passed at 2026-07-25 19:54:50.298.
	 Executed 1 test, with 0 failures (0 unexpected) in 179.822 (179.825) seconds
2026-07-25 19:54:50.633 xcodebuild[57137:17003392] [MT] IDETestOperationsObserverDebug: 181.700 elapsed -- Testing started completed.
2026-07-25 19:54:50.633 xcodebuild[57137:17003392] [MT] IDETestOperationsObserverDebug: 0.000 sec, +0.000 sec -- start
2026-07-25 19:54:50.633 xcodebuild[57137:17003392] [MT] IDETestOperationsObserverDebug: 181.700 sec, +181.700 sec -- end

Test session results, code coverage, and logs:
	/Users/runner/Library/Developer/Xcode/DerivedData/UIDriver-ekqcqbpucoqmcgbikewqdmafsmmj/Logs/Test/Test-UIDriver-2026.07.25_19-51-48--0700.xcresult

** TEST SUCCEEDED **

Testing started
