Preparing project...
vite v8.1.5 building client environment for production...
[2Ktransforming...✓ 421 modules transformed.
rendering chunks...
[vite-plugin-static-copy] Copied 1 items.
computing gzip size...
.ns-vite-build/package.json      0.28 kB │ gzip:   0.19 kB
.ns-vite-build/bundle.mjs       17.22 kB │ gzip:   4.80 kB
.ns-vite-build/vendor.mjs    1,216.63 kB │ gzip: 335.23 kB

✓ built in 1.77s
Updating runtime package.json with configuration values...
Project successfully prepared (ios)
Building project...
Xcode build...
note: Using codesigning identity override: 
warning: Stale file '/Users/nstudio/Documents/github/NathanWalker/token-economics/ns-benchmark/platforms/ios/build/Release-iphonesimulator/nsbenchmark.app/sample.wav' is located outside of the allowed root paths.

note: Run script build phase 'NativeScript PostBuild' will be run during every build because the option to run the script phase "Based on dependency analysis" is unchecked. (in target 'nsbenchmark' from project 'nsbenchmark')
note: Run script build phase 'NativeScript PreLink' will be run during every build because the option to run the script phase "Based on dependency analysis" is unchecked. (in target 'nsbenchmark' from project 'nsbenchmark')
note: Run script build phase 'NativeScript PreBuild' will be run during every build because the option to run the script phase "Based on dependency analysis" is unchecked. (in target 'nsbenchmark' from project 'nsbenchmark')
Project successfully built.
Build time: 8.145 s.
The build result is located at: /Users/nstudio/Documents/github/NathanWalker/token-economics/ns-benchmark/platforms/ios/build/Release-iphonesimulator/nsbenchmark.app
