Command line invocation:
    /Applications/Xcode.app/Contents/Developer/usr/bin/xcodebuild test -project UIDriver.xcodeproj -scheme UIDriver -destination id=7DFF2660-A10C-449E-867A-92863D91663B

--- xcodebuild: WARNING: Using the first of multiple matching destinations:
{ platform:iOS Simulator, arch:arm64, id:7DFF2660-A10C-449E-867A-92863D91663B, OS:26.5, name:iPhone 17 Pro }
{ platform:iOS Simulator, arch:x86_64, id:7DFF2660-A10C-449E-867A-92863D91663B, OS:26.5, name:iPhone 17 Pro }
ComputePackagePrebuildTargetDependencyGraph

Prepare packages

CreateBuildRequest

SendProjectDescription

CreateBuildOperation

ComputeTargetDependencyGraph
note: Building targets in dependency order
note: Target dependency graph (1 target)
    Target 'UIDriverUITests' in project 'UIDriver' (no dependencies)

GatherProvisioningInputs

CreateBuildDescription

ClangStatCache /Applications/Xcode.app/Contents/Developer/Toolchains/XcodeDefault.xctoolchain/usr/bin/clang-stat-cache /Applications/Xcode.app/Contents/Developer/Platforms/iPhoneSimulator.platform/Developer/SDKs/iPhoneSimulator26.5.sdk /Users/runner/Library/Developer/Xcode/DerivedData/SDKStatCaches.noindex/iphonesimulator26.5-23F73-688ef53f1462e2c8f657fdc38a81448f6cfe768891a92b912361537c460fe42b.sdkstatcache
    cd /Users/runner/token-economics/harness/perf/uidriver/UIDriver.xcodeproj
    /Applications/Xcode.app/Contents/Developer/Toolchains/XcodeDefault.xctoolchain/usr/bin/clang-stat-cache /Applications/Xcode.app/Contents/Developer/Platforms/iPhoneSimulator.platform/Developer/SDKs/iPhoneSimulator26.5.sdk -o /Users/runner/Library/Developer/Xcode/DerivedData/SDKStatCaches.noindex/iphonesimulator26.5-23F73-688ef53f1462e2c8f657fdc38a81448f6cfe768891a92b912361537c460fe42b.sdkstatcache

ProcessInfoPlistFile /Users/runner/Library/Developer/Xcode/DerivedData/UIDriver-ekqcqbpucoqmcgbikewqdmafsmmj/Build/Products/Debug-iphonesimulator/UIDriverUITests-Runner.app/PlugIns/UIDriverUITests.xctest/Info.plist /Users/runner/Library/Developer/Xcode/DerivedData/UIDriver-ekqcqbpucoqmcgbikewqdmafsmmj/Build/Intermediates.noindex/UIDriver.build/Debug-iphonesimulator/UIDriverUITests.build/empty-UIDriverUITests.plist (in target 'UIDriverUITests' from project 'UIDriver')
    cd /Users/runner/token-economics/harness/perf/uidriver
    builtin-infoPlistUtility /Users/runner/Library/Developer/Xcode/DerivedData/UIDriver-ekqcqbpucoqmcgbikewqdmafsmmj/Build/Intermediates.noindex/UIDriver.build/Debug-iphonesimulator/UIDriverUITests.build/empty-UIDriverUITests.plist -producttype com.apple.product-type.bundle.ui-testing -expandbuildsettings -format binary -platform iphonesimulator -additionalcontentfile /Users/runner/Library/Developer/Xcode/DerivedData/UIDriver-ekqcqbpucoqmcgbikewqdmafsmmj/Build/Intermediates.noindex/UIDriver.build/Debug-iphonesimulator/UIDriverUITests.build/ProductTypeInfoPlistAdditions.plist -o /Users/runner/Library/Developer/Xcode/DerivedData/UIDriver-ekqcqbpucoqmcgbikewqdmafsmmj/Build/Products/Debug-iphonesimulator/UIDriverUITests-Runner.app/PlugIns/UIDriverUITests.xctest/Info.plist

CopySwiftLibs /Users/runner/Library/Developer/Xcode/DerivedData/UIDriver-ekqcqbpucoqmcgbikewqdmafsmmj/Build/Products/Debug-iphonesimulator/UIDriverUITests-Runner.app/PlugIns/UIDriverUITests.xctest (in target 'UIDriverUITests' from project 'UIDriver')
    cd /Users/runner/token-economics/harness/perf/uidriver
    builtin-swiftStdLibTool --copy --verbose --scan-executable /Users/runner/Library/Developer/Xcode/DerivedData/UIDriver-ekqcqbpucoqmcgbikewqdmafsmmj/Build/Products/Debug-iphonesimulator/UIDriverUITests-Runner.app/PlugIns/UIDriverUITests.xctest/UIDriverUITests --scan-folder /Users/runner/Library/Developer/Xcode/DerivedData/UIDriver-ekqcqbpucoqmcgbikewqdmafsmmj/Build/Products/Debug-iphonesimulator/UIDriverUITests-Runner.app/PlugIns/UIDriverUITests.xctest/Frameworks --scan-folder /Users/runner/Library/Developer/Xcode/DerivedData/UIDriver-ekqcqbpucoqmcgbikewqdmafsmmj/Build/Products/Debug-iphonesimulator/UIDriverUITests-Runner.app/PlugIns/UIDriverUITests.xctest/PlugIns --scan-folder /Users/runner/Library/Developer/Xcode/DerivedData/UIDriver-ekqcqbpucoqmcgbikewqdmafsmmj/Build/Products/Debug-iphonesimulator/UIDriverUITests-Runner.app/PlugIns/UIDriverUITests.xctest/SystemExtensions --scan-folder /Users/runner/Library/Developer/Xcode/DerivedData/UIDriver-ekqcqbpucoqmcgbikewqdmafsmmj/Build/Products/Debug-iphonesimulator/UIDriverUITests-Runner.app/PlugIns/UIDriverUITests.xctest/Extensions --platform iphonesimulator --toolchain /var/run/com.apple.security.cryptexd/mnt/com.apple.MobileAsset.MetalToolchain-v17.6.42.0.xRBJyY/Metal.xctoolchain --toolchain /Applications/Xcode.app/Contents/Developer/Toolchains/XcodeDefault.xctoolchain --destination /Users/runner/Library/Developer/Xcode/DerivedData/UIDriver-ekqcqbpucoqmcgbikewqdmafsmmj/Build/Products/Debug-iphonesimulator/UIDriverUITests-Runner.app/PlugIns/UIDriverUITests.xctest/Frameworks --strip-bitcode --scan-executable /Applications/Xcode.app/Contents/Developer/Platforms/iPhoneSimulator.platform/Developer/usr/lib/libXCTestSwiftSupport.dylib --strip-bitcode-tool /Applications/Xcode.app/Contents/Developer/Toolchains/XcodeDefault.xctoolchain/usr/bin/bitcode_strip --emit-dependency-info /Users/runner/Library/Developer/Xcode/DerivedData/UIDriver-ekqcqbpucoqmcgbikewqdmafsmmj/Build/Intermediates.noindex/UIDriver.build/Debug-iphonesimulator/UIDriverUITests.build/SwiftStdLibToolInputDependencies.dep --filter-for-swift-os
Ignoring --strip-bitcode because --sign was not passed

2026-07-25 19:54:53.648493-0700 UIDriverUITests-Runner[57478:17010522] [Default] Running tests...
    t =      nans Interface orientation changed to Portrait
Test Suite 'All tests' started at 2026-07-25 19:54:54.225.
Test Suite 'UIDriverUITests.xctest' started at 2026-07-25 19:54:54.225.
Test Suite 'FeatureLatencyTests' started at 2026-07-25 19:54:54.225.
Test Case '-[UIDriverUITests.FeatureLatencyTests testFeatureLatencies]' started.
    t =     0.00s Start Test at 2026-07-25 19:54:54.226
    t =     0.02s Set Up
STEP[0s]: iter 0: launch org.nativescript.nsbenchmark
    t =     0.02s Open org.nativescript.nsbenchmark
    t =     0.02s     Launch org.nativescript.nsbenchmark
    t =     0.12s         Setting up automation session
objc[57478]: Class UIAccessibilityLoaderWebShared is implemented in both /Library/Developer/CoreSimulator/Volumes/iOS_23F77/Library/Developer/CoreSimulator/Profiles/Runtimes/iOS 26.5.simruntime/Contents/Resources/RuntimeRoot/System/Library/AccessibilityBundles/WebCore.axbundle/WebCore (0x1067b0310) and /Library/Developer/CoreSimulator/Volumes/iOS_23F77/Library/Developer/CoreSimulator/Profiles/Runtimes/iOS 26.5.simruntime/Contents/Resources/RuntimeRoot/System/Library/AccessibilityBundles/WebKit.axbundle/WebKit (0x1067e4398). This may cause spurious casting failures and mysterious crashes. One of the duplicates must be removed or renamed.
    t =     1.06s         Wait for org.nativescript.nsbenchmark to idle
    t =     2.22s Checking existence of `"Health" Button`
    t =     2.25s Waiting 20.0s for "Health" Button to exist
    t =     3.33s     Checking `Expect predicate `existsNoRetry == 1` for object "Health" Button`
    t =     3.34s         Checking existence of `"Health" Button`
STEP[3s]: iter 0: nav Health
    t =     3.35s Checking existence of `"Health" Button`
    t =     3.36s Tap "Health" Button
    t =     3.36s     Wait for org.nativescript.nsbenchmark to idle
    t =     3.36s     Find the "Health" Button
    t =     3.37s     Check for interrupting elements affecting "Health" Button
    t =     3.38s     Synthesize event
    t =     3.67s     Wait for org.nativescript.nsbenchmark to idle
    t =     4.09s Waiting 10.0s for Any (First Match) to exist
    t =     5.17s     Checking `Expect predicate `existsNoRetry == 1` for object Any (First Match)`
    t =     5.17s         Checking existence of `Any (First Match)`
    t =     5.20s Checking existence of `Any (First Match)`
    t =     5.21s Find the Any (First Match)
STEP[5s]: iter 0: HK authorize
    t =     5.22s Checking existence of `"Request Access" Button`
    t =     5.23s Checking existence of `"Request Access" Button`
    t =     5.24s Find the "Request Access" Button
    t =     5.26s Tap "Request Access" Button
    t =     5.26s     Wait for org.nativescript.nsbenchmark to idle
    t =     5.26s     Find the "Request Access" Button
    t =     5.27s     Check for interrupting elements affecting "Request Access" Button
    t =     5.28s     Synthesize event
    t =     5.57s     Wait for org.nativescript.nsbenchmark to idle
    t =     6.41s Waiting 3.0s for Any (First Match) to exist
    t =     7.50s     Checking `Expect predicate `existsNoRetry == 1` for object Any (First Match)`
    t =     7.51s         Checking existence of `Any (First Match)`
    t =     7.56s Find the Any (First Match)
STEP[7s]: health sheet(app): tap 'Turn On All'
    t =     7.59s Tap "Turn On All" StaticText
    t =     7.59s     Wait for org.nativescript.nsbenchmark to idle
    t =     7.60s     Find the "Turn On All" StaticText
    t =     7.63s     Check for interrupting elements affecting "Turn On All" StaticText
    t =     7.66s     Synthesize event
    t =     7.97s     Wait for org.nativescript.nsbenchmark to idle
    t =     7.98s Waiting 2.0s for "Allow" Button to exist
    t =     9.07s     Checking `Expect predicate `existsNoRetry == 1` for object "Allow" Button`
    t =     9.07s         Checking existence of `"Allow" Button`
    t =     9.13s Find the "Allow" Button
STEP[9s]: health sheet(app): confirm 'Allow'
    t =     9.16s Tap "UIA.Health.Allow.Button" Button
    t =     9.16s     Wait for org.nativescript.nsbenchmark to idle
    t =     9.16s     Find the "UIA.Health.Allow.Button" Button
    t =     9.19s     Check for interrupting elements affecting "UIA.Health.Allow.Button" Button
    t =     9.21s     Synthesize event
    t =     9.50s     Wait for org.nativescript.nsbenchmark to idle
    t =     9.51s Waiting 15.0s for Any (First Match) to exist
    t =    10.57s     Checking `Expect predicate `existsNoRetry == 1` for object Any (First Match)`
    t =    10.57s         Checking existence of `Any (First Match)`
    t =    10.58s Checking existence of `"Health access: not requested" StaticText`
    t =    10.59s Find the "Health access: not requested" StaticText
    t =    10.60s Waiting 15.0s for Any (First Match) to exist
    t =    11.69s     Checking `Expect predicate `existsNoRetry == 1` for object Any (First Match)`
    t =    11.69s         Checking existence of `Any (First Match)`
    t =    11.72s Checking existence of `Any (First Match)`
    t =    11.73s Find the Any (First Match)
    t =    11.74s Checking existence of `"Log 500 Steps" Button`
    t =    11.75s Checking existence of `"Log 500 Steps" Button`
    t =    11.76s Find the "Log 500 Steps" Button
STEP[11s]: iter 0: log 500
    t =    11.78s Tap "Log 500 Steps" Button
    t =    11.78s     Wait for org.nativescript.nsbenchmark to idle
    t =    11.78s     Find the "Log 500 Steps" Button
    t =    11.79s     Check for interrupting elements affecting "Log 500 Steps" Button
    t =    11.80s     Synthesize event
    t =    12.10s     Wait for org.nativescript.nsbenchmark to idle
    t =    12.38s Checking existence of `"Sat Jul 25 — 9,000 steps (today)" StaticText`
    t =    12.40s Find the "Sat Jul 25 — 9,000 steps (today)" StaticText
    t =    12.41s Checking existence of `"Sat Jul 25 — 9,500 steps (today)" StaticText`
STEP[12s]: iter 0: go home
    t =    12.42s Checking existence of `"Transcribe" Button`
    t =    12.44s Checking existence of `"Health" Button`
    t =    12.45s Checking existence of `Any (First Match)`
    t =    12.46s Checking existence of `Button (Element at index 0)`
    t =    12.47s Find the Button (Element at index 0)
STEP[12s]: goHome: tapping candidate 0
    t =    12.49s Tap "BackButton" Button
    t =    12.49s     Wait for org.nativescript.nsbenchmark to idle
    t =    12.49s     Find the "BackButton" Button
    t =    12.50s     Check for interrupting elements affecting "BackButton" Button
    t =    12.51s     Synthesize event
    t =    12.81s     Wait for org.nativescript.nsbenchmark to idle
    t =    13.65s Checking existence of `"Transcribe" Button`
    t =    13.66s Waiting 3.0s for "Transcribe" Button to exist
    t =    14.73s     Checking `Expect predicate `existsNoRetry == 1` for object "Transcribe" Button`
    t =    14.74s         Checking existence of `"Transcribe" Button`
STEP[14s]: iter 0: nav Transcribe
    t =    14.75s Checking existence of `"Transcribe" Button`
    t =    14.76s Tap "Transcribe" Button
    t =    14.76s     Wait for org.nativescript.nsbenchmark to idle
    t =    14.76s     Find the "Transcribe" Button
    t =    14.77s     Check for interrupting elements affecting "Transcribe" Button
    t =    14.78s     Synthesize event
    t =    15.07s     Wait for org.nativescript.nsbenchmark to idle
    t =    15.60s Waiting 10.0s for Any (First Match) to exist
    t =    16.68s     Checking `Expect predicate `existsNoRetry == 1` for object Any (First Match)`
    t =    16.68s         Checking existence of `Any (First Match)`
    t =    16.71s Checking existence of `Any (First Match)`
    t =    16.72s Find the Any (First Match)
STEP[16s]: iter 0: speech authorize
    t =    16.73s Checking existence of `"Request Access" Button`
    t =    16.74s Checking existence of `"Request Access" Button`
    t =    16.75s Find the "Request Access" Button
    t =    16.76s Tap "Request Access" Button
    t =    16.76s     Wait for org.nativescript.nsbenchmark to idle
    t =    16.76s     Find the "Request Access" Button
    t =    16.77s     Check for interrupting elements affecting "Request Access" Button
    t =    16.79s     Synthesize event
    t =    17.08s     Wait for org.nativescript.nsbenchmark to idle
    t =    17.36s Waiting 3.0s for "Allow" Button to exist
    t =    18.44s     Checking `Expect predicate `existsNoRetry == 1` for object "Allow" Button`
    t =    18.44s         Checking existence of `"Allow" Button`
STEP[18s]: system alert: 'Allow'
    t =    18.48s Tap "Allow" Button
    t =    18.48s     Wait for com.apple.springboard to idle
    t =    18.49s     Find the "Allow" Button
    t =    18.51s     Check for interrupting elements affecting "Allow" Button
    t =    18.54s     Synthesize event
    t =    18.83s     Wait for com.apple.springboard to idle
    t =    19.05s Waiting 15.0s for Any (First Match) to exist
    t =    20.13s     Checking `Expect predicate `existsNoRetry == 1` for object Any (First Match)`
    t =    20.14s         Checking existence of `Any (First Match)`
    t =    20.17s Checking existence of `"Speech access: not requested" StaticText`
    t =    20.18s Find the "Speech access: not requested" StaticText
    t =    20.19s Checking existence of `"Transcribe Sample" Button`
    t =    20.20s Checking existence of `"Transcribe Sample" Button`
    t =    20.21s Find the "Transcribe Sample" Button
STEP[20s]: iter 0: transcribe
    t =    20.22s Tap "Transcribe Sample" Button
    t =    20.22s     Wait for org.nativescript.nsbenchmark to idle
    t =    20.22s     Find the "Transcribe Sample" Button
    t =    20.23s     Check for interrupting elements affecting "Transcribe Sample" Button
    t =    20.25s     Synthesize event
    t =    20.53s     Wait for org.nativescript.nsbenchmark to idle
    t =    20.81s Waiting 45.0s for Any (First Match) to exist
    t =    21.90s     Checking `Expect predicate `existsNoRetry == 1` for object Any (First Match)`
    t =    21.90s         Checking existence of `Any (First Match)`
    t =    21.92s         Capturing element debug description
    t =    22.89s     Checking `Expect predicate `existsNoRetry == 1` for object Any (First Match)`
    t =    22.89s         Checking existence of `Any (First Match)`
    t =    22.92s         Capturing element debug description
    t =    23.89s     Checking `Expect predicate `existsNoRetry == 1` for object Any (First Match)`
    t =    23.89s         Checking existence of `Any (First Match)`
    t =    23.92s         Capturing element debug description
    t =    24.88s     Checking `Expect predicate `existsNoRetry == 1` for object Any (First Match)`
    t =    24.88s         Checking existence of `Any (First Match)`
    t =    24.91s         Capturing element debug description
    t =    25.88s     Checking `Expect predicate `existsNoRetry == 1` for object Any (First Match)`
    t =    25.88s         Checking existence of `Any (First Match)`
    t =    25.91s         Capturing element debug description
    t =    26.88s     Checking `Expect predicate `existsNoRetry == 1` for object Any (First Match)`
    t =    26.88s         Checking existence of `Any (First Match)`
    t =    26.90s         Capturing element debug description
    t =    27.88s     Checking `Expect predicate `existsNoRetry == 1` for object Any (First Match)`
    t =    27.88s         Checking existence of `Any (First Match)`
    t =    27.90s         Capturing element debug description
    t =    28.87s     Checking `Expect predicate `existsNoRetry == 1` for object Any (First Match)`
    t =    28.87s         Checking existence of `Any (First Match)`
    t =    28.90s         Capturing element debug description
    t =    29.86s     Checking `Expect predicate `existsNoRetry == 1` for object Any (First Match)`
    t =    29.87s         Checking existence of `Any (First Match)`
    t =    29.89s         Capturing element debug description
    t =    30.84s     Checking `Expect predicate `existsNoRetry == 1` for object Any (First Match)`
    t =    30.84s         Checking existence of `Any (First Match)`
    t =    30.86s         Capturing element debug description
    t =    31.83s     Checking `Expect predicate `existsNoRetry == 1` for object Any (First Match)`
    t =    31.83s         Checking existence of `Any (First Match)`
    t =    31.85s         Capturing element debug description
    t =    32.82s     Checking `Expect predicate `existsNoRetry == 1` for object Any (First Match)`
    t =    32.82s         Checking existence of `Any (First Match)`
    t =    32.85s         Capturing element debug description
    t =    33.91s     Checking `Expect predicate `existsNoRetry == 1` for object Any (First Match)`
    t =    33.91s         Checking existence of `Any (First Match)`
    t =    33.94s         Capturing element debug description
    t =    34.90s     Checking `Expect predicate `existsNoRetry == 1` for object Any (First Match)`
    t =    34.90s         Checking existence of `Any (First Match)`
    t =    34.93s         Capturing element debug description
    t =    35.88s     Checking `Expect predicate `existsNoRetry == 1` for object Any (First Match)`
    t =    35.88s         Checking existence of `Any (First Match)`
    t =    35.91s         Capturing element debug description
    t =    36.88s     Checking `Expect predicate `existsNoRetry == 1` for object Any (First Match)`
    t =    36.88s         Checking existence of `Any (First Match)`
    t =    36.91s         Capturing element debug description
    t =    37.87s     Checking `Expect predicate `existsNoRetry == 1` for object Any (First Match)`
    t =    37.87s         Checking existence of `Any (First Match)`
    t =    37.90s         Capturing element debug description
    t =    38.85s     Checking `Expect predicate `existsNoRetry == 1` for object Any (First Match)`
    t =    38.85s         Checking existence of `Any (First Match)`
    t =    38.88s         Capturing element debug description
    t =    39.82s     Checking `Expect predicate `existsNoRetry == 1` for object Any (First Match)`
    t =    39.82s         Checking existence of `Any (First Match)`
    t =    39.85s         Capturing element debug description
    t =    40.83s     Checking `Expect predicate `existsNoRetry == 1` for object Any (First Match)`
    t =    40.83s         Checking existence of `Any (First Match)`
    t =    40.85s         Capturing element debug description
    t =    41.83s     Checking `Expect predicate `existsNoRetry == 1` for object Any (First Match)`
    t =    41.83s         Checking existence of `Any (First Match)`
    t =    41.85s         Capturing element debug description
    t =    42.89s     Checking `Expect predicate `existsNoRetry == 1` for object Any (First Match)`
    t =    42.89s         Checking existence of `Any (First Match)`
    t =    42.92s         Capturing element debug description
    t =    43.88s     Checking `Expect predicate `existsNoRetry == 1` for object Any (First Match)`
    t =    43.88s         Checking existence of `Any (First Match)`
    t =    43.91s         Capturing element debug description
    t =    44.88s     Checking `Expect predicate `existsNoRetry == 1` for object Any (First Match)`
    t =    44.88s         Checking existence of `Any (First Match)`
    t =    44.91s         Capturing element debug description
    t =    45.86s     Checking `Expect predicate `existsNoRetry == 1` for object Any (First Match)`
    t =    45.86s         Checking existence of `Any (First Match)`
    t =    45.89s         Capturing element debug description
    t =    46.86s     Checking `Expect predicate `existsNoRetry == 1` for object Any (First Match)`
    t =    46.86s         Checking existence of `Any (First Match)`
    t =    46.89s         Capturing element debug description
    t =    47.84s     Checking `Expect predicate `existsNoRetry == 1` for object Any (First Match)`
    t =    47.84s         Checking existence of `Any (First Match)`
    t =    47.86s         Capturing element debug description
    t =    48.83s     Checking `Expect predicate `existsNoRetry == 1` for object Any (First Match)`
    t =    48.83s         Checking existence of `Any (First Match)`
    t =    48.86s         Capturing element debug description
    t =    49.83s     Checking `Expect predicate `existsNoRetry == 1` for object Any (First Match)`
    t =    49.83s         Checking existence of `Any (First Match)`
    t =    49.85s         Capturing element debug description
    t =    50.91s     Checking `Expect predicate `existsNoRetry == 1` for object Any (First Match)`
    t =    50.91s         Checking existence of `Any (First Match)`
    t =    50.94s         Capturing element debug description
    t =    51.90s     Checking `Expect predicate `existsNoRetry == 1` for object Any (First Match)`
    t =    51.91s         Checking existence of `Any (First Match)`
    t =    51.93s         Capturing element debug description
    t =    52.90s     Checking `Expect predicate `existsNoRetry == 1` for object Any (First Match)`
    t =    52.91s         Checking existence of `Any (First Match)`
    t =    52.93s         Capturing element debug description
    t =    53.90s     Checking `Expect predicate `existsNoRetry == 1` for object Any (First Match)`
    t =    53.91s         Checking existence of `Any (First Match)`
    t =    53.93s         Capturing element debug description
    t =    54.90s     Checking `Expect predicate `existsNoRetry == 1` for object Any (First Match)`
    t =    54.90s         Checking existence of `Any (First Match)`
    t =    54.93s         Capturing element debug description
    t =    55.89s     Checking `Expect predicate `existsNoRetry == 1` for object Any (First Match)`
    t =    55.90s         Checking existence of `Any (First Match)`
    t =    55.92s         Capturing element debug description
    t =    56.90s     Checking `Expect predicate `existsNoRetry == 1` for object Any (First Match)`
    t =    56.90s         Checking existence of `Any (First Match)`
    t =    56.92s         Capturing element debug description
    t =    57.90s     Checking `Expect predicate `existsNoRetry == 1` for object Any (First Match)`
    t =    57.90s         Checking existence of `Any (First Match)`
    t =    57.92s         Capturing element debug description
    t =    58.90s     Checking `Expect predicate `existsNoRetry == 1` for object Any (First Match)`
    t =    58.90s         Checking existence of `Any (First Match)`
    t =    58.93s         Capturing element debug description
    t =    59.88s     Checking `Expect predicate `existsNoRetry == 1` for object Any (First Match)`
    t =    59.88s         Checking existence of `Any (First Match)`
    t =    59.91s         Capturing element debug description
    t =    60.86s     Checking `Expect predicate `existsNoRetry == 1` for object Any (First Match)`
    t =    60.86s         Checking existence of `Any (First Match)`
    t =    60.89s         Capturing element debug description
    t =    61.85s     Checking `Expect predicate `existsNoRetry == 1` for object Any (First Match)`
    t =    61.85s         Checking existence of `Any (First Match)`
    t =    61.87s         Capturing element debug description
    t =    62.84s     Checking `Expect predicate `existsNoRetry == 1` for object Any (First Match)`
    t =    62.84s         Checking existence of `Any (First Match)`
    t =    62.86s         Capturing element debug description
    t =    63.83s     Checking `Expect predicate `existsNoRetry == 1` for object Any (First Match)`
    t =    63.83s         Checking existence of `Any (First Match)`
    t =    63.85s         Capturing element debug description
    t =    64.82s     Checking `Expect predicate `existsNoRetry == 1` for object Any (First Match)`
    t =    64.82s         Checking existence of `Any (First Match)`
    t =    64.85s         Capturing element debug description
    t =    65.84s     Checking `Expect predicate `existsNoRetry == 1` for object Any (First Match)`
    t =    65.84s         Checking existence of `Any (First Match)`
    t =    65.87s         Capturing element debug description
    t =    65.87s     Checking existence of `Any (First Match)`
    t =    65.88s Collecting debug information to assist test failure triage
    t =    65.88s     Requesting snapshot of accessibility hierarchy for app with pid 57482
    t =    65.91s Checking existence of `Any (First Match)`
    t =    65.92s Checking existence of `Any (First Match)`
    t =    65.92s Checking existence of `Any (First Match)`
    t =    65.93s Find the Any (First Match)
STEP[65s]: iter 0: done
    t =    65.94s Terminate org.nativescript.nsbenchmark:57482
STEP[67s]: iter 1: launch org.nativescript.nsbenchmark
    t =    67.05s Open org.nativescript.nsbenchmark
    t =    67.05s     Launch org.nativescript.nsbenchmark
    t =    67.15s         Setting up automation session
    t =    67.74s         Wait for org.nativescript.nsbenchmark to idle
    t =    68.90s Checking existence of `"Health" Button`
    t =    68.93s Waiting 20.0s for "Health" Button to exist
    t =    69.99s     Checking `Expect predicate `existsNoRetry == 1` for object "Health" Button`
    t =    69.99s         Checking existence of `"Health" Button`
STEP[69s]: iter 1: nav Health
    t =    70.00s Checking existence of `"Health" Button`
    t =    70.01s Tap "Health" Button
    t =    70.01s     Wait for org.nativescript.nsbenchmark to idle
    t =    70.01s     Find the "Health" Button
    t =    70.02s     Check for interrupting elements affecting "Health" Button
    t =    70.03s     Synthesize event
    t =    70.32s     Wait for org.nativescript.nsbenchmark to idle
    t =    70.83s Waiting 10.0s for Any (First Match) to exist
    t =    71.90s     Checking `Expect predicate `existsNoRetry == 1` for object Any (First Match)`
    t =    71.90s         Checking existence of `Any (First Match)`
    t =    71.91s Checking existence of `Any (First Match)`
    t =    71.92s Find the Any (First Match)
    t =    71.93s Checking existence of `"Health access: granted" StaticText`
    t =    71.94s Find the "Health access: granted" StaticText
    t =    71.94s Waiting 15.0s for Any (First Match) to exist
    t =    72.99s     Checking `Expect predicate `existsNoRetry == 1` for object Any (First Match)`
    t =    72.99s         Checking existence of `Any (First Match)`
    t =    73.00s Checking existence of `Any (First Match)`
    t =    73.01s Find the Any (First Match)
    t =    73.02s Checking existence of `"Log 500 Steps" Button`
    t =    73.03s Checking existence of `"Log 500 Steps" Button`
    t =    73.04s Find the "Log 500 Steps" Button
STEP[73s]: iter 1: log 500
    t =    73.06s Tap "Log 500 Steps" Button
    t =    73.06s     Wait for org.nativescript.nsbenchmark to idle
    t =    73.06s     Find the "Log 500 Steps" Button
    t =    73.07s     Check for interrupting elements affecting "Log 500 Steps" Button
    t =    73.08s     Synthesize event
    t =    73.38s     Wait for org.nativescript.nsbenchmark to idle
    t =    73.66s Checking existence of `"Sat Jul 25 — 9,500 steps (today)" StaticText`
    t =    73.68s Find the "Sat Jul 25 — 9,500 steps (today)" StaticText
    t =    73.70s Checking existence of `"Sat Jul 25 — 10,000 steps (today)" StaticText`
STEP[73s]: iter 1: go home
    t =    73.71s Checking existence of `"Transcribe" Button`
    t =    73.72s Checking existence of `"Health" Button`
    t =    73.73s Checking existence of `Any (First Match)`
    t =    73.74s Checking existence of `Button (Element at index 0)`
    t =    73.75s Find the Button (Element at index 0)
STEP[73s]: goHome: tapping candidate 0
    t =    73.77s Tap "BackButton" Button
    t =    73.77s     Wait for org.nativescript.nsbenchmark to idle
    t =    73.77s     Find the "BackButton" Button
    t =    73.79s     Check for interrupting elements affecting "BackButton" Button
    t =    73.80s     Synthesize event
    t =    74.10s     Wait for org.nativescript.nsbenchmark to idle
    t =    74.93s Checking existence of `"Transcribe" Button`
    t =    74.95s Waiting 3.0s for "Transcribe" Button to exist
    t =    76.00s     Checking `Expect predicate `existsNoRetry == 1` for object "Transcribe" Button`
    t =    76.01s         Checking existence of `"Transcribe" Button`
STEP[76s]: iter 1: nav Transcribe
    t =    76.02s Checking existence of `"Transcribe" Button`
    t =    76.03s Tap "Transcribe" Button
    t =    76.03s     Wait for org.nativescript.nsbenchmark to idle
    t =    76.03s     Find the "Transcribe" Button
    t =    76.04s     Check for interrupting elements affecting "Transcribe" Button
    t =    76.05s     Synthesize event
    t =    76.34s     Wait for org.nativescript.nsbenchmark to idle
    t =    76.83s Waiting 10.0s for Any (First Match) to exist
    t =    77.87s     Checking `Expect predicate `existsNoRetry == 1` for object Any (First Match)`
    t =    77.87s         Checking existence of `Any (First Match)`
    t =    77.90s Checking existence of `Any (First Match)`
    t =    77.91s Find the Any (First Match)
    t =    77.92s Checking existence of `"Speech access: granted" StaticText`
    t =    77.93s Find the "Speech access: granted" StaticText
    t =    77.94s Checking existence of `"Transcribe Sample" Button`
    t =    77.95s Checking existence of `"Transcribe Sample" Button`
    t =    77.96s Find the "Transcribe Sample" Button
STEP[77s]: iter 1: transcribe
    t =    77.98s Tap "Transcribe Sample" Button
    t =    77.98s     Wait for org.nativescript.nsbenchmark to idle
    t =    77.98s     Find the "Transcribe Sample" Button
    t =    77.99s     Check for interrupting elements affecting "Transcribe Sample" Button
    t =    78.00s     Synthesize event
    t =    78.29s     Wait for org.nativescript.nsbenchmark to idle
    t =    78.58s Waiting 45.0s for Any (First Match) to exist
    t =    79.64s     Checking `Expect predicate `existsNoRetry == 1` for object Any (First Match)`
    t =    79.64s         Checking existence of `Any (First Match)`
    t =    79.67s         Capturing element debug description
    t =    80.62s     Checking `Expect predicate `existsNoRetry == 1` for object Any (First Match)`
    t =    80.62s         Checking existence of `Any (First Match)`
    t =    80.65s         Capturing element debug description
    t =    81.60s     Checking `Expect predicate `existsNoRetry == 1` for object Any (First Match)`
    t =    81.61s         Checking existence of `Any (First Match)`
    t =    81.63s         Capturing element debug description
    t =    82.60s     Checking `Expect predicate `existsNoRetry == 1` for object Any (First Match)`
    t =    82.60s         Checking existence of `Any (First Match)`
    t =    82.63s         Capturing element debug description
    t =    83.60s     Checking `Expect predicate `existsNoRetry == 1` for object Any (First Match)`
    t =    83.61s         Checking existence of `Any (First Match)`
    t =    83.64s         Capturing element debug description
    t =    84.62s     Checking `Expect predicate `existsNoRetry == 1` for object Any (First Match)`
    t =    84.62s         Checking existence of `Any (First Match)`
    t =    84.65s         Capturing element debug description
    t =    85.60s     Checking `Expect predicate `existsNoRetry == 1` for object Any (First Match)`
    t =    85.61s         Checking existence of `Any (First Match)`
    t =    85.63s         Capturing element debug description
    t =    86.59s     Checking `Expect predicate `existsNoRetry == 1` for object Any (First Match)`
    t =    86.60s         Checking existence of `Any (First Match)`
    t =    86.62s         Capturing element debug description
    t =    87.59s     Checking `Expect predicate `existsNoRetry == 1` for object Any (First Match)`
    t =    87.59s         Checking existence of `Any (First Match)`
    t =    87.61s         Capturing element debug description
    t =    88.59s     Checking `Expect predicate `existsNoRetry == 1` for object Any (First Match)`
    t =    88.59s         Checking existence of `Any (First Match)`
    t =    88.61s         Capturing element debug description
    t =    89.59s     Checking `Expect predicate `existsNoRetry == 1` for object Any (First Match)`
    t =    89.59s         Checking existence of `Any (First Match)`
    t =    89.60s         Capturing element debug description
    t =    90.58s     Checking `Expect predicate `existsNoRetry == 1` for object Any (First Match)`
    t =    90.58s         Checking existence of `Any (First Match)`
    t =    90.61s         Capturing element debug description
    t =    91.58s     Checking `Expect predicate `existsNoRetry == 1` for object Any (First Match)`
    t =    91.58s         Checking existence of `Any (First Match)`
    t =    91.61s         Capturing element debug description
    t =    92.58s     Checking `Expect predicate `existsNoRetry == 1` for object Any (First Match)`
    t =    92.58s         Checking existence of `Any (First Match)`
    t =    92.59s         Capturing element debug description
    t =    93.66s     Checking `Expect predicate `existsNoRetry == 1` for object Any (First Match)`
    t =    93.66s         Checking existence of `Any (First Match)`
    t =    93.69s         Capturing element debug description
    t =    94.65s     Checking `Expect predicate `existsNoRetry == 1` for object Any (First Match)`
    t =    94.66s         Checking existence of `Any (First Match)`
    t =    94.68s         Capturing element debug description
    t =    95.65s     Checking `Expect predicate `existsNoRetry == 1` for object Any (First Match)`
    t =    95.65s         Checking existence of `Any (First Match)`
    t =    95.67s         Capturing element debug description
    t =    96.64s     Checking `Expect predicate `existsNoRetry == 1` for object Any (First Match)`
    t =    96.64s         Checking existence of `Any (First Match)`
    t =    96.66s         Capturing element debug description
    t =    97.63s     Checking `Expect predicate `existsNoRetry == 1` for object Any (First Match)`
    t =    97.63s         Checking existence of `Any (First Match)`
    t =    97.66s         Capturing element debug description
    t =    98.62s     Checking `Expect predicate `existsNoRetry == 1` for object Any (First Match)`
    t =    98.62s         Checking existence of `Any (First Match)`
    t =    98.65s         Capturing element debug description
    t =    99.61s     Checking `Expect predicate `existsNoRetry == 1` for object Any (First Match)`
    t =    99.61s         Checking existence of `Any (First Match)`
    t =    99.64s         Capturing element debug description
    t =   100.60s     Checking `Expect predicate `existsNoRetry == 1` for object Any (First Match)`
    t =   100.60s         Checking existence of `Any (First Match)`
    t =   100.62s         Capturing element debug description
    t =   101.59s     Checking `Expect predicate `existsNoRetry == 1` for object Any (First Match)`
    t =   101.60s         Checking existence of `Any (First Match)`
    t =   101.63s         Capturing element debug description
    t =   102.59s     Checking `Expect predicate `existsNoRetry == 1` for object Any (First Match)`
    t =   102.59s         Checking existence of `Any (First Match)`
    t =   102.60s         Capturing element debug description
    t =   103.66s     Checking `Expect predicate `existsNoRetry == 1` for object Any (First Match)`
    t =   103.66s         Checking existence of `Any (First Match)`
    t =   103.69s         Capturing element debug description
    t =   104.63s     Checking `Expect predicate `existsNoRetry == 1` for object Any (First Match)`
    t =   104.63s         Checking existence of `Any (First Match)`
    t =   104.66s         Capturing element debug description
    t =   105.62s     Checking `Expect predicate `existsNoRetry == 1` for object Any (First Match)`
    t =   105.62s         Checking existence of `Any (First Match)`
    t =   105.65s         Capturing element debug description
    t =   106.60s     Checking `Expect predicate `existsNoRetry == 1` for object Any (First Match)`
    t =   106.60s         Checking existence of `Any (First Match)`
    t =   106.63s         Capturing element debug description
    t =   107.60s     Checking `Expect predicate `existsNoRetry == 1` for object Any (First Match)`
    t =   107.61s         Checking existence of `Any (First Match)`
    t =   107.63s         Capturing element debug description
    t =   108.58s     Checking `Expect predicate `existsNoRetry == 1` for object Any (First Match)`
    t =   108.59s         Checking existence of `Any (First Match)`
    t =   108.61s         Capturing element debug description
    t =   109.59s     Checking `Expect predicate `existsNoRetry == 1` for object Any (First Match)`
    t =   109.59s         Checking existence of `Any (First Match)`
    t =   109.61s         Capturing element debug description
    t =   110.59s     Checking `Expect predicate `existsNoRetry == 1` for object Any (First Match)`
    t =   110.59s         Checking existence of `Any (First Match)`
    t =   110.61s         Capturing element debug description
    t =   111.59s     Checking `Expect predicate `existsNoRetry == 1` for object Any (First Match)`
    t =   111.59s         Checking existence of `Any (First Match)`
    t =   111.61s         Capturing element debug description
    t =   112.59s     Checking `Expect predicate `existsNoRetry == 1` for object Any (First Match)`
    t =   112.59s         Checking existence of `Any (First Match)`
    t =   112.60s         Capturing element debug description
    t =   113.67s     Checking `Expect predicate `existsNoRetry == 1` for object Any (First Match)`
    t =   113.67s         Checking existence of `Any (First Match)`
    t =   113.70s         Capturing element debug description
    t =   114.66s     Checking `Expect predicate `existsNoRetry == 1` for object Any (First Match)`
    t =   114.66s         Checking existence of `Any (First Match)`
    t =   114.69s         Capturing element debug description
    t =   115.65s     Checking `Expect predicate `existsNoRetry == 1` for object Any (First Match)`
    t =   115.66s         Checking existence of `Any (First Match)`
    t =   115.68s         Capturing element debug description
    t =   116.65s     Checking `Expect predicate `existsNoRetry == 1` for object Any (First Match)`
    t =   116.65s         Checking existence of `Any (First Match)`
    t =   116.67s         Capturing element debug description
    t =   117.64s     Checking `Expect predicate `existsNoRetry == 1` for object Any (First Match)`
    t =   117.64s         Checking existence of `Any (First Match)`
    t =   117.67s         Capturing element debug description
    t =   118.63s     Checking `Expect predicate `existsNoRetry == 1` for object Any (First Match)`
    t =   118.63s         Checking existence of `Any (First Match)`
    t =   118.65s         Capturing element debug description
    t =   119.62s     Checking `Expect predicate `existsNoRetry == 1` for object Any (First Match)`
    t =   119.62s         Checking existence of `Any (First Match)`
    t =   119.64s         Capturing element debug description
    t =   120.60s     Checking `Expect predicate `existsNoRetry == 1` for object Any (First Match)`
    t =   120.60s         Checking existence of `Any (First Match)`
    t =   120.63s         Capturing element debug description
    t =   121.60s     Checking `Expect predicate `existsNoRetry == 1` for object Any (First Match)`
    t =   121.60s         Checking existence of `Any (First Match)`
    t =   121.62s         Capturing element debug description
    t =   122.60s     Checking `Expect predicate `existsNoRetry == 1` for object Any (First Match)`
    t =   122.60s         Checking existence of `Any (First Match)`
    t =   122.63s         Capturing element debug description
    t =   123.59s     Checking `Expect predicate `existsNoRetry == 1` for object Any (First Match)`
    t =   123.59s         Checking existence of `Any (First Match)`
    t =   123.61s         Capturing element debug description
    t =   123.62s     Checking existence of `Any (First Match)`
    t =   123.63s Collecting debug information to assist test failure triage
    t =   123.63s     Requesting snapshot of accessibility hierarchy for app with pid 57598
    t =   123.65s Checking existence of `Any (First Match)`
    t =   123.66s Checking existence of `Any (First Match)`
    t =   123.67s Checking existence of `Any (First Match)`
    t =   123.68s Find the Any (First Match)
STEP[123s]: iter 1: done
    t =   123.69s Terminate org.nativescript.nsbenchmark:57598
STEP[124s]: iter 2: launch org.nativescript.nsbenchmark
    t =   124.79s Open org.nativescript.nsbenchmark
    t =   124.79s     Launch org.nativescript.nsbenchmark
    t =   124.89s         Setting up automation session
    t =   125.49s         Wait for org.nativescript.nsbenchmark to idle
    t =   126.65s Checking existence of `"Health" Button`
    t =   126.68s Waiting 20.0s for "Health" Button to exist
    t =   127.75s     Checking `Expect predicate `existsNoRetry == 1` for object "Health" Button`
    t =   127.75s         Checking existence of `"Health" Button`
STEP[127s]: iter 2: nav Health
    t =   127.77s Checking existence of `"Health" Button`
    t =   127.78s Tap "Health" Button
    t =   127.78s     Wait for org.nativescript.nsbenchmark to idle
    t =   127.78s     Find the "Health" Button
    t =   127.78s     Check for interrupting elements affecting "Health" Button
    t =   127.80s     Synthesize event
    t =   128.09s     Wait for org.nativescript.nsbenchmark to idle
    t =   128.58s Waiting 10.0s for Any (First Match) to exist
    t =   129.64s     Checking `Expect predicate `existsNoRetry == 1` for object Any (First Match)`
    t =   129.65s         Checking existence of `Any (First Match)`
    t =   129.68s Checking existence of `Any (First Match)`
    t =   129.69s Find the Any (First Match)
    t =   129.70s Checking existence of `"Health access: granted" StaticText`
    t =   129.71s Find the "Health access: granted" StaticText
    t =   129.72s Waiting 15.0s for Any (First Match) to exist
    t =   130.77s     Checking `Expect predicate `existsNoRetry == 1` for object Any (First Match)`
    t =   130.77s         Checking existence of `Any (First Match)`
    t =   130.80s Checking existence of `Any (First Match)`
    t =   130.81s Find the Any (First Match)
    t =   130.83s Checking existence of `"Log 500 Steps" Button`
    t =   130.84s Checking existence of `"Log 500 Steps" Button`
    t =   130.85s Find the "Log 500 Steps" Button
STEP[130s]: iter 2: log 500
    t =   130.86s Tap "Log 500 Steps" Button
    t =   130.86s     Wait for org.nativescript.nsbenchmark to idle
    t =   130.86s     Find the "Log 500 Steps" Button
    t =   130.87s     Check for interrupting elements affecting "Log 500 Steps" Button
    t =   130.89s     Synthesize event
    t =   131.18s     Wait for org.nativescript.nsbenchmark to idle
    t =   131.46s Checking existence of `"Sat Jul 25 — 10,000 steps (today)" StaticText`
    t =   131.48s Find the "Sat Jul 25 — 10,000 steps (today)" StaticText
    t =   131.50s Checking existence of `"Sat Jul 25 — 10,500 steps (today)" StaticText`
STEP[131s]: iter 2: go home
    t =   131.51s Checking existence of `"Transcribe" Button`
    t =   131.52s Checking existence of `"Health" Button`
    t =   131.53s Checking existence of `Any (First Match)`
    t =   131.54s Checking existence of `Button (Element at index 0)`
    t =   131.55s Find the Button (Element at index 0)
STEP[131s]: goHome: tapping candidate 0
    t =   131.57s Tap "BackButton" Button
    t =   131.57s     Wait for org.nativescript.nsbenchmark to idle
    t =   131.57s     Find the "BackButton" Button
    t =   131.58s     Check for interrupting elements affecting "BackButton" Button
    t =   131.60s     Synthesize event
    t =   131.90s     Wait for org.nativescript.nsbenchmark to idle
    t =   132.73s Checking existence of `"Transcribe" Button`
    t =   132.75s Waiting 3.0s for "Transcribe" Button to exist
    t =   133.80s     Checking `Expect predicate `existsNoRetry == 1` for object "Transcribe" Button`
    t =   133.80s         Checking existence of `"Transcribe" Button`
STEP[133s]: iter 2: nav Transcribe
    t =   133.82s Checking existence of `"Transcribe" Button`
    t =   133.83s Tap "Transcribe" Button
    t =   133.83s     Wait for org.nativescript.nsbenchmark to idle
    t =   133.83s     Find the "Transcribe" Button
    t =   133.84s     Check for interrupting elements affecting "Transcribe" Button
    t =   133.85s     Synthesize event
    t =   134.14s     Wait for org.nativescript.nsbenchmark to idle
    t =   134.59s Waiting 10.0s for Any (First Match) to exist
    t =   135.65s     Checking `Expect predicate `existsNoRetry == 1` for object Any (First Match)`
    t =   135.66s         Checking existence of `Any (First Match)`
    t =   135.68s Checking existence of `Any (First Match)`
    t =   135.69s Find the Any (First Match)
    t =   135.71s Checking existence of `"Speech access: granted" StaticText`
    t =   135.71s Find the "Speech access: granted" StaticText
    t =   135.72s Checking existence of `"Transcribe Sample" Button`
    t =   135.73s Checking existence of `"Transcribe Sample" Button`
    t =   135.74s Find the "Transcribe Sample" Button
STEP[135s]: iter 2: transcribe
    t =   135.76s Tap "Transcribe Sample" Button
    t =   135.76s     Wait for org.nativescript.nsbenchmark to idle
    t =   135.76s     Find the "Transcribe Sample" Button
    t =   135.77s     Check for interrupting elements affecting "Transcribe Sample" Button
    t =   135.78s     Synthesize event
    t =   136.07s     Wait for org.nativescript.nsbenchmark to idle
    t =   136.36s Waiting 45.0s for Any (First Match) to exist
    t =   137.42s     Checking `Expect predicate `existsNoRetry == 1` for object Any (First Match)`
    t =   137.42s         Checking existence of `Any (First Match)`
    t =   137.45s         Capturing element debug description
    t =   138.41s     Checking `Expect predicate `existsNoRetry == 1` for object Any (First Match)`
    t =   138.41s         Checking existence of `Any (First Match)`
    t =   138.44s         Capturing element debug description
    t =   139.39s     Checking `Expect predicate `existsNoRetry == 1` for object Any (First Match)`
    t =   139.39s         Checking existence of `Any (First Match)`
    t =   139.41s         Capturing element debug description
    t =   140.39s     Checking `Expect predicate `existsNoRetry == 1` for object Any (First Match)`
    t =   140.39s         Checking existence of `Any (First Match)`
    t =   140.41s         Capturing element debug description
    t =   141.39s     Checking `Expect predicate `existsNoRetry == 1` for object Any (First Match)`
    t =   141.39s         Checking existence of `Any (First Match)`
    t =   141.41s         Capturing element debug description
    t =   142.38s     Checking `Expect predicate `existsNoRetry == 1` for object Any (First Match)`
    t =   142.38s         Checking existence of `Any (First Match)`
    t =   142.41s         Capturing element debug description
    t =   143.37s     Checking `Expect predicate `existsNoRetry == 1` for object Any (First Match)`
    t =   143.37s         Checking existence of `Any (First Match)`
    t =   143.38s         Capturing element debug description
    t =   144.36s     Checking `Expect predicate `existsNoRetry == 1` for object Any (First Match)`
    t =   144.36s         Checking existence of `Any (First Match)`
    t =   144.39s         Capturing element debug description
    t =   145.45s     Checking `Expect predicate `existsNoRetry == 1` for object Any (First Match)`
    t =   145.46s         Checking existence of `Any (First Match)`
    t =   145.48s         Capturing element debug description
    t =   146.45s     Checking `Expect predicate `existsNoRetry == 1` for object Any (First Match)`
    t =   146.46s         Checking existence of `Any (First Match)`
    t =   146.48s         Capturing element debug description
    t =   147.44s     Checking `Expect predicate `existsNoRetry == 1` for object Any (First Match)`
    t =   147.44s         Checking existence of `Any (First Match)`
    t =   147.46s         Capturing element debug description
    t =   148.44s     Checking `Expect predicate `existsNoRetry == 1` for object Any (First Match)`
    t =   148.44s         Checking existence of `Any (First Match)`
    t =   148.47s         Capturing element debug description
    t =   149.43s     Checking `Expect predicate `existsNoRetry == 1` for object Any (First Match)`
    t =   149.43s         Checking existence of `Any (First Match)`
    t =   149.46s         Capturing element debug description
    t =   150.42s     Checking `Expect predicate `existsNoRetry == 1` for object Any (First Match)`
    t =   150.42s         Checking existence of `Any (First Match)`
    t =   150.45s         Capturing element debug description
    t =   151.42s     Checking `Expect predicate `existsNoRetry == 1` for object Any (First Match)`
    t =   151.42s         Checking existence of `Any (First Match)`
    t =   151.45s         Capturing element debug description
    t =   152.41s     Checking `Expect predicate `existsNoRetry == 1` for object Any (First Match)`
    t =   152.41s         Checking existence of `Any (First Match)`
    t =   152.44s         Capturing element debug description
    t =   153.40s     Checking `Expect predicate `existsNoRetry == 1` for object Any (First Match)`
    t =   153.40s         Checking existence of `Any (First Match)`
    t =   153.41s         Capturing element debug description
    t =   154.38s     Checking `Expect predicate `existsNoRetry == 1` for object Any (First Match)`
    t =   154.38s         Checking existence of `Any (First Match)`
    t =   154.41s         Capturing element debug description
    t =   155.37s     Checking `Expect predicate `existsNoRetry == 1` for object Any (First Match)`
    t =   155.37s         Checking existence of `Any (First Match)`
    t =   155.40s         Capturing element debug description
    t =   156.37s     Checking `Expect predicate `existsNoRetry == 1` for object Any (First Match)`
    t =   156.37s         Checking existence of `Any (First Match)`
    t =   156.40s         Capturing element debug description
    t =   157.37s     Checking `Expect predicate `existsNoRetry == 1` for object Any (First Match)`
    t =   157.37s         Checking existence of `Any (First Match)`
    t =   157.40s         Capturing element debug description
    t =   158.45s     Checking `Expect predicate `existsNoRetry == 1` for object Any (First Match)`
    t =   158.46s         Checking existence of `Any (First Match)`
    t =   158.48s         Capturing element debug description
    t =   159.45s     Checking `Expect predicate `existsNoRetry == 1` for object Any (First Match)`
    t =   159.46s         Checking existence of `Any (First Match)`
    t =   159.48s         Capturing element debug description
    t =   160.44s     Checking `Expect predicate `existsNoRetry == 1` for object Any (First Match)`
    t =   160.44s         Checking existence of `Any (First Match)`
    t =   160.46s         Capturing element debug description
    t =   161.42s     Checking `Expect predicate `existsNoRetry == 1` for object Any (First Match)`
    t =   161.42s         Checking existence of `Any (First Match)`
    t =   161.44s         Capturing element debug description
    t =   162.38s     Checking `Expect predicate `existsNoRetry == 1` for object Any (First Match)`
    t =   162.39s         Checking existence of `Any (First Match)`
    t =   162.41s         Capturing element debug description
    t =   163.37s     Checking `Expect predicate `existsNoRetry == 1` for object Any (First Match)`
    t =   163.37s         Checking existence of `Any (First Match)`
    t =   163.40s         Capturing element debug description
    t =   164.45s     Checking `Expect predicate `existsNoRetry == 1` for object Any (First Match)`
    t =   164.46s         Checking existence of `Any (First Match)`
    t =   164.48s         Capturing element debug description
    t =   165.45s     Checking `Expect predicate `existsNoRetry == 1` for object Any (First Match)`
    t =   165.46s         Checking existence of `Any (First Match)`
    t =   165.48s         Capturing element debug description
    t =   166.43s     Checking `Expect predicate `existsNoRetry == 1` for object Any (First Match)`
    t =   166.43s         Checking existence of `Any (First Match)`
    t =   166.45s         Capturing element debug description
    t =   167.41s     Checking `Expect predicate `existsNoRetry == 1` for object Any (First Match)`
    t =   167.41s         Checking existence of `Any (First Match)`
    t =   167.43s         Capturing element debug description
    t =   168.37s     Checking `Expect predicate `existsNoRetry == 1` for object Any (First Match)`
    t =   168.37s         Checking existence of `Any (First Match)`
    t =   168.39s         Capturing element debug description
    t =   169.42s     Checking `Expect predicate `existsNoRetry == 1` for object Any (First Match)`
    t =   169.42s         Checking existence of `Any (First Match)`
    t =   169.44s         Capturing element debug description
    t =   170.37s     Checking `Expect predicate `existsNoRetry == 1` for object Any (First Match)`
    t =   170.37s         Checking existence of `Any (First Match)`
    t =   170.40s         Capturing element debug description
    t =   171.43s     Checking `Expect predicate `existsNoRetry == 1` for object Any (First Match)`
    t =   171.43s         Checking existence of `Any (First Match)`
    t =   171.45s         Capturing element debug description
    t =   172.38s     Checking `Expect predicate `existsNoRetry == 1` for object Any (First Match)`
    t =   172.38s         Checking existence of `Any (First Match)`
    t =   172.40s         Capturing element debug description
    t =   173.43s     Checking `Expect predicate `existsNoRetry == 1` for object Any (First Match)`
    t =   173.43s         Checking existence of `Any (First Match)`
    t =   173.46s         Capturing element debug description
    t =   174.39s     Checking `Expect predicate `existsNoRetry == 1` for object Any (First Match)`
    t =   174.39s         Checking existence of `Any (First Match)`
    t =   174.41s         Capturing element debug description
    t =   175.44s     Checking `Expect predicate `existsNoRetry == 1` for object Any (First Match)`
    t =   175.45s         Checking existence of `Any (First Match)`
    t =   175.47s         Capturing element debug description
    t =   176.39s     Checking `Expect predicate `existsNoRetry == 1` for object Any (First Match)`
    t =   176.40s         Checking existence of `Any (First Match)`
    t =   176.42s         Capturing element debug description
    t =   177.45s     Checking `Expect predicate `existsNoRetry == 1` for object Any (First Match)`
    t =   177.45s         Checking existence of `Any (First Match)`
    t =   177.48s         Capturing element debug description
    t =   178.41s     Checking `Expect predicate `existsNoRetry == 1` for object Any (First Match)`
    t =   178.41s         Checking existence of `Any (First Match)`
    t =   178.43s         Capturing element debug description
    t =   179.36s     Checking `Expect predicate `existsNoRetry == 1` for object Any (First Match)`
    t =   179.36s         Checking existence of `Any (First Match)`
    t =   179.39s         Capturing element debug description
    t =   180.42s     Checking `Expect predicate `existsNoRetry == 1` for object Any (First Match)`
    t =   180.42s         Checking existence of `Any (First Match)`
    t =   180.44s         Capturing element debug description
    t =   181.37s     Checking `Expect predicate `existsNoRetry == 1` for object Any (First Match)`
    t =   181.37s         Checking existence of `Any (First Match)`
    t =   181.38s         Capturing element debug description
    t =   181.39s     Checking existence of `Any (First Match)`
    t =   181.40s Collecting debug information to assist test failure triage
    t =   181.40s     Requesting snapshot of accessibility hierarchy for app with pid 57694
    t =   181.42s Checking existence of `Any (First Match)`
    t =   181.43s Checking existence of `Any (First Match)`
    t =   181.44s Checking existence of `Any (First Match)`
    t =   181.45s Find the Any (First Match)
STEP[181s]: iter 2: done
    t =   181.46s Terminate org.nativescript.nsbenchmark:57694
PERFJSON:{"bundle_id":"org.nativescript.nsbenchmark","runs":[{"iter":0,"hk_rows_ms":1113,"speech_granted":true,"nav_health_ms":1850,"hk_log_roundtrip_ms":645,"speech_state":"init_or_task_failed: Failed to initialize recognizer","health_granted":true,"nav_transcribe_ms":1954},{"health_granted":true,"nav_health_ms":1903,"nav_transcribe_ms":1874,"speech_granted":true,"hk_rows_ms":1058,"hk_log_roundtrip_ms":649,"speech_state":"init_or_task_failed: Failed to initialize recognizer","iter":1},{"iter":2,"hk_rows_ms":1078,"health_granted":true,"speech_state":"init_or_task_failed: Failed to initialize recognizer","nav_transcribe_ms":1856,"nav_health_ms":1908,"speech_granted":true,"hk_log_roundtrip_ms":647}]}
    t =   182.51s Tear Down
Test Case '-[UIDriverUITests.FeatureLatencyTests testFeatureLatencies]' passed (182.578 seconds).
Test Suite 'FeatureLatencyTests' passed at 2026-07-25 19:57:56.811.
	 Executed 1 test, with 0 failures (0 unexpected) in 182.578 (182.585) seconds
Test Suite 'UIDriverUITests.xctest' passed at 2026-07-25 19:57:56.812.
	 Executed 1 test, with 0 failures (0 unexpected) in 182.578 (182.586) seconds
Test Suite 'All tests' passed at 2026-07-25 19:57:56.813.
	 Executed 1 test, with 0 failures (0 unexpected) in 182.578 (182.588) seconds
2026-07-25 19:57:57.133 xcodebuild[57472:17010349] [MT] IDETestOperationsObserverDebug: 184.451 elapsed -- Testing started completed.
2026-07-25 19:57:57.133 xcodebuild[57472:17010349] [MT] IDETestOperationsObserverDebug: 0.000 sec, +0.000 sec -- start
2026-07-25 19:57:57.133 xcodebuild[57472:17010349] [MT] IDETestOperationsObserverDebug: 184.451 sec, +184.451 sec -- end

Test session results, code coverage, and logs:
	/Users/runner/Library/Developer/Xcode/DerivedData/UIDriver-ekqcqbpucoqmcgbikewqdmafsmmj/Logs/Test/Test-UIDriver-2026.07.25_19-54-52--0700.xcresult

** TEST SUCCEEDED **

Testing started
