Command line invocation:
    /Applications/Xcode.app/Contents/Developer/usr/bin/xcodebuild test -project UIDriver.xcodeproj -scheme UIDriver -destination id=7DFF2660-A10C-449E-867A-92863D91663B

--- xcodebuild: WARNING: Using the first of multiple matching destinations:
{ platform:iOS Simulator, arch:arm64, id:7DFF2660-A10C-449E-867A-92863D91663B, OS:26.5, name:iPhone 17 Pro }
{ platform:iOS Simulator, arch:x86_64, id:7DFF2660-A10C-449E-867A-92863D91663B, OS:26.5, name:iPhone 17 Pro }
ComputePackagePrebuildTargetDependencyGraph

Prepare packages

CreateBuildRequest

SendProjectDescription

CreateBuildOperation

ComputeTargetDependencyGraph
note: Building targets in dependency order
note: Target dependency graph (1 target)
    Target 'UIDriverUITests' in project 'UIDriver' (no dependencies)

GatherProvisioningInputs

CreateBuildDescription

ClangStatCache /Applications/Xcode.app/Contents/Developer/Toolchains/XcodeDefault.xctoolchain/usr/bin/clang-stat-cache /Applications/Xcode.app/Contents/Developer/Platforms/iPhoneSimulator.platform/Developer/SDKs/iPhoneSimulator26.5.sdk /Users/runner/Library/Developer/Xcode/DerivedData/SDKStatCaches.noindex/iphonesimulator26.5-23F73-688ef53f1462e2c8f657fdc38a81448f6cfe768891a92b912361537c460fe42b.sdkstatcache
    cd /Users/runner/token-economics/harness/perf/uidriver/UIDriver.xcodeproj
    /Applications/Xcode.app/Contents/Developer/Toolchains/XcodeDefault.xctoolchain/usr/bin/clang-stat-cache /Applications/Xcode.app/Contents/Developer/Platforms/iPhoneSimulator.platform/Developer/SDKs/iPhoneSimulator26.5.sdk -o /Users/runner/Library/Developer/Xcode/DerivedData/SDKStatCaches.noindex/iphonesimulator26.5-23F73-688ef53f1462e2c8f657fdc38a81448f6cfe768891a92b912361537c460fe42b.sdkstatcache

ProcessInfoPlistFile /Users/runner/Library/Developer/Xcode/DerivedData/UIDriver-ekqcqbpucoqmcgbikewqdmafsmmj/Build/Products/Debug-iphonesimulator/UIDriverUITests-Runner.app/PlugIns/UIDriverUITests.xctest/Info.plist /Users/runner/Library/Developer/Xcode/DerivedData/UIDriver-ekqcqbpucoqmcgbikewqdmafsmmj/Build/Intermediates.noindex/UIDriver.build/Debug-iphonesimulator/UIDriverUITests.build/empty-UIDriverUITests.plist (in target 'UIDriverUITests' from project 'UIDriver')
    cd /Users/runner/token-economics/harness/perf/uidriver
    builtin-infoPlistUtility /Users/runner/Library/Developer/Xcode/DerivedData/UIDriver-ekqcqbpucoqmcgbikewqdmafsmmj/Build/Intermediates.noindex/UIDriver.build/Debug-iphonesimulator/UIDriverUITests.build/empty-UIDriverUITests.plist -producttype com.apple.product-type.bundle.ui-testing -expandbuildsettings -format binary -platform iphonesimulator -additionalcontentfile /Users/runner/Library/Developer/Xcode/DerivedData/UIDriver-ekqcqbpucoqmcgbikewqdmafsmmj/Build/Intermediates.noindex/UIDriver.build/Debug-iphonesimulator/UIDriverUITests.build/ProductTypeInfoPlistAdditions.plist -o /Users/runner/Library/Developer/Xcode/DerivedData/UIDriver-ekqcqbpucoqmcgbikewqdmafsmmj/Build/Products/Debug-iphonesimulator/UIDriverUITests-Runner.app/PlugIns/UIDriverUITests.xctest/Info.plist

CopySwiftLibs /Users/runner/Library/Developer/Xcode/DerivedData/UIDriver-ekqcqbpucoqmcgbikewqdmafsmmj/Build/Products/Debug-iphonesimulator/UIDriverUITests-Runner.app/PlugIns/UIDriverUITests.xctest (in target 'UIDriverUITests' from project 'UIDriver')
    cd /Users/runner/token-economics/harness/perf/uidriver
    builtin-swiftStdLibTool --copy --verbose --scan-executable /Users/runner/Library/Developer/Xcode/DerivedData/UIDriver-ekqcqbpucoqmcgbikewqdmafsmmj/Build/Products/Debug-iphonesimulator/UIDriverUITests-Runner.app/PlugIns/UIDriverUITests.xctest/UIDriverUITests --scan-folder /Users/runner/Library/Developer/Xcode/DerivedData/UIDriver-ekqcqbpucoqmcgbikewqdmafsmmj/Build/Products/Debug-iphonesimulator/UIDriverUITests-Runner.app/PlugIns/UIDriverUITests.xctest/Frameworks --scan-folder /Users/runner/Library/Developer/Xcode/DerivedData/UIDriver-ekqcqbpucoqmcgbikewqdmafsmmj/Build/Products/Debug-iphonesimulator/UIDriverUITests-Runner.app/PlugIns/UIDriverUITests.xctest/PlugIns --scan-folder /Users/runner/Library/Developer/Xcode/DerivedData/UIDriver-ekqcqbpucoqmcgbikewqdmafsmmj/Build/Products/Debug-iphonesimulator/UIDriverUITests-Runner.app/PlugIns/UIDriverUITests.xctest/SystemExtensions --scan-folder /Users/runner/Library/Developer/Xcode/DerivedData/UIDriver-ekqcqbpucoqmcgbikewqdmafsmmj/Build/Products/Debug-iphonesimulator/UIDriverUITests-Runner.app/PlugIns/UIDriverUITests.xctest/Extensions --platform iphonesimulator --toolchain /var/run/com.apple.security.cryptexd/mnt/com.apple.MobileAsset.MetalToolchain-v17.6.42.0.xRBJyY/Metal.xctoolchain --toolchain /Applications/Xcode.app/Contents/Developer/Toolchains/XcodeDefault.xctoolchain --destination /Users/runner/Library/Developer/Xcode/DerivedData/UIDriver-ekqcqbpucoqmcgbikewqdmafsmmj/Build/Products/Debug-iphonesimulator/UIDriverUITests-Runner.app/PlugIns/UIDriverUITests.xctest/Frameworks --strip-bitcode --scan-executable /Applications/Xcode.app/Contents/Developer/Platforms/iPhoneSimulator.platform/Developer/usr/lib/libXCTestSwiftSupport.dylib --strip-bitcode-tool /Applications/Xcode.app/Contents/Developer/Toolchains/XcodeDefault.xctoolchain/usr/bin/bitcode_strip --emit-dependency-info /Users/runner/Library/Developer/Xcode/DerivedData/UIDriver-ekqcqbpucoqmcgbikewqdmafsmmj/Build/Intermediates.noindex/UIDriver.build/Debug-iphonesimulator/UIDriverUITests.build/SwiftStdLibToolInputDependencies.dep --filter-for-swift-os
Ignoring --strip-bitcode because --sign was not passed

2026-07-25 20:07:09.509589-0700 UIDriverUITests-Runner[58785:17036022] [Default] Running tests...
    t =      nans Interface orientation changed to Portrait
Test Suite 'All tests' started at 2026-07-25 20:07:10.090.
Test Suite 'UIDriverUITests.xctest' started at 2026-07-25 20:07:10.090.
Test Suite 'FeatureLatencyTests' started at 2026-07-25 20:07:10.090.
Test Case '-[UIDriverUITests.FeatureLatencyTests testFeatureLatencies]' started.
    t =     0.00s Start Test at 2026-07-25 20:07:10.091
    t =     0.02s Set Up
STEP[0s]: iter 0: launch org.nativescript.nsbenchmark
    t =     0.02s Open org.nativescript.nsbenchmark
    t =     0.02s     Launch org.nativescript.nsbenchmark
    t =     0.12s         Setting up automation session
objc[58785]: Class UIAccessibilityLoaderWebShared is implemented in both /Library/Developer/CoreSimulator/Volumes/iOS_23F77/Library/Developer/CoreSimulator/Profiles/Runtimes/iOS 26.5.simruntime/Contents/Resources/RuntimeRoot/System/Library/AccessibilityBundles/WebCore.axbundle/WebCore (0x10b5c4310) and /Library/Developer/CoreSimulator/Volumes/iOS_23F77/Library/Developer/CoreSimulator/Profiles/Runtimes/iOS 26.5.simruntime/Contents/Resources/RuntimeRoot/System/Library/AccessibilityBundles/WebKit.axbundle/WebKit (0x10a950398). This may cause spurious casting failures and mysterious crashes. One of the duplicates must be removed or renamed.
    t =     1.27s         Wait for org.nativescript.nsbenchmark to idle
    t =     2.43s Checking existence of `"Health" Button`
    t =     2.46s Waiting 20.0s for "Health" Button to exist
    t =     3.50s     Checking `Expect predicate `existsNoRetry == 1` for object "Health" Button`
    t =     3.51s         Checking existence of `"Health" Button`
STEP[3s]: iter 0: nav Health
    t =     3.52s Checking existence of `"Health" Button`
    t =     3.53s Tap "Health" Button
    t =     3.53s     Wait for org.nativescript.nsbenchmark to idle
    t =     3.53s     Find the "Health" Button
    t =     3.54s     Check for interrupting elements affecting "Health" Button
    t =     3.55s     Synthesize event
    t =     3.84s     Wait for org.nativescript.nsbenchmark to idle
    t =     4.23s Waiting 10.0s for Any (First Match) to exist
    t =     5.29s     Checking `Expect predicate `existsNoRetry == 1` for object Any (First Match)`
    t =     5.29s         Checking existence of `Any (First Match)`
    t =     5.32s Checking existence of `Any (First Match)`
    t =     5.33s Find the Any (First Match)
STEP[5s]: iter 0: HK authorize
    t =     5.34s Checking existence of `"Request Access" Button`
    t =     5.35s Checking existence of `"Request Access" Button`
    t =     5.36s Find the "Request Access" Button
    t =     5.37s Tap "Request Access" Button
    t =     5.37s     Wait for org.nativescript.nsbenchmark to idle
    t =     5.37s     Find the "Request Access" Button
    t =     5.38s     Check for interrupting elements affecting "Request Access" Button
    t =     5.39s     Synthesize event
    t =     5.68s     Wait for org.nativescript.nsbenchmark to idle
    t =     6.50s Waiting 3.0s for Any (First Match) to exist
    t =     7.57s     Checking `Expect predicate `existsNoRetry == 1` for object Any (First Match)`
    t =     7.57s         Checking existence of `Any (First Match)`
    t =     7.62s Find the Any (First Match)
STEP[7s]: health sheet(app): tap 'Turn On All'
    t =     7.66s Tap "Turn On All" StaticText
    t =     7.66s     Wait for org.nativescript.nsbenchmark to idle
    t =     7.66s     Find the "Turn On All" StaticText
    t =     7.69s     Check for interrupting elements affecting "Turn On All" StaticText
    t =     7.72s     Synthesize event
    t =     8.01s     Wait for org.nativescript.nsbenchmark to idle
    t =     8.01s Waiting 2.0s for "Allow" Button to exist
    t =     9.04s     Checking `Expect predicate `existsNoRetry == 1` for object "Allow" Button`
    t =     9.04s         Checking existence of `"Allow" Button`
    t =     9.07s Find the "Allow" Button
STEP[9s]: health sheet(app): confirm 'Allow'
    t =     9.10s Tap "UIA.Health.Allow.Button" Button
    t =     9.10s     Wait for org.nativescript.nsbenchmark to idle
    t =     9.10s     Find the "UIA.Health.Allow.Button" Button
    t =     9.12s     Check for interrupting elements affecting "UIA.Health.Allow.Button" Button
    t =     9.14s     Synthesize event
    t =     9.43s     Wait for org.nativescript.nsbenchmark to idle
    t =     9.44s Waiting 15.0s for Any (First Match) to exist
    t =    10.50s     Checking `Expect predicate `existsNoRetry == 1` for object Any (First Match)`
    t =    10.51s         Checking existence of `Any (First Match)`
    t =    10.53s Checking existence of `"Health access: not requested" StaticText`
    t =    10.54s Find the "Health access: not requested" StaticText
    t =    10.55s Waiting 15.0s for Any (First Match) to exist
    t =    11.57s     Checking `Expect predicate `existsNoRetry == 1` for object Any (First Match)`
    t =    11.57s         Checking existence of `Any (First Match)`
    t =    11.60s Checking existence of `Any (First Match)`
    t =    11.61s Find the Any (First Match)
    t =    11.63s Checking existence of `"Log 500 Steps" Button`
    t =    11.64s Checking existence of `"Log 500 Steps" Button`
    t =    11.64s Find the "Log 500 Steps" Button
STEP[11s]: iter 0: log 500
    t =    11.66s Tap "Log 500 Steps" Button
    t =    11.66s     Wait for org.nativescript.nsbenchmark to idle
    t =    11.66s     Find the "Log 500 Steps" Button
    t =    11.67s     Check for interrupting elements affecting "Log 500 Steps" Button
    t =    11.68s     Synthesize event
    t =    11.97s     Wait for org.nativescript.nsbenchmark to idle
    t =    12.26s Checking existence of `"Sat Jul 25 — 15,000 steps (today)" StaticText`
    t =    12.27s Find the "Sat Jul 25 — 15,000 steps (today)" StaticText
    t =    12.29s Checking existence of `"Sat Jul 25 — 15,500 steps (today)" StaticText`
STEP[12s]: iter 0: go home
    t =    12.30s Checking existence of `"Transcribe" Button`
    t =    12.31s Checking existence of `"Health" Button`
    t =    12.32s Checking existence of `Any (First Match)`
    t =    12.33s Checking existence of `Button (Element at index 0)`
    t =    12.34s Find the Button (Element at index 0)
STEP[12s]: goHome: tapping candidate 0
    t =    12.35s Tap "BackButton" Button
    t =    12.35s     Wait for org.nativescript.nsbenchmark to idle
    t =    12.36s     Find the "BackButton" Button
    t =    12.37s     Check for interrupting elements affecting "BackButton" Button
    t =    12.38s     Synthesize event
    t =    12.67s     Wait for org.nativescript.nsbenchmark to idle
    t =    13.43s Checking existence of `"Transcribe" Button`
    t =    13.45s Waiting 3.0s for "Transcribe" Button to exist
    t =    14.49s     Checking `Expect predicate `existsNoRetry == 1` for object "Transcribe" Button`
    t =    14.49s         Checking existence of `"Transcribe" Button`
STEP[14s]: iter 0: nav Transcribe
    t =    14.50s Checking existence of `"Transcribe" Button`
    t =    14.51s Tap "Transcribe" Button
    t =    14.51s     Wait for org.nativescript.nsbenchmark to idle
    t =    14.52s     Find the "Transcribe" Button
    t =    14.52s     Check for interrupting elements affecting "Transcribe" Button
    t =    14.53s     Synthesize event
    t =    14.83s     Wait for org.nativescript.nsbenchmark to idle
    t =    15.24s Waiting 10.0s for Any (First Match) to exist
    t =    16.31s     Checking `Expect predicate `existsNoRetry == 1` for object Any (First Match)`
    t =    16.31s         Checking existence of `Any (First Match)`
    t =    16.33s Checking existence of `Any (First Match)`
    t =    16.34s Find the Any (First Match)
STEP[16s]: iter 0: speech authorize
    t =    16.35s Checking existence of `"Request Access" Button`
    t =    16.36s Checking existence of `"Request Access" Button`
    t =    16.37s Find the "Request Access" Button
    t =    16.38s Tap "Request Access" Button
    t =    16.38s     Wait for org.nativescript.nsbenchmark to idle
    t =    16.38s     Find the "Request Access" Button
    t =    16.39s     Check for interrupting elements affecting "Request Access" Button
    t =    16.40s     Synthesize event
    t =    16.69s     Wait for org.nativescript.nsbenchmark to idle
    t =    16.98s Waiting 3.0s for "Allow" Button to exist
    t =    18.02s     Checking `Expect predicate `existsNoRetry == 1` for object "Allow" Button`
    t =    18.03s         Checking existence of `"Allow" Button`
STEP[18s]: system alert: 'Allow'
    t =    18.07s Tap "Allow" Button
    t =    18.07s     Wait for com.apple.springboard to idle
    t =    18.07s     Find the "Allow" Button
    t =    18.09s     Check for interrupting elements affecting "Allow" Button
    t =    18.12s     Synthesize event
    t =    18.41s     Wait for com.apple.springboard to idle
    t =    18.63s Waiting 15.0s for Any (First Match) to exist
    t =    19.69s     Checking `Expect predicate `existsNoRetry == 1` for object Any (First Match)`
    t =    19.69s         Checking existence of `Any (First Match)`
    t =    19.72s Checking existence of `"Speech access: not requested" StaticText`
    t =    19.73s Find the "Speech access: not requested" StaticText
    t =    19.74s Checking existence of `"Transcribe Sample" Button`
    t =    19.75s Checking existence of `"Transcribe Sample" Button`
    t =    19.76s Find the "Transcribe Sample" Button
STEP[19s]: iter 0: transcribe
    t =    19.77s Tap "Transcribe Sample" Button
    t =    19.77s     Wait for org.nativescript.nsbenchmark to idle
    t =    19.77s     Find the "Transcribe Sample" Button
    t =    19.78s     Check for interrupting elements affecting "Transcribe Sample" Button
    t =    19.79s     Synthesize event
    t =    20.08s     Wait for org.nativescript.nsbenchmark to idle
    t =    20.37s Waiting 45.0s for Any (First Match) to exist
    t =    21.42s     Checking `Expect predicate `existsNoRetry == 1` for object Any (First Match)`
    t =    21.43s         Checking existence of `Any (First Match)`
    t =    21.45s         Capturing element debug description
    t =    22.40s     Checking `Expect predicate `existsNoRetry == 1` for object Any (First Match)`
    t =    22.40s         Checking existence of `Any (First Match)`
    t =    22.42s         Capturing element debug description
    t =    23.47s     Checking `Expect predicate `existsNoRetry == 1` for object Any (First Match)`
    t =    23.47s         Checking existence of `Any (First Match)`
    t =    23.50s         Capturing element debug description
    t =    24.44s     Checking `Expect predicate `existsNoRetry == 1` for object Any (First Match)`
    t =    24.44s         Checking existence of `Any (First Match)`
    t =    24.46s         Capturing element debug description
    t =    25.41s     Checking `Expect predicate `existsNoRetry == 1` for object Any (First Match)`
    t =    25.41s         Checking existence of `Any (First Match)`
    t =    25.43s         Capturing element debug description
    t =    26.37s     Checking `Expect predicate `existsNoRetry == 1` for object Any (First Match)`
    t =    26.38s         Checking existence of `Any (First Match)`
    t =    26.40s         Capturing element debug description
    t =    27.44s     Checking `Expect predicate `existsNoRetry == 1` for object Any (First Match)`
    t =    27.44s         Checking existence of `Any (First Match)`
    t =    27.46s         Capturing element debug description
    t =    28.39s     Checking `Expect predicate `existsNoRetry == 1` for object Any (First Match)`
    t =    28.39s         Checking existence of `Any (First Match)`
    t =    28.41s         Capturing element debug description
    t =    29.46s     Checking `Expect predicate `existsNoRetry == 1` for object Any (First Match)`
    t =    29.46s         Checking existence of `Any (First Match)`
    t =    29.47s         Capturing element debug description
    t =    30.41s     Checking `Expect predicate `existsNoRetry == 1` for object Any (First Match)`
    t =    30.41s         Checking existence of `Any (First Match)`
    t =    30.43s         Capturing element debug description
    t =    31.38s     Checking `Expect predicate `existsNoRetry == 1` for object Any (First Match)`
    t =    31.38s         Checking existence of `Any (First Match)`
    t =    31.41s         Capturing element debug description
    t =    32.44s     Checking `Expect predicate `existsNoRetry == 1` for object Any (First Match)`
    t =    32.44s         Checking existence of `Any (First Match)`
    t =    32.46s         Capturing element debug description
    t =    33.41s     Checking `Expect predicate `existsNoRetry == 1` for object Any (First Match)`
    t =    33.41s         Checking existence of `Any (First Match)`
    t =    33.43s         Capturing element debug description
    t =    34.37s     Checking `Expect predicate `existsNoRetry == 1` for object Any (First Match)`
    t =    34.38s         Checking existence of `Any (First Match)`
    t =    34.40s         Capturing element debug description
    t =    35.44s     Checking `Expect predicate `existsNoRetry == 1` for object Any (First Match)`
    t =    35.45s         Checking existence of `Any (First Match)`
    t =    35.47s         Capturing element debug description
    t =    36.41s     Checking `Expect predicate `existsNoRetry == 1` for object Any (First Match)`
    t =    36.41s         Checking existence of `Any (First Match)`
    t =    36.43s         Capturing element debug description
    t =    37.38s     Checking `Expect predicate `existsNoRetry == 1` for object Any (First Match)`
    t =    37.38s         Checking existence of `Any (First Match)`
    t =    37.40s         Capturing element debug description
    t =    38.44s     Checking `Expect predicate `existsNoRetry == 1` for object Any (First Match)`
    t =    38.44s         Checking existence of `Any (First Match)`
    t =    38.46s         Capturing element debug description
    t =    39.40s     Checking `Expect predicate `existsNoRetry == 1` for object Any (First Match)`
    t =    39.40s         Checking existence of `Any (First Match)`
    t =    39.41s         Capturing element debug description
    t =    40.46s     Checking `Expect predicate `existsNoRetry == 1` for object Any (First Match)`
    t =    40.46s         Checking existence of `Any (First Match)`
    t =    40.48s         Capturing element debug description
    t =    41.40s     Checking `Expect predicate `existsNoRetry == 1` for object Any (First Match)`
    t =    41.41s         Checking existence of `Any (First Match)`
    t =    41.43s         Capturing element debug description
    t =    42.47s     Checking `Expect predicate `existsNoRetry == 1` for object Any (First Match)`
    t =    42.47s         Checking existence of `Any (First Match)`
    t =    42.50s         Capturing element debug description
    t =    43.44s     Checking `Expect predicate `existsNoRetry == 1` for object Any (First Match)`
    t =    43.44s         Checking existence of `Any (First Match)`
    t =    43.46s         Capturing element debug description
    t =    44.41s     Checking `Expect predicate `existsNoRetry == 1` for object Any (First Match)`
    t =    44.41s         Checking existence of `Any (First Match)`
    t =    44.43s         Capturing element debug description
    t =    45.38s     Checking `Expect predicate `existsNoRetry == 1` for object Any (First Match)`
    t =    45.38s         Checking existence of `Any (First Match)`
    t =    45.41s         Capturing element debug description
    t =    46.46s     Checking `Expect predicate `existsNoRetry == 1` for object Any (First Match)`
    t =    46.46s         Checking existence of `Any (First Match)`
    t =    46.48s         Capturing element debug description
    t =    47.41s     Checking `Expect predicate `existsNoRetry == 1` for object Any (First Match)`
    t =    47.41s         Checking existence of `Any (First Match)`
    t =    47.43s         Capturing element debug description
    t =    48.38s     Checking `Expect predicate `existsNoRetry == 1` for object Any (First Match)`
    t =    48.38s         Checking existence of `Any (First Match)`
    t =    48.40s         Capturing element debug description
    t =    49.44s     Checking `Expect predicate `existsNoRetry == 1` for object Any (First Match)`
    t =    49.44s         Checking existence of `Any (First Match)`
    t =    49.46s         Capturing element debug description
    t =    50.41s     Checking `Expect predicate `existsNoRetry == 1` for object Any (First Match)`
    t =    50.41s         Checking existence of `Any (First Match)`
    t =    50.43s         Capturing element debug description
    t =    51.38s     Checking `Expect predicate `existsNoRetry == 1` for object Any (First Match)`
    t =    51.38s         Checking existence of `Any (First Match)`
    t =    51.40s         Capturing element debug description
    t =    52.44s     Checking `Expect predicate `existsNoRetry == 1` for object Any (First Match)`
    t =    52.44s         Checking existence of `Any (First Match)`
    t =    52.46s         Capturing element debug description
    t =    53.40s     Checking `Expect predicate `existsNoRetry == 1` for object Any (First Match)`
    t =    53.41s         Checking existence of `Any (First Match)`
    t =    53.43s         Capturing element debug description
    t =    54.47s     Checking `Expect predicate `existsNoRetry == 1` for object Any (First Match)`
    t =    54.47s         Checking existence of `Any (First Match)`
    t =    54.50s         Capturing element debug description
    t =    55.44s     Checking `Expect predicate `existsNoRetry == 1` for object Any (First Match)`
    t =    55.45s         Checking existence of `Any (First Match)`
    t =    55.47s         Capturing element debug description
    t =    56.41s     Checking `Expect predicate `existsNoRetry == 1` for object Any (First Match)`
    t =    56.41s         Checking existence of `Any (First Match)`
    t =    56.43s         Capturing element debug description
    t =    57.38s     Checking `Expect predicate `existsNoRetry == 1` for object Any (First Match)`
    t =    57.38s         Checking existence of `Any (First Match)`
    t =    57.40s         Capturing element debug description
    t =    58.46s     Checking `Expect predicate `existsNoRetry == 1` for object Any (First Match)`
    t =    58.46s         Checking existence of `Any (First Match)`
    t =    58.48s         Capturing element debug description
    t =    59.42s     Checking `Expect predicate `existsNoRetry == 1` for object Any (First Match)`
    t =    59.43s         Checking existence of `Any (First Match)`
    t =    59.45s         Capturing element debug description
    t =    60.40s     Checking `Expect predicate `existsNoRetry == 1` for object Any (First Match)`
    t =    60.40s         Checking existence of `Any (First Match)`
    t =    60.42s         Capturing element debug description
    t =    61.47s     Checking `Expect predicate `existsNoRetry == 1` for object Any (First Match)`
    t =    61.47s         Checking existence of `Any (First Match)`
    t =    61.50s         Capturing element debug description
    t =    62.44s     Checking `Expect predicate `existsNoRetry == 1` for object Any (First Match)`
    t =    62.44s         Checking existence of `Any (First Match)`
    t =    62.46s         Capturing element debug description
    t =    63.41s     Checking `Expect predicate `existsNoRetry == 1` for object Any (First Match)`
    t =    63.41s         Checking existence of `Any (First Match)`
    t =    63.43s         Capturing element debug description
    t =    64.46s     Checking `Expect predicate `existsNoRetry == 1` for object Any (First Match)`
    t =    64.47s         Checking existence of `Any (First Match)`
    t =    64.49s         Capturing element debug description
    t =    65.37s     Checking `Expect predicate `existsNoRetry == 1` for object Any (First Match)`
    t =    65.38s         Checking existence of `Any (First Match)`
    t =    65.40s         Capturing element debug description
    t =    65.40s     Checking existence of `Any (First Match)`
    t =    65.41s Collecting debug information to assist test failure triage
    t =    65.41s     Requesting snapshot of accessibility hierarchy for app with pid 58789
    t =    65.43s Checking existence of `Any (First Match)`
    t =    65.44s Checking existence of `Any (First Match)`
    t =    65.45s Checking existence of `Any (First Match)`
    t =    65.45s Find the Any (First Match)
STEP[65s]: iter 0: done
    t =    65.46s Terminate org.nativescript.nsbenchmark:58789
STEP[66s]: iter 1: launch org.nativescript.nsbenchmark
    t =    66.51s Open org.nativescript.nsbenchmark
    t =    66.51s     Launch org.nativescript.nsbenchmark
    t =    66.62s         Setting up automation session
    t =    67.23s         Wait for org.nativescript.nsbenchmark to idle
    t =    68.39s Checking existence of `"Health" Button`
    t =    68.42s Waiting 20.0s for "Health" Button to exist
    t =    69.44s     Checking `Expect predicate `existsNoRetry == 1` for object "Health" Button`
    t =    69.44s         Checking existence of `"Health" Button`
STEP[69s]: iter 1: nav Health
    t =    69.46s Checking existence of `"Health" Button`
    t =    69.46s Tap "Health" Button
    t =    69.46s     Wait for org.nativescript.nsbenchmark to idle
    t =    69.47s     Find the "Health" Button
    t =    69.47s     Check for interrupting elements affecting "Health" Button
    t =    69.48s     Synthesize event
    t =    69.77s     Wait for org.nativescript.nsbenchmark to idle
    t =    70.23s Waiting 10.0s for Any (First Match) to exist
    t =    71.27s     Checking `Expect predicate `existsNoRetry == 1` for object Any (First Match)`
    t =    71.27s         Checking existence of `Any (First Match)`
    t =    71.30s Checking existence of `Any (First Match)`
    t =    71.31s Find the Any (First Match)
    t =    71.33s Checking existence of `"Health access: granted" StaticText`
    t =    71.33s Find the "Health access: granted" StaticText
    t =    71.34s Waiting 15.0s for Any (First Match) to exist
    t =    72.39s     Checking `Expect predicate `existsNoRetry == 1` for object Any (First Match)`
    t =    72.39s         Checking existence of `Any (First Match)`
    t =    72.42s Checking existence of `Any (First Match)`
    t =    72.43s Find the Any (First Match)
    t =    72.44s Checking existence of `"Log 500 Steps" Button`
    t =    72.45s Checking existence of `"Log 500 Steps" Button`
    t =    72.46s Find the "Log 500 Steps" Button
STEP[72s]: iter 1: log 500
    t =    72.47s Tap "Log 500 Steps" Button
    t =    72.47s     Wait for org.nativescript.nsbenchmark to idle
    t =    72.48s     Find the "Log 500 Steps" Button
    t =    72.48s     Check for interrupting elements affecting "Log 500 Steps" Button
    t =    72.50s     Synthesize event
    t =    72.79s     Wait for org.nativescript.nsbenchmark to idle
    t =    73.07s Checking existence of `"Sat Jul 25 — 15,500 steps (today)" StaticText`
    t =    73.09s Find the "Sat Jul 25 — 15,500 steps (today)" StaticText
    t =    73.10s Checking existence of `"Sat Jul 25 — 16,000 steps (today)" StaticText`
STEP[73s]: iter 1: go home
    t =    73.11s Checking existence of `"Transcribe" Button`
    t =    73.12s Checking existence of `"Health" Button`
    t =    73.14s Checking existence of `Any (First Match)`
    t =    73.15s Checking existence of `Button (Element at index 0)`
    t =    73.15s Find the Button (Element at index 0)
STEP[73s]: goHome: tapping candidate 0
    t =    73.17s Tap "BackButton" Button
    t =    73.17s     Wait for org.nativescript.nsbenchmark to idle
    t =    73.17s     Find the "BackButton" Button
    t =    73.18s     Check for interrupting elements affecting "BackButton" Button
    t =    73.19s     Synthesize event
    t =    73.48s     Wait for org.nativescript.nsbenchmark to idle
    t =    74.25s Checking existence of `"Transcribe" Button`
    t =    74.26s Waiting 3.0s for "Transcribe" Button to exist
    t =    75.27s     Checking `Expect predicate `existsNoRetry == 1` for object "Transcribe" Button`
    t =    75.27s         Checking existence of `"Transcribe" Button`
STEP[75s]: iter 1: nav Transcribe
    t =    75.29s Checking existence of `"Transcribe" Button`
    t =    75.30s Tap "Transcribe" Button
    t =    75.30s     Wait for org.nativescript.nsbenchmark to idle
    t =    75.30s     Find the "Transcribe" Button
    t =    75.31s     Check for interrupting elements affecting "Transcribe" Button
    t =    75.31s     Synthesize event
    t =    75.61s     Wait for org.nativescript.nsbenchmark to idle
    t =    75.98s Waiting 10.0s for Any (First Match) to exist
    t =    77.04s     Checking `Expect predicate `existsNoRetry == 1` for object Any (First Match)`
    t =    77.04s         Checking existence of `Any (First Match)`
    t =    77.06s Checking existence of `Any (First Match)`
    t =    77.07s Find the Any (First Match)
    t =    77.08s Checking existence of `"Speech access: granted" StaticText`
    t =    77.09s Find the "Speech access: granted" StaticText
    t =    77.09s Checking existence of `"Transcribe Sample" Button`
    t =    77.10s Checking existence of `"Transcribe Sample" Button`
    t =    77.11s Find the "Transcribe Sample" Button
STEP[77s]: iter 1: transcribe
    t =    77.13s Tap "Transcribe Sample" Button
    t =    77.13s     Wait for org.nativescript.nsbenchmark to idle
    t =    77.13s     Find the "Transcribe Sample" Button
    t =    77.14s     Check for interrupting elements affecting "Transcribe Sample" Button
    t =    77.15s     Synthesize event
    t =    77.44s     Wait for org.nativescript.nsbenchmark to idle
    t =    77.73s Waiting 45.0s for Any (First Match) to exist
    t =    78.78s     Checking `Expect predicate `existsNoRetry == 1` for object Any (First Match)`
    t =    78.78s         Checking existence of `Any (First Match)`
    t =    78.81s         Capturing element debug description
    t =    79.74s     Checking `Expect predicate `existsNoRetry == 1` for object Any (First Match)`
    t =    79.74s         Checking existence of `Any (First Match)`
    t =    79.76s         Capturing element debug description
    t =    80.81s     Checking `Expect predicate `existsNoRetry == 1` for object Any (First Match)`
    t =    80.81s         Checking existence of `Any (First Match)`
    t =    80.83s         Capturing element debug description
    t =    81.74s     Checking `Expect predicate `existsNoRetry == 1` for object Any (First Match)`
    t =    81.74s         Checking existence of `Any (First Match)`
    t =    81.76s         Capturing element debug description
    t =    82.77s     Checking `Expect predicate `existsNoRetry == 1` for object Any (First Match)`
    t =    82.78s         Checking existence of `Any (First Match)`
    t =    82.80s         Capturing element debug description
    t =    83.76s     Checking `Expect predicate `existsNoRetry == 1` for object Any (First Match)`
    t =    83.76s         Checking existence of `Any (First Match)`
    t =    83.78s         Capturing element debug description
    t =    84.74s     Checking `Expect predicate `existsNoRetry == 1` for object Any (First Match)`
    t =    84.74s         Checking existence of `Any (First Match)`
    t =    84.76s         Capturing element debug description
    t =    85.81s     Checking `Expect predicate `existsNoRetry == 1` for object Any (First Match)`
    t =    85.81s         Checking existence of `Any (First Match)`
    t =    85.83s         Capturing element debug description
    t =    86.78s     Checking `Expect predicate `existsNoRetry == 1` for object Any (First Match)`
    t =    86.78s         Checking existence of `Any (First Match)`
    t =    86.81s         Capturing element debug description
    t =    87.76s     Checking `Expect predicate `existsNoRetry == 1` for object Any (First Match)`
    t =    87.76s         Checking existence of `Any (First Match)`
    t =    87.78s         Capturing element debug description
    t =    88.73s     Checking `Expect predicate `existsNoRetry == 1` for object Any (First Match)`
    t =    88.74s         Checking existence of `Any (First Match)`
    t =    88.76s         Capturing element debug description
    t =    89.81s     Checking `Expect predicate `existsNoRetry == 1` for object Any (First Match)`
    t =    89.81s         Checking existence of `Any (First Match)`
    t =    89.83s         Capturing element debug description
    t =    90.77s     Checking `Expect predicate `existsNoRetry == 1` for object Any (First Match)`
    t =    90.78s         Checking existence of `Any (First Match)`
    t =    90.80s         Capturing element debug description
    t =    91.74s     Checking `Expect predicate `existsNoRetry == 1` for object Any (First Match)`
    t =    91.74s         Checking existence of `Any (First Match)`
    t =    91.76s         Capturing element debug description
    t =    92.73s     Checking `Expect predicate `existsNoRetry == 1` for object Any (First Match)`
    t =    92.73s         Checking existence of `Any (First Match)`
    t =    92.76s         Capturing element debug description
    t =    93.81s     Checking `Expect predicate `existsNoRetry == 1` for object Any (First Match)`
    t =    93.81s         Checking existence of `Any (First Match)`
    t =    93.83s         Capturing element debug description
    t =    94.79s     Checking `Expect predicate `existsNoRetry == 1` for object Any (First Match)`
    t =    94.79s         Checking existence of `Any (First Match)`
    t =    94.81s         Capturing element debug description
    t =    95.76s     Checking `Expect predicate `existsNoRetry == 1` for object Any (First Match)`
    t =    95.76s         Checking existence of `Any (First Match)`
    t =    95.78s         Capturing element debug description
    t =    96.74s     Checking `Expect predicate `existsNoRetry == 1` for object Any (First Match)`
    t =    96.74s         Checking existence of `Any (First Match)`
    t =    96.76s         Capturing element debug description
    t =    97.81s     Checking `Expect predicate `existsNoRetry == 1` for object Any (First Match)`
    t =    97.81s         Checking existence of `Any (First Match)`
    t =    97.83s         Capturing element debug description
    t =    98.77s     Checking `Expect predicate `existsNoRetry == 1` for object Any (First Match)`
    t =    98.77s         Checking existence of `Any (First Match)`
    t =    98.79s         Capturing element debug description
    t =    99.74s     Checking `Expect predicate `existsNoRetry == 1` for object Any (First Match)`
    t =    99.74s         Checking existence of `Any (First Match)`
    t =    99.76s         Capturing element debug description
    t =   100.81s     Checking `Expect predicate `existsNoRetry == 1` for object Any (First Match)`
    t =   100.81s         Checking existence of `Any (First Match)`
    t =   100.82s         Capturing element debug description
    t =   101.76s     Checking `Expect predicate `existsNoRetry == 1` for object Any (First Match)`
    t =   101.76s         Checking existence of `Any (First Match)`
    t =   101.78s         Capturing element debug description
    t =   102.74s     Checking `Expect predicate `existsNoRetry == 1` for object Any (First Match)`
    t =   102.74s         Checking existence of `Any (First Match)`
    t =   102.76s         Capturing element debug description
    t =   103.77s     Checking `Expect predicate `existsNoRetry == 1` for object Any (First Match)`
    t =   103.78s         Checking existence of `Any (First Match)`
    t =   103.80s         Capturing element debug description
    t =   104.74s     Checking `Expect predicate `existsNoRetry == 1` for object Any (First Match)`
    t =   104.75s         Checking existence of `Any (First Match)`
    t =   104.77s         Capturing element debug description
    t =   105.81s     Checking `Expect predicate `existsNoRetry == 1` for object Any (First Match)`
    t =   105.81s         Checking existence of `Any (First Match)`
    t =   105.83s         Capturing element debug description
    t =   106.77s     Checking `Expect predicate `existsNoRetry == 1` for object Any (First Match)`
    t =   106.77s         Checking existence of `Any (First Match)`
    t =   106.80s         Capturing element debug description
    t =   107.74s     Checking `Expect predicate `existsNoRetry == 1` for object Any (First Match)`
    t =   107.74s         Checking existence of `Any (First Match)`
    t =   107.76s         Capturing element debug description
    t =   108.81s     Checking `Expect predicate `existsNoRetry == 1` for object Any (First Match)`
    t =   108.81s         Checking existence of `Any (First Match)`
    t =   108.83s         Capturing element debug description
    t =   109.78s     Checking `Expect predicate `existsNoRetry == 1` for object Any (First Match)`
    t =   109.78s         Checking existence of `Any (First Match)`
    t =   109.80s         Capturing element debug description
    t =   110.74s     Checking `Expect predicate `existsNoRetry == 1` for object Any (First Match)`
    t =   110.74s         Checking existence of `Any (First Match)`
    t =   110.76s         Capturing element debug description
    t =   111.81s     Checking `Expect predicate `existsNoRetry == 1` for object Any (First Match)`
    t =   111.81s         Checking existence of `Any (First Match)`
    t =   111.83s         Capturing element debug description
    t =   112.77s     Checking `Expect predicate `existsNoRetry == 1` for object Any (First Match)`
    t =   112.77s         Checking existence of `Any (First Match)`
    t =   112.79s         Capturing element debug description
    t =   113.73s     Checking `Expect predicate `existsNoRetry == 1` for object Any (First Match)`
    t =   113.73s         Checking existence of `Any (First Match)`
    t =   113.75s         Capturing element debug description
    t =   114.79s     Checking `Expect predicate `existsNoRetry == 1` for object Any (First Match)`
    t =   114.79s         Checking existence of `Any (First Match)`
    t =   114.81s         Capturing element debug description
    t =   115.78s     Checking `Expect predicate `existsNoRetry == 1` for object Any (First Match)`
    t =   115.79s         Checking existence of `Any (First Match)`
    t =   115.81s         Capturing element debug description
    t =   116.74s     Checking `Expect predicate `existsNoRetry == 1` for object Any (First Match)`
    t =   116.74s         Checking existence of `Any (First Match)`
    t =   116.76s         Capturing element debug description
    t =   117.81s     Checking `Expect predicate `existsNoRetry == 1` for object Any (First Match)`
    t =   117.81s         Checking existence of `Any (First Match)`
    t =   117.83s         Capturing element debug description
    t =   118.77s     Checking `Expect predicate `existsNoRetry == 1` for object Any (First Match)`
    t =   118.77s         Checking existence of `Any (First Match)`
    t =   118.80s         Capturing element debug description
    t =   119.74s     Checking `Expect predicate `existsNoRetry == 1` for object Any (First Match)`
    t =   119.75s         Checking existence of `Any (First Match)`
    t =   119.77s         Capturing element debug description
    t =   120.82s     Checking `Expect predicate `existsNoRetry == 1` for object Any (First Match)`
    t =   120.82s         Checking existence of `Any (First Match)`
    t =   120.85s         Capturing element debug description
    t =   121.79s     Checking `Expect predicate `existsNoRetry == 1` for object Any (First Match)`
    t =   121.79s         Checking existence of `Any (First Match)`
    t =   121.81s         Capturing element debug description
    t =   122.74s     Checking `Expect predicate `existsNoRetry == 1` for object Any (First Match)`
    t =   122.74s         Checking existence of `Any (First Match)`
    t =   122.76s         Capturing element debug description
    t =   122.76s     Checking existence of `Any (First Match)`
    t =   122.78s Collecting debug information to assist test failure triage
    t =   122.78s     Requesting snapshot of accessibility hierarchy for app with pid 58885
    t =   122.80s Checking existence of `Any (First Match)`
    t =   122.80s Checking existence of `Any (First Match)`
    t =   122.81s Checking existence of `Any (First Match)`
    t =   122.82s Find the Any (First Match)
STEP[122s]: iter 1: done
    t =   122.83s Terminate org.nativescript.nsbenchmark:58885
STEP[123s]: iter 2: launch org.nativescript.nsbenchmark
    t =   123.91s Open org.nativescript.nsbenchmark
    t =   123.91s     Launch org.nativescript.nsbenchmark
    t =   124.03s         Setting up automation session
    t =   124.64s         Wait for org.nativescript.nsbenchmark to idle
    t =   125.80s Checking existence of `"Health" Button`
    t =   125.83s Waiting 20.0s for "Health" Button to exist
    t =   126.86s     Checking `Expect predicate `existsNoRetry == 1` for object "Health" Button`
    t =   126.86s         Checking existence of `"Health" Button`
STEP[126s]: iter 2: nav Health
    t =   126.88s Checking existence of `"Health" Button`
    t =   126.89s Tap "Health" Button
    t =   126.89s     Wait for org.nativescript.nsbenchmark to idle
    t =   126.89s     Find the "Health" Button
    t =   126.89s     Check for interrupting elements affecting "Health" Button
    t =   126.91s     Synthesize event
    t =   127.20s     Wait for org.nativescript.nsbenchmark to idle
    t =   127.73s Waiting 10.0s for Any (First Match) to exist
    t =   128.77s     Checking `Expect predicate `existsNoRetry == 1` for object Any (First Match)`
    t =   128.77s         Checking existence of `Any (First Match)`
    t =   128.80s Checking existence of `Any (First Match)`
    t =   128.81s Find the Any (First Match)
    t =   128.82s Checking existence of `"Health access: granted" StaticText`
    t =   128.83s Find the "Health access: granted" StaticText
    t =   128.84s Waiting 15.0s for Any (First Match) to exist
    t =   129.87s     Checking `Expect predicate `existsNoRetry == 1` for object Any (First Match)`
    t =   129.87s         Checking existence of `Any (First Match)`
    t =   129.90s Checking existence of `Any (First Match)`
    t =   129.91s Find the Any (First Match)
    t =   129.92s Checking existence of `"Log 500 Steps" Button`
    t =   129.93s Checking existence of `"Log 500 Steps" Button`
    t =   129.94s Find the "Log 500 Steps" Button
STEP[129s]: iter 2: log 500
    t =   129.96s Tap "Log 500 Steps" Button
    t =   129.96s     Wait for org.nativescript.nsbenchmark to idle
    t =   129.96s     Find the "Log 500 Steps" Button
    t =   129.97s     Check for interrupting elements affecting "Log 500 Steps" Button
    t =   129.98s     Synthesize event
    t =   130.27s     Wait for org.nativescript.nsbenchmark to idle
    t =   130.56s Checking existence of `"Sat Jul 25 — 16,000 steps (today)" StaticText`
    t =   130.57s Find the "Sat Jul 25 — 16,000 steps (today)" StaticText
    t =   130.58s Checking existence of `"Sat Jul 25 — 16,500 steps (today)" StaticText`
STEP[130s]: iter 2: go home
    t =   130.59s Checking existence of `"Transcribe" Button`
    t =   130.61s Checking existence of `"Health" Button`
    t =   130.62s Checking existence of `Any (First Match)`
    t =   130.63s Checking existence of `Button (Element at index 0)`
    t =   130.63s Find the Button (Element at index 0)
STEP[130s]: goHome: tapping candidate 0
    t =   130.65s Tap "BackButton" Button
    t =   130.65s     Wait for org.nativescript.nsbenchmark to idle
    t =   130.65s     Find the "BackButton" Button
    t =   130.66s     Check for interrupting elements affecting "BackButton" Button
    t =   130.67s     Synthesize event
    t =   130.97s     Wait for org.nativescript.nsbenchmark to idle
    t =   131.74s Checking existence of `"Transcribe" Button`
    t =   131.75s Waiting 3.0s for "Transcribe" Button to exist
    t =   132.79s     Checking `Expect predicate `existsNoRetry == 1` for object "Transcribe" Button`
    t =   132.79s         Checking existence of `"Transcribe" Button`
STEP[132s]: iter 2: nav Transcribe
    t =   132.81s Checking existence of `"Transcribe" Button`
    t =   132.82s Tap "Transcribe" Button
    t =   132.82s     Wait for org.nativescript.nsbenchmark to idle
    t =   132.82s     Find the "Transcribe" Button
    t =   132.82s     Check for interrupting elements affecting "Transcribe" Button
    t =   132.83s     Synthesize event
    t =   133.13s     Wait for org.nativescript.nsbenchmark to idle
    t =   133.48s Waiting 10.0s for Any (First Match) to exist
    t =   134.54s     Checking `Expect predicate `existsNoRetry == 1` for object Any (First Match)`
    t =   134.54s         Checking existence of `Any (First Match)`
    t =   134.56s Checking existence of `Any (First Match)`
    t =   134.58s Find the Any (First Match)
    t =   134.59s Checking existence of `"Speech access: granted" StaticText`
    t =   134.59s Find the "Speech access: granted" StaticText
    t =   134.60s Checking existence of `"Transcribe Sample" Button`
    t =   134.61s Checking existence of `"Transcribe Sample" Button`
    t =   134.62s Find the "Transcribe Sample" Button
STEP[134s]: iter 2: transcribe
    t =   134.63s Tap "Transcribe Sample" Button
    t =   134.63s     Wait for org.nativescript.nsbenchmark to idle
    t =   134.64s     Find the "Transcribe Sample" Button
    t =   134.64s     Check for interrupting elements affecting "Transcribe Sample" Button
    t =   134.65s     Synthesize event
    t =   134.94s     Wait for org.nativescript.nsbenchmark to idle
    t =   135.23s Waiting 45.0s for Any (First Match) to exist
    t =   136.26s     Checking `Expect predicate `existsNoRetry == 1` for object Any (First Match)`
    t =   136.26s         Checking existence of `Any (First Match)`
    t =   136.28s         Capturing element debug description
    t =   137.24s     Checking `Expect predicate `existsNoRetry == 1` for object Any (First Match)`
    t =   137.24s         Checking existence of `Any (First Match)`
    t =   137.26s         Capturing element debug description
    t =   138.29s     Checking `Expect predicate `existsNoRetry == 1` for object Any (First Match)`
    t =   138.29s         Checking existence of `Any (First Match)`
    t =   138.31s         Capturing element debug description
    t =   139.25s     Checking `Expect predicate `existsNoRetry == 1` for object Any (First Match)`
    t =   139.25s         Checking existence of `Any (First Match)`
    t =   139.28s         Capturing element debug description
    t =   140.32s     Checking `Expect predicate `existsNoRetry == 1` for object Any (First Match)`
    t =   140.32s         Checking existence of `Any (First Match)`
    t =   140.35s         Capturing element debug description
    t =   141.27s     Checking `Expect predicate `existsNoRetry == 1` for object Any (First Match)`
    t =   141.28s         Checking existence of `Any (First Match)`
    t =   141.30s         Capturing element debug description
    t =   142.26s     Checking `Expect predicate `existsNoRetry == 1` for object Any (First Match)`
    t =   142.26s         Checking existence of `Any (First Match)`
    t =   142.28s         Capturing element debug description
    t =   143.23s     Checking `Expect predicate `existsNoRetry == 1` for object Any (First Match)`
    t =   143.23s         Checking existence of `Any (First Match)`
    t =   143.25s         Capturing element debug description
    t =   144.27s     Checking `Expect predicate `existsNoRetry == 1` for object Any (First Match)`
    t =   144.27s         Checking existence of `Any (First Match)`
    t =   144.30s         Capturing element debug description
    t =   145.24s     Checking `Expect predicate `existsNoRetry == 1` for object Any (First Match)`
    t =   145.24s         Checking existence of `Any (First Match)`
    t =   145.26s         Capturing element debug description
    t =   146.31s     Checking `Expect predicate `existsNoRetry == 1` for object Any (First Match)`
    t =   146.31s         Checking existence of `Any (First Match)`
    t =   146.33s         Capturing element debug description
    t =   147.24s     Checking `Expect predicate `existsNoRetry == 1` for object Any (First Match)`
    t =   147.24s         Checking existence of `Any (First Match)`
    t =   147.26s         Capturing element debug description
    t =   148.23s     Checking `Expect predicate `existsNoRetry == 1` for object Any (First Match)`
    t =   148.23s         Checking existence of `Any (First Match)`
    t =   148.26s         Capturing element debug description
    t =   149.31s     Checking `Expect predicate `existsNoRetry == 1` for object Any (First Match)`
    t =   149.31s         Checking existence of `Any (First Match)`
    t =   149.33s         Capturing element debug description
    t =   150.27s     Checking `Expect predicate `existsNoRetry == 1` for object Any (First Match)`
    t =   150.27s         Checking existence of `Any (First Match)`
    t =   150.30s         Capturing element debug description
    t =   151.24s     Checking `Expect predicate `existsNoRetry == 1` for object Any (First Match)`
    t =   151.24s         Checking existence of `Any (First Match)`
    t =   151.26s         Capturing element debug description
    t =   152.30s     Checking `Expect predicate `existsNoRetry == 1` for object Any (First Match)`
    t =   152.31s         Checking existence of `Any (First Match)`
    t =   152.33s         Capturing element debug description
    t =   153.24s     Checking `Expect predicate `existsNoRetry == 1` for object Any (First Match)`
    t =   153.24s         Checking existence of `Any (First Match)`
    t =   153.26s         Capturing element debug description
    t =   154.31s     Checking `Expect predicate `existsNoRetry == 1` for object Any (First Match)`
    t =   154.31s         Checking existence of `Any (First Match)`
    t =   154.33s         Capturing element debug description
    t =   155.27s     Checking `Expect predicate `existsNoRetry == 1` for object Any (First Match)`
    t =   155.27s         Checking existence of `Any (First Match)`
    t =   155.30s         Capturing element debug description
    t =   156.24s     Checking `Expect predicate `existsNoRetry == 1` for object Any (First Match)`
    t =   156.24s         Checking existence of `Any (First Match)`
    t =   156.26s         Capturing element debug description
    t =   157.31s     Checking `Expect predicate `existsNoRetry == 1` for object Any (First Match)`
    t =   157.31s         Checking existence of `Any (First Match)`
    t =   157.33s         Capturing element debug description
    t =   158.26s     Checking `Expect predicate `existsNoRetry == 1` for object Any (First Match)`
    t =   158.26s         Checking existence of `Any (First Match)`
    t =   158.28s         Capturing element debug description
    t =   159.32s     Checking `Expect predicate `existsNoRetry == 1` for object Any (First Match)`
    t =   159.33s         Checking existence of `Any (First Match)`
    t =   159.35s         Capturing element debug description
    t =   160.28s     Checking `Expect predicate `existsNoRetry == 1` for object Any (First Match)`
    t =   160.28s         Checking existence of `Any (First Match)`
    t =   160.31s         Capturing element debug description
    t =   161.24s     Checking `Expect predicate `existsNoRetry == 1` for object Any (First Match)`
    t =   161.24s         Checking existence of `Any (First Match)`
    t =   161.26s         Capturing element debug description
    t =   162.31s     Checking `Expect predicate `existsNoRetry == 1` for object Any (First Match)`
    t =   162.31s         Checking existence of `Any (First Match)`
    t =   162.33s         Capturing element debug description
    t =   163.27s     Checking `Expect predicate `existsNoRetry == 1` for object Any (First Match)`
    t =   163.27s         Checking existence of `Any (First Match)`
    t =   163.30s         Capturing element debug description
    t =   164.24s     Checking `Expect predicate `existsNoRetry == 1` for object Any (First Match)`
    t =   164.24s         Checking existence of `Any (First Match)`
    t =   164.27s         Capturing element debug description
    t =   165.29s     Checking `Expect predicate `existsNoRetry == 1` for object Any (First Match)`
    t =   165.29s         Checking existence of `Any (First Match)`
    t =   165.32s         Capturing element debug description
    t =   166.24s     Checking `Expect predicate `existsNoRetry == 1` for object Any (First Match)`
    t =   166.24s         Checking existence of `Any (First Match)`
    t =   166.26s         Capturing element debug description
    t =   167.32s     Checking `Expect predicate `existsNoRetry == 1` for object Any (First Match)`
    t =   167.33s         Checking existence of `Any (First Match)`
    t =   167.35s         Capturing element debug description
    t =   168.29s     Checking `Expect predicate `existsNoRetry == 1` for object Any (First Match)`
    t =   168.29s         Checking existence of `Any (First Match)`
    t =   168.31s         Capturing element debug description
    t =   169.27s     Checking `Expect predicate `existsNoRetry == 1` for object Any (First Match)`
    t =   169.27s         Checking existence of `Any (First Match)`
    t =   169.29s         Capturing element debug description
    t =   170.24s     Checking `Expect predicate `existsNoRetry == 1` for object Any (First Match)`
    t =   170.24s         Checking existence of `Any (First Match)`
    t =   170.26s         Capturing element debug description
    t =   171.29s     Checking `Expect predicate `existsNoRetry == 1` for object Any (First Match)`
    t =   171.29s         Checking existence of `Any (First Match)`
    t =   171.31s         Capturing element debug description
    t =   172.26s     Checking `Expect predicate `existsNoRetry == 1` for object Any (First Match)`
    t =   172.26s         Checking existence of `Any (First Match)`
    t =   172.27s         Capturing element debug description
    t =   173.32s     Checking `Expect predicate `existsNoRetry == 1` for object Any (First Match)`
    t =   173.32s         Checking existence of `Any (First Match)`
    t =   173.35s         Capturing element debug description
    t =   174.29s     Checking `Expect predicate `existsNoRetry == 1` for object Any (First Match)`
    t =   174.29s         Checking existence of `Any (First Match)`
    t =   174.32s         Capturing element debug description
    t =   175.24s     Checking `Expect predicate `existsNoRetry == 1` for object Any (First Match)`
    t =   175.24s         Checking existence of `Any (First Match)`
    t =   175.26s         Capturing element debug description
    t =   176.23s     Checking `Expect predicate `existsNoRetry == 1` for object Any (First Match)`
    t =   176.23s         Checking existence of `Any (First Match)`
    t =   176.25s         Capturing element debug description
    t =   177.30s     Checking `Expect predicate `existsNoRetry == 1` for object Any (First Match)`
    t =   177.30s         Checking existence of `Any (First Match)`
    t =   177.32s         Capturing element debug description
    t =   178.27s     Checking `Expect predicate `existsNoRetry == 1` for object Any (First Match)`
    t =   178.27s         Checking existence of `Any (First Match)`
    t =   178.30s         Capturing element debug description
    t =   179.24s     Checking `Expect predicate `existsNoRetry == 1` for object Any (First Match)`
    t =   179.24s         Checking existence of `Any (First Match)`
    t =   179.26s         Capturing element debug description
    t =   180.24s     Checking `Expect predicate `existsNoRetry == 1` for object Any (First Match)`
    t =   180.24s         Checking existence of `Any (First Match)`
    t =   180.26s         Capturing element debug description
    t =   180.26s     Checking existence of `Any (First Match)`
    t =   180.28s Collecting debug information to assist test failure triage
    t =   180.28s     Requesting snapshot of accessibility hierarchy for app with pid 58979
    t =   180.30s Checking existence of `Any (First Match)`
    t =   180.30s Checking existence of `Any (First Match)`
    t =   180.31s Checking existence of `Any (First Match)`
    t =   180.32s Find the Any (First Match)
STEP[180s]: iter 2: done
    t =   180.33s Terminate org.nativescript.nsbenchmark:58979
PERFJSON:{"runs":[{"nav_health_ms":1796,"speech_state":"init_or_task_failed: Failed to initialize recognizer","health_granted":true,"nav_transcribe_ms":1827,"speech_granted":true,"hk_log_roundtrip_ms":639,"iter":0,"hk_rows_ms":1056},{"nav_health_ms":1845,"speech_granted":true,"iter":1,"speech_state":"init_or_task_failed: Failed to initialize recognizer","nav_transcribe_ms":1768,"health_granted":true,"hk_log_roundtrip_ms":638,"hk_rows_ms":1075},{"iter":2,"hk_rows_ms":1058,"nav_transcribe_ms":1756,"speech_state":"init_or_task_failed: Failed to initialize recognizer","nav_health_ms":1922,"health_granted":true,"hk_log_roundtrip_ms":638,"speech_granted":true}],"bundle_id":"org.nativescript.nsbenchmark"}
    t =   181.42s Tear Down
Test Case '-[UIDriverUITests.FeatureLatencyTests testFeatureLatencies]' passed (181.488 seconds).
Test Suite 'FeatureLatencyTests' passed at 2026-07-25 20:10:11.579.
	 Executed 1 test, with 0 failures (0 unexpected) in 181.488 (181.489) seconds
Test Suite 'UIDriverUITests.xctest' passed at 2026-07-25 20:10:11.580.
	 Executed 1 test, with 0 failures (0 unexpected) in 181.488 (181.490) seconds
Test Suite 'All tests' passed at 2026-07-25 20:10:11.581.
	 Executed 1 test, with 0 failures (0 unexpected) in 181.488 (181.491) seconds
2026-07-25 20:10:11.919 xcodebuild[58770:17035811] [MT] IDETestOperationsObserverDebug: 183.383 elapsed -- Testing started completed.
2026-07-25 20:10:11.919 xcodebuild[58770:17035811] [MT] IDETestOperationsObserverDebug: 0.000 sec, +0.000 sec -- start
2026-07-25 20:10:11.919 xcodebuild[58770:17035811] [MT] IDETestOperationsObserverDebug: 183.383 sec, +183.383 sec -- end

Test session results, code coverage, and logs:
	/Users/runner/Library/Developer/Xcode/DerivedData/UIDriver-ekqcqbpucoqmcgbikewqdmafsmmj/Logs/Test/Test-UIDriver-2026.07.25_20-07-08--0700.xcresult

** TEST SUCCEEDED **

Testing started
