Command line invocation:
    /Applications/Xcode.app/Contents/Developer/usr/bin/xcodebuild test -project UIDriver.xcodeproj -scheme UIDriver -destination id=7DFF2660-A10C-449E-867A-92863D91663B

--- xcodebuild: WARNING: Using the first of multiple matching destinations:
{ platform:iOS Simulator, arch:arm64, id:7DFF2660-A10C-449E-867A-92863D91663B, OS:26.5, name:iPhone 17 Pro }
{ platform:iOS Simulator, arch:x86_64, id:7DFF2660-A10C-449E-867A-92863D91663B, OS:26.5, name:iPhone 17 Pro }
ComputePackagePrebuildTargetDependencyGraph

Prepare packages

CreateBuildRequest

SendProjectDescription

CreateBuildOperation

ComputeTargetDependencyGraph
note: Building targets in dependency order
note: Target dependency graph (1 target)
    Target 'UIDriverUITests' in project 'UIDriver' (no dependencies)

GatherProvisioningInputs

CreateBuildDescription

ClangStatCache /Applications/Xcode.app/Contents/Developer/Toolchains/XcodeDefault.xctoolchain/usr/bin/clang-stat-cache /Applications/Xcode.app/Contents/Developer/Platforms/iPhoneSimulator.platform/Developer/SDKs/iPhoneSimulator26.5.sdk /Users/nstudio/Library/Developer/Xcode/DerivedData/SDKStatCaches.noindex/iphonesimulator26.5-23F73-688ef53f1462e2c8f657fdc38a81448f6cfe768891a92b912361537c460fe42b.sdkstatcache
    cd /Users/nstudio/Documents/github/NathanWalker/token-economics/harness/perf/uidriver/UIDriver.xcodeproj
    /Applications/Xcode.app/Contents/Developer/Toolchains/XcodeDefault.xctoolchain/usr/bin/clang-stat-cache /Applications/Xcode.app/Contents/Developer/Platforms/iPhoneSimulator.platform/Developer/SDKs/iPhoneSimulator26.5.sdk -o /Users/nstudio/Library/Developer/Xcode/DerivedData/SDKStatCaches.noindex/iphonesimulator26.5-23F73-688ef53f1462e2c8f657fdc38a81448f6cfe768891a92b912361537c460fe42b.sdkstatcache

ProcessInfoPlistFile /Users/nstudio/Library/Developer/Xcode/DerivedData/UIDriver-ekqcqbpucoqmcgbikewqdmafsmmj/Build/Products/Debug-iphonesimulator/UIDriverUITests-Runner.app/PlugIns/UIDriverUITests.xctest/Info.plist /Users/nstudio/Library/Developer/Xcode/DerivedData/UIDriver-ekqcqbpucoqmcgbikewqdmafsmmj/Build/Intermediates.noindex/UIDriver.build/Debug-iphonesimulator/UIDriverUITests.build/empty-UIDriverUITests.plist (in target 'UIDriverUITests' from project 'UIDriver')
    cd /Users/nstudio/Documents/github/NathanWalker/token-economics/harness/perf/uidriver
    builtin-infoPlistUtility /Users/nstudio/Library/Developer/Xcode/DerivedData/UIDriver-ekqcqbpucoqmcgbikewqdmafsmmj/Build/Intermediates.noindex/UIDriver.build/Debug-iphonesimulator/UIDriverUITests.build/empty-UIDriverUITests.plist -producttype com.apple.product-type.bundle.ui-testing -expandbuildsettings -format binary -platform iphonesimulator -additionalcontentfile /Users/nstudio/Library/Developer/Xcode/DerivedData/UIDriver-ekqcqbpucoqmcgbikewqdmafsmmj/Build/Intermediates.noindex/UIDriver.build/Debug-iphonesimulator/UIDriverUITests.build/ProductTypeInfoPlistAdditions.plist -o /Users/nstudio/Library/Developer/Xcode/DerivedData/UIDriver-ekqcqbpucoqmcgbikewqdmafsmmj/Build/Products/Debug-iphonesimulator/UIDriverUITests-Runner.app/PlugIns/UIDriverUITests.xctest/Info.plist

CopySwiftLibs /Users/nstudio/Library/Developer/Xcode/DerivedData/UIDriver-ekqcqbpucoqmcgbikewqdmafsmmj/Build/Products/Debug-iphonesimulator/UIDriverUITests-Runner.app/PlugIns/UIDriverUITests.xctest (in target 'UIDriverUITests' from project 'UIDriver')
    cd /Users/nstudio/Documents/github/NathanWalker/token-economics/harness/perf/uidriver
    builtin-swiftStdLibTool --copy --verbose --scan-executable /Users/nstudio/Library/Developer/Xcode/DerivedData/UIDriver-ekqcqbpucoqmcgbikewqdmafsmmj/Build/Products/Debug-iphonesimulator/UIDriverUITests-Runner.app/PlugIns/UIDriverUITests.xctest/UIDriverUITests --scan-folder /Users/nstudio/Library/Developer/Xcode/DerivedData/UIDriver-ekqcqbpucoqmcgbikewqdmafsmmj/Build/Products/Debug-iphonesimulator/UIDriverUITests-Runner.app/PlugIns/UIDriverUITests.xctest/Frameworks --scan-folder /Users/nstudio/Library/Developer/Xcode/DerivedData/UIDriver-ekqcqbpucoqmcgbikewqdmafsmmj/Build/Products/Debug-iphonesimulator/UIDriverUITests-Runner.app/PlugIns/UIDriverUITests.xctest/PlugIns --scan-folder /Users/nstudio/Library/Developer/Xcode/DerivedData/UIDriver-ekqcqbpucoqmcgbikewqdmafsmmj/Build/Products/Debug-iphonesimulator/UIDriverUITests-Runner.app/PlugIns/UIDriverUITests.xctest/SystemExtensions --scan-folder /Users/nstudio/Library/Developer/Xcode/DerivedData/UIDriver-ekqcqbpucoqmcgbikewqdmafsmmj/Build/Products/Debug-iphonesimulator/UIDriverUITests-Runner.app/PlugIns/UIDriverUITests.xctest/Extensions --platform iphonesimulator --toolchain /var/run/com.apple.security.cryptexd/mnt/com.apple.MobileAsset.MetalToolchain-v17.6.42.0.xRBJyY/Metal.xctoolchain --toolchain /Applications/Xcode.app/Contents/Developer/Toolchains/XcodeDefault.xctoolchain --destination /Users/nstudio/Library/Developer/Xcode/DerivedData/UIDriver-ekqcqbpucoqmcgbikewqdmafsmmj/Build/Products/Debug-iphonesimulator/UIDriverUITests-Runner.app/PlugIns/UIDriverUITests.xctest/Frameworks --strip-bitcode --scan-executable /Applications/Xcode.app/Contents/Developer/Platforms/iPhoneSimulator.platform/Developer/usr/lib/libXCTestSwiftSupport.dylib --strip-bitcode-tool /Applications/Xcode.app/Contents/Developer/Toolchains/XcodeDefault.xctoolchain/usr/bin/bitcode_strip --emit-dependency-info /Users/nstudio/Library/Developer/Xcode/DerivedData/UIDriver-ekqcqbpucoqmcgbikewqdmafsmmj/Build/Intermediates.noindex/UIDriver.build/Debug-iphonesimulator/UIDriverUITests.build/SwiftStdLibToolInputDependencies.dep --filter-for-swift-os
Ignoring --strip-bitcode because --sign was not passed

2026-08-01 19:48:41.799486-0700 UIDriverUITests-Runner[44061:30607581] [Default] Running tests...
    t =      nans Interface orientation changed to Portrait
Test Suite 'All tests' started at 2026-08-01 19:48:42.355.
Test Suite 'UIDriverUITests.xctest' started at 2026-08-01 19:48:42.355.
Test Suite 'FeatureLatencyTests' started at 2026-08-01 19:48:42.355.
Test Case '-[UIDriverUITests.FeatureLatencyTests testFeatureLatencies]' started.
    t =     0.00s Start Test at 2026-08-01 19:48:42.356
    t =     0.02s Set Up
STEP[0s]: iter 0: launch com.nstudio.expobenchmark
    t =     0.02s Open com.nstudio.expobenchmark
    t =     0.02s     Launch com.nstudio.expobenchmark
    t =     0.11s         Setting up automation session
objc[44061]: Class UIAccessibilityLoaderWebShared is implemented in both /Library/Developer/CoreSimulator/Volumes/iOS_23F77/Library/Developer/CoreSimulator/Profiles/Runtimes/iOS 26.5.simruntime/Contents/Resources/RuntimeRoot/System/Library/AccessibilityBundles/WebCore.axbundle/WebCore (0x108d80310) and /Library/Developer/CoreSimulator/Volumes/iOS_23F77/Library/Developer/CoreSimulator/Profiles/Runtimes/iOS 26.5.simruntime/Contents/Resources/RuntimeRoot/System/Library/AccessibilityBundles/WebKit.axbundle/WebKit (0x1081dc398). This may cause spurious casting failures and mysterious crashes. One of the duplicates must be removed or renamed.
    t =     0.66s         Wait for com.nstudio.expobenchmark to idle
    t =     1.78s Checking existence of `"Health" Button`
    t =     1.82s Waiting 20.0s for Any (First Match) to exist
    t =     2.84s     Checking `Expect predicate `existsNoRetry == 1` for object Any (First Match)`
    t =     2.84s         Checking existence of `Any (First Match)`
STEP[2s]: iter 0: nav Health
    t =     2.84s Checking existence of `"Health" Button`
    t =     2.85s Tap Any (First Match)
    t =     2.85s     Wait for com.nstudio.expobenchmark to idle
    t =     2.85s     Find the Any (First Match)
    t =     2.86s     Check for interrupting elements affecting "Health" Other
    t =     2.87s     Synthesize event
    t =     3.16s     Wait for com.nstudio.expobenchmark to idle
    t =     3.17s Waiting 10.0s for Any (First Match) to exist
    t =     4.20s     Checking `Expect predicate `existsNoRetry == 1` for object Any (First Match)`
    t =     4.20s         Checking existence of `Any (First Match)`
    t =     4.22s Checking existence of `Any (First Match)`
    t =     4.23s Find the Any (First Match)
STEP[4s]: iter 0: HK authorize
    t =     4.23s Checking existence of `"Request Access" Button`
    t =     4.24s Checking existence of `Any (First Match)`
    t =     4.25s Find the Any (First Match)
    t =     4.26s Tap "Request Access" Other
    t =     4.26s     Wait for com.nstudio.expobenchmark to idle
    t =     4.26s     Find the "Request Access" Other
    t =     4.27s     Check for interrupting elements affecting "Request Access" Other
    t =     4.28s     Synthesize event
    t =     4.57s     Wait for com.nstudio.expobenchmark to idle
    t =     4.57s Waiting 3.0s for Any (First Match) to exist
    t =     5.63s     Checking `Expect predicate `existsNoRetry == 1` for object Any (First Match)`
    t =     5.63s         Checking existence of `Any (First Match)`
    t =     5.68s Find the Any (First Match)
STEP[5s]: health sheet(app): tap 'Turn On All'
    t =     5.71s Tap "Turn On All" StaticText
    t =     5.71s     Wait for com.nstudio.expobenchmark to idle
    t =     5.71s     Find the "Turn On All" StaticText
    t =     5.74s     Check for interrupting elements affecting "Turn On All" StaticText
    t =     5.77s     Synthesize event
    t =     6.06s     Wait for com.nstudio.expobenchmark to idle
    t =     6.07s Waiting 2.0s for "Allow" Button to exist
    t =     7.09s     Checking `Expect predicate `existsNoRetry == 1` for object "Allow" Button`
    t =     7.09s         Checking existence of `"Allow" Button`
    t =     7.14s Find the "Allow" Button
STEP[7s]: health sheet(app): confirm 'Allow'
    t =     7.17s Tap "UIA.Health.Allow.Button" Button
    t =     7.17s     Wait for com.nstudio.expobenchmark to idle
    t =     7.17s     Find the "UIA.Health.Allow.Button" Button
    t =     7.19s     Check for interrupting elements affecting "UIA.Health.Allow.Button" Button
    t =     7.21s     Synthesize event
    t =     7.50s     Wait for com.nstudio.expobenchmark to idle
    t =     7.50s Waiting 15.0s for Any (First Match) to exist
    t =     8.55s     Checking `Expect predicate `existsNoRetry == 1` for object Any (First Match)`
    t =     8.56s         Checking existence of `Any (First Match)`
    t =     8.58s Checking existence of `"Health access: not requested" StaticText`
    t =     8.59s Find the "Health access: not requested" StaticText
    t =     8.60s Waiting 15.0s for Any (First Match) to exist
    t =     9.62s     Checking `Expect predicate `existsNoRetry == 1` for object Any (First Match)`
    t =     9.62s         Checking existence of `Any (First Match)`
    t =     9.64s Checking existence of `Any (First Match)`
    t =     9.65s Find the Any (First Match)
    t =     9.66s Checking existence of `"Log 500 Steps" Button`
    t =     9.67s Checking existence of `Any (First Match)`
    t =     9.67s Find the Any (First Match)
STEP[9s]: iter 0: log 500
    t =     9.68s Tap "Log 500 Steps" Other
    t =     9.69s     Wait for com.nstudio.expobenchmark to idle
    t =     9.69s     Find the "Log 500 Steps" Other
    t =     9.69s     Check for interrupting elements affecting "Log 500 Steps" Other
    t =     9.71s     Synthesize event
    t =    10.00s     Wait for com.nstudio.expobenchmark to idle
    t =    10.02s Checking existence of `"Sat Aug 1 — 26,000 steps (today)" StaticText`
    t =    10.02s Find the "Sat Aug 1 — 26,000 steps (today)" StaticText
    t =    10.03s Checking existence of `"Sat Aug 1 — 26,500 steps (today)" StaticText`
STEP[10s]: iter 0: go home
    t =    10.04s Checking existence of `"Transcribe" Button`
    t =    10.05s Checking existence of `"Health" Button`
    t =    10.06s Checking existence of `Any (First Match)`
    t =    10.07s Checking existence of `Button (Element at index 0)`
    t =    10.07s Checking existence of `"Back" Button`
    t =    10.08s Checking existence of `"Home" Button`
    t =    10.09s Checking existence of `Any (First Match)`
STEP[10s]: goHome: edge swipe fallback
    t =    10.09s Press Application 'com.nstudio.expobenchmark'[0.02, 0.50] for 0.1 seconds, then drag to Application 'com.nstudio.expobenchmark'[0.90, 0.50] with velocity of 500.00 pixels per second, and then hold for 0.0 seconds 
    t =    10.09s     Wait for com.nstudio.expobenchmark to idle
    t =    10.10s     Find the Application 'com.nstudio.expobenchmark'
    t =    10.10s     Check for interrupting elements affecting "ExpoBenchmark" Application
    t =    10.11s     Synthesize event
    t =    10.11s         Find the Application 'com.nstudio.expobenchmark'
    t =    10.12s         Find the Application 'com.nstudio.expobenchmark'
    t =    10.12s         Find the Application 'com.nstudio.expobenchmark'
    t =    10.13s         Find the Application 'com.nstudio.expobenchmark'
    t =    10.14s         Find the Application 'com.nstudio.expobenchmark'
    t =    11.14s     Wait for com.nstudio.expobenchmark to idle
    t =    11.15s Checking existence of `"Transcribe" Button`
    t =    11.16s Waiting 3.0s for Any (First Match) to exist
    t =    12.20s     Checking `Expect predicate `existsNoRetry == 1` for object Any (First Match)`
    t =    12.20s         Checking existence of `Any (First Match)`
    t =    12.23s         Capturing element debug description
    t =    13.17s     Checking `Expect predicate `existsNoRetry == 1` for object Any (First Match)`
    t =    13.17s         Checking existence of `Any (First Match)`
    t =    13.18s         Capturing element debug description
    t =    14.16s     Checking `Expect predicate `existsNoRetry == 1` for object Any (First Match)`
    t =    14.17s         Checking existence of `Any (First Match)`
    t =    14.19s         Capturing element debug description
    t =    14.19s     Checking existence of `Any (First Match)`
    t =    14.20s Collecting debug information to assist test failure triage
    t =    14.20s     Requesting snapshot of accessibility hierarchy for app with pid 44065
    t =    14.22s Requesting snapshot of accessibility hierarchy for app with pid 44065
    t =    14.26s Requesting snapshot of accessibility hierarchy for app with pid 44065
TREE(goHome failed):
Attributes: Application, 0x10a36d7c0, pid: 44065, label: 'ExpoBenchmark'
Element subtree:
 →Application, 0x10a36d7c0, pid: 44065, label: 'ExpoBenchmark'
    Window (Main), 0x10a36d900, {{0.0, 0.0}, {402.0, 874.0}}
      Other, 0x10a36da40, {{0.0, 0.0}, {402.0, 874.0}}
        Other, 0x10a36db80, {{0.0, 0.0}, {402.0, 874.0}}
          Other, 0x10a36dcc0, {{0.0, 0.0}, {402.0, 874.0}}
            Other, 0x10a36de00, {{0.0, 0.0}, {402.0, 874.0}}
              Other, 0x10a36df40, {{0.0, 0.0}, {402.0, 874.0}}
                Other, 0x10a36e080, {{0.0, 0.0}, {402.0, 874.0}}
                  Other, 0x10a36e1c0, {{0.0, 62.0}, {402.0, 778.0}}
                  Other, 0x10a36e300, {{16.0, 74.0}, {57.0, 20.3}}, label: '‹ Home'
                  StaticText, 0x10a36e440, {{175.3, 74.0}, {52.3, 20.3}}, label: 'Health'
                    StaticText, 0x10a36e580, {{175.3, 74.0}, {52.3, 20.3}}, label: 'Health'
                  StaticText, 0x10a36e6c0, {{24.0, 122.3}, {354.0, 18.0}}, label: 'Health access: granted'
                    StaticText, 0x10a36e800, {{24.0, 122.3}, {354.0, 18.0}}, label: 'Health access: granted'
                  Other, 0x10a36e940, {{24.0, 160.3}, {354.0, 48.3}}, label: 'Request Access'
                  Other, 0x10a36ea80, {{24.0, 220.7}, {354.0, 48.3}}, label: 'Log 500 Steps'
                  StaticText, 0x10a36ebc0, {{24.0, 301.0}, {354.0, 24.0}}, label: 'Last 7 Days'
                    StaticText, 0x10a36ed00, {{24.0, 301.0}, {354.0, 24.0}}, label: 'Last 7 Days'
                  StaticText, 0x10a36ee40, {{24.0, 337.0}, {354.0, 30.0}}, label: 'Sat Aug 1 — 26,500 steps (today)'
                    StaticText, 0x10a36ef80, {{24.0, 337.0}, {354.0, 30.0}}, label: 'Sat Aug 1 — 26,500 steps (today)'
                  StaticText, 0x10a36f0c0, {{24.0, 367.0}, {354.0, 30.0}}, label: 'Fri Jul 31 — 0 steps'
                    StaticText, 0x10a36f200, {{24.0, 367.0}, {354.0, 30.0}}, label: 'Fri Jul 31 — 0 steps'
                  StaticText, 0x10a36f340, {{24.0, 397.0}, {354.0, 30.0}}, label: 'Thu Jul 30 — 0 steps'
                    StaticText, 0x10a36f480, {{24.0, 397.0}, {354.0, 30.0}}, label: 'Thu Jul 30 — 0 steps'
                  StaticText, 0x10a36f5c0, {{24.0, 427.0}, {354.0, 30.0}}, label: 'Wed Jul 29 — 0 steps'
                    StaticText, 0x10a36f700, {{24.0, 427.0}, {354.0, 30.0}}, label: 'Wed Jul 29 — 0 steps'
                  StaticText, 0x10a36f840, {{24.0, 457.0}, {354.0, 30.0}}, label: 'Tue Jul 28 — 0 steps'
                    StaticText, 0x10a36f980, {{24.0, 457.0}, {354.0, 30.0}}, label: 'Tue Jul 28 — 0 steps'
                  StaticText, 0x10a36fac0, {{24.0, 487.0}, {354.0, 30.0}}, label: 'Mon Jul 27 — 0 steps'
                    StaticText, 0x10a36fc00, {{24.0, 487.0}, {354.0, 30.0}}, label: 'Mon Jul 27 — 0 steps'
                  StaticText, 0x10a36fd40, {{24.0, 517.0}, {354.0, 30.0}}, label: 'Sun Jul 26 — 0 steps'
                    StaticText, 0x10a36fe80, {{24.0, 517.0}, {354.0, 30.0}}, label: 'Sun Jul 26 — 0 steps'
Path to element:
 →Application, 0x10a36d7c0, pid: 44065, label: 'ExpoBenchmark'
Query chain:
 →Find: Application 'com.nstudio.expobenchmark'
  Output: {
    Application, 0x10a36d540, pid: 44065, label: 'ExpoBenchmark'
  }

    t =    14.27s Terminate com.nstudio.expobenchmark:44065
STEP[15s]: iter 1: launch com.nstudio.expobenchmark
    t =    15.34s Open com.nstudio.expobenchmark
    t =    15.34s     Launch com.nstudio.expobenchmark
    t =    15.45s         Setting up automation session
    t =    15.94s         Wait for com.nstudio.expobenchmark to idle
    t =    17.06s Checking existence of `"Health" Button`
    t =    17.10s Waiting 20.0s for Any (First Match) to exist
    t =    18.14s     Checking `Expect predicate `existsNoRetry == 1` for object Any (First Match)`
    t =    18.14s         Checking existence of `Any (First Match)`
STEP[18s]: iter 1: nav Health
    t =    18.16s Checking existence of `"Health" Button`
    t =    18.17s Tap Any (First Match)
    t =    18.17s     Wait for com.nstudio.expobenchmark to idle
    t =    18.17s     Find the Any (First Match)
    t =    18.18s     Check for interrupting elements affecting "Health" Other
    t =    18.19s     Synthesize event
    t =    18.48s     Wait for com.nstudio.expobenchmark to idle
    t =    18.49s Waiting 10.0s for Any (First Match) to exist
    t =    19.53s     Checking `Expect predicate `existsNoRetry == 1` for object Any (First Match)`
    t =    19.54s         Checking existence of `Any (First Match)`
    t =    19.55s Checking existence of `Any (First Match)`
    t =    19.56s Find the Any (First Match)
    t =    19.57s Checking existence of `"Health access: granted" StaticText`
    t =    19.58s Find the "Health access: granted" StaticText
    t =    19.58s Waiting 15.0s for Any (First Match) to exist
    t =    20.62s     Checking `Expect predicate `existsNoRetry == 1` for object Any (First Match)`
    t =    20.63s         Checking existence of `Any (First Match)`
    t =    20.64s Checking existence of `Any (First Match)`
    t =    20.65s Find the Any (First Match)
    t =    20.66s Checking existence of `"Log 500 Steps" Button`
    t =    20.67s Checking existence of `Any (First Match)`
    t =    20.67s Find the Any (First Match)
STEP[20s]: iter 1: log 500
    t =    20.69s Tap "Log 500 Steps" Other
    t =    20.69s     Wait for com.nstudio.expobenchmark to idle
    t =    20.69s     Find the "Log 500 Steps" Other
    t =    20.70s     Check for interrupting elements affecting "Log 500 Steps" Other
    t =    20.71s     Synthesize event
    t =    21.00s     Wait for com.nstudio.expobenchmark to idle
    t =    21.01s Checking existence of `"Sat Aug 1 — 26,500 steps (today)" StaticText`
    t =    21.02s Find the "Sat Aug 1 — 26,500 steps (today)" StaticText
    t =    21.03s Checking existence of `"Sat Aug 1 — 27,000 steps (today)" StaticText`
STEP[21s]: iter 1: go home
    t =    21.04s Checking existence of `"Transcribe" Button`
    t =    21.05s Checking existence of `"Health" Button`
    t =    21.06s Checking existence of `Any (First Match)`
    t =    21.07s Checking existence of `Button (Element at index 0)`
    t =    21.07s Checking existence of `"Back" Button`
    t =    21.08s Checking existence of `"Home" Button`
    t =    21.09s Checking existence of `Any (First Match)`
STEP[21s]: goHome: edge swipe fallback
    t =    21.09s Press Application 'com.nstudio.expobenchmark'[0.02, 0.50] for 0.1 seconds, then drag to Application 'com.nstudio.expobenchmark'[0.90, 0.50] with velocity of 500.00 pixels per second, and then hold for 0.0 seconds 
    t =    21.09s     Wait for com.nstudio.expobenchmark to idle
    t =    21.10s     Find the Application 'com.nstudio.expobenchmark'
    t =    21.10s     Check for interrupting elements affecting "ExpoBenchmark" Application
    t =    21.11s     Synthesize event
    t =    21.11s         Find the Application 'com.nstudio.expobenchmark'
    t =    21.12s         Find the Application 'com.nstudio.expobenchmark'
    t =    21.12s         Find the Application 'com.nstudio.expobenchmark'
    t =    21.13s         Find the Application 'com.nstudio.expobenchmark'
    t =    21.14s         Find the Application 'com.nstudio.expobenchmark'
    t =    22.14s     Wait for com.nstudio.expobenchmark to idle
    t =    22.15s Checking existence of `"Transcribe" Button`
    t =    22.16s Waiting 3.0s for Any (First Match) to exist
    t =    23.18s     Checking `Expect predicate `existsNoRetry == 1` for object Any (First Match)`
    t =    23.18s         Checking existence of `Any (First Match)`
    t =    23.19s         Capturing element debug description
    t =    24.23s     Checking `Expect predicate `existsNoRetry == 1` for object Any (First Match)`
    t =    24.23s         Checking existence of `Any (First Match)`
    t =    24.25s         Capturing element debug description
    t =    25.17s     Checking `Expect predicate `existsNoRetry == 1` for object Any (First Match)`
    t =    25.17s         Checking existence of `Any (First Match)`
    t =    25.19s         Capturing element debug description
    t =    25.19s     Checking existence of `Any (First Match)`
    t =    25.21s Collecting debug information to assist test failure triage
    t =    25.21s     Requesting snapshot of accessibility hierarchy for app with pid 44076
    t =    25.22s Terminate com.nstudio.expobenchmark:44076
STEP[26s]: iter 2: launch com.nstudio.expobenchmark
    t =    26.29s Open com.nstudio.expobenchmark
    t =    26.29s     Launch com.nstudio.expobenchmark
    t =    26.40s         Setting up automation session
    t =    26.90s         Wait for com.nstudio.expobenchmark to idle
    t =    28.02s Checking existence of `"Health" Button`
    t =    28.05s Waiting 20.0s for Any (First Match) to exist
    t =    29.08s     Checking `Expect predicate `existsNoRetry == 1` for object Any (First Match)`
    t =    29.09s         Checking existence of `Any (First Match)`
STEP[29s]: iter 2: nav Health
    t =    29.10s Checking existence of `"Health" Button`
    t =    29.11s Tap Any (First Match)
    t =    29.11s     Wait for com.nstudio.expobenchmark to idle
    t =    29.11s     Find the Any (First Match)
    t =    29.12s     Check for interrupting elements affecting "Health" Other
    t =    29.14s     Synthesize event
    t =    29.43s     Wait for com.nstudio.expobenchmark to idle
    t =    29.43s Waiting 10.0s for Any (First Match) to exist
    t =    30.45s     Checking `Expect predicate `existsNoRetry == 1` for object Any (First Match)`
    t =    30.45s         Checking existence of `Any (First Match)`
    t =    30.47s Checking existence of `Any (First Match)`
    t =    30.47s Find the Any (First Match)
    t =    30.48s Checking existence of `"Health access: granted" StaticText`
    t =    30.49s Find the "Health access: granted" StaticText
    t =    30.50s Waiting 15.0s for Any (First Match) to exist
    t =    31.53s     Checking `Expect predicate `existsNoRetry == 1` for object Any (First Match)`
    t =    31.54s         Checking existence of `Any (First Match)`
    t =    31.55s Checking existence of `Any (First Match)`
    t =    31.56s Find the Any (First Match)
    t =    31.57s Checking existence of `"Log 500 Steps" Button`
    t =    31.58s Checking existence of `Any (First Match)`
    t =    31.59s Find the Any (First Match)
STEP[31s]: iter 2: log 500
    t =    31.60s Tap "Log 500 Steps" Other
    t =    31.60s     Wait for com.nstudio.expobenchmark to idle
    t =    31.60s     Find the "Log 500 Steps" Other
    t =    31.61s     Check for interrupting elements affecting "Log 500 Steps" Other
    t =    31.62s     Synthesize event
    t =    31.91s     Wait for com.nstudio.expobenchmark to idle
    t =    31.92s Checking existence of `"Sat Aug 1 — 27,000 steps (today)" StaticText`
    t =    31.93s Find the "Sat Aug 1 — 27,000 steps (today)" StaticText
    t =    31.95s Checking existence of `"Sat Aug 1 — 27,500 steps (today)" StaticText`
STEP[31s]: iter 2: go home
    t =    31.95s Checking existence of `"Transcribe" Button`
    t =    31.96s Checking existence of `"Health" Button`
    t =    31.97s Checking existence of `Any (First Match)`
    t =    31.98s Checking existence of `Button (Element at index 0)`
    t =    31.98s Checking existence of `"Back" Button`
    t =    31.99s Checking existence of `"Home" Button`
    t =    32.00s Checking existence of `Any (First Match)`
STEP[31s]: goHome: edge swipe fallback
    t =    32.00s Press Application 'com.nstudio.expobenchmark'[0.02, 0.50] for 0.1 seconds, then drag to Application 'com.nstudio.expobenchmark'[0.90, 0.50] with velocity of 500.00 pixels per second, and then hold for 0.0 seconds 
    t =    32.00s     Wait for com.nstudio.expobenchmark to idle
    t =    32.01s     Find the Application 'com.nstudio.expobenchmark'
    t =    32.01s     Check for interrupting elements affecting "ExpoBenchmark" Application
    t =    32.02s     Synthesize event
    t =    32.02s         Find the Application 'com.nstudio.expobenchmark'
    t =    32.03s         Find the Application 'com.nstudio.expobenchmark'
    t =    32.03s         Find the Application 'com.nstudio.expobenchmark'
    t =    32.04s         Find the Application 'com.nstudio.expobenchmark'
    t =    32.05s         Find the Application 'com.nstudio.expobenchmark'
    t =    33.05s     Wait for com.nstudio.expobenchmark to idle
    t =    33.05s Checking existence of `"Transcribe" Button`
    t =    33.07s Waiting 3.0s for Any (First Match) to exist
    t =    34.08s     Checking `Expect predicate `existsNoRetry == 1` for object Any (First Match)`
    t =    34.09s         Checking existence of `Any (First Match)`
    t =    34.11s         Capturing element debug description
    t =    35.13s     Checking `Expect predicate `existsNoRetry == 1` for object Any (First Match)`
    t =    35.13s         Checking existence of `Any (First Match)`
    t =    35.16s         Capturing element debug description
    t =    36.07s     Checking `Expect predicate `existsNoRetry == 1` for object Any (First Match)`
    t =    36.07s         Checking existence of `Any (First Match)`
    t =    36.09s         Capturing element debug description
    t =    36.10s     Checking existence of `Any (First Match)`
    t =    36.11s Collecting debug information to assist test failure triage
    t =    36.11s     Requesting snapshot of accessibility hierarchy for app with pid 44085
    t =    36.12s Terminate com.nstudio.expobenchmark:44085
PERFJSON:{"runs":[{"hk_rows_ms":1043,"health_granted":true,"nav_health_ms":1376,"hk_log_roundtrip_ms":358,"error":"goHome failed","iter":0},{"iter":1,"hk_rows_ms":1058,"hk_log_roundtrip_ms":355,"error":"goHome failed","nav_health_ms":1396,"health_granted":true},{"nav_health_ms":1363,"iter":2,"hk_rows_ms":1058,"health_granted":true,"hk_log_roundtrip_ms":354,"error":"goHome failed"}],"bundle_id":"com.nstudio.expobenchmark"}
    t =    37.17s Tear Down
Test Case '-[UIDriverUITests.FeatureLatencyTests testFeatureLatencies]' passed (37.215 seconds).
Test Suite 'FeatureLatencyTests' passed at 2026-08-01 19:49:19.573.
	 Executed 1 test, with 0 failures (0 unexpected) in 37.215 (37.218) seconds
Test Suite 'InteropCaptureTests' started at 2026-08-01 19:49:19.574.
Test Case '-[UIDriverUITests.InteropCaptureTests testCaptureInteropResults]' started.
    t =     0.00s Start Test at 2026-08-01 19:49:19.575
    t =     0.02s Set Up
    t =     0.02s Open com.nstudio.expobenchmark
    t =     0.02s     Launch com.nstudio.expobenchmark
    t =     0.12s         Setting up automation session
    t =     0.62s         Wait for com.nstudio.expobenchmark to idle
    t =     1.74s Waiting 240.0s for Any (First Match) to exist
    t =     2.77s     Checking `Expect predicate `existsNoRetry == 1` for object Any (First Match)`
    t =     2.77s         Checking existence of `Any (First Match)`
    t =     2.79s         Capturing element debug description
    t =     3.82s     Checking `Expect predicate `existsNoRetry == 1` for object Any (First Match)`
    t =     3.82s         Checking existence of `Any (First Match)`
    t =     3.84s         Capturing element debug description
    t =     4.77s     Checking `Expect predicate `existsNoRetry == 1` for object Any (First Match)`
    t =     4.77s         Checking existence of `Any (First Match)`
    t =     4.79s         Capturing element debug description
    t =     5.82s     Checking `Expect predicate `existsNoRetry == 1` for object Any (First Match)`
    t =     5.82s         Checking existence of `Any (First Match)`
    t =     5.83s         Capturing element debug description
    t =     6.78s     Checking `Expect predicate `existsNoRetry == 1` for object Any (First Match)`
    t =     6.78s         Checking existence of `Any (First Match)`
    t =     6.80s         Capturing element debug description
    t =     7.81s     Checking `Expect predicate `existsNoRetry == 1` for object Any (First Match)`
    t =     7.81s         Checking existence of `Any (First Match)`
    t =     7.83s         Capturing element debug description
    t =     8.75s     Checking `Expect predicate `existsNoRetry == 1` for object Any (First Match)`
    t =     8.75s         Checking existence of `Any (First Match)`
    t =     8.76s         Capturing element debug description
    t =     9.80s     Checking `Expect predicate `existsNoRetry == 1` for object Any (First Match)`
    t =     9.80s         Checking existence of `Any (First Match)`
    t =     9.82s         Capturing element debug description
    t =    10.74s     Checking `Expect predicate `existsNoRetry == 1` for object Any (First Match)`
    t =    10.74s         Checking existence of `Any (First Match)`
    t =    10.76s         Capturing element debug description
    t =    11.79s     Checking `Expect predicate `existsNoRetry == 1` for object Any (First Match)`
    t =    11.79s         Checking existence of `Any (First Match)`
    t =    11.80s         Capturing element debug description
    t =    12.83s     Checking `Expect predicate `existsNoRetry == 1` for object Any (First Match)`
    t =    12.83s         Checking existence of `Any (First Match)`
    t =    12.85s         Capturing element debug description
    t =    13.75s     Checking `Expect predicate `existsNoRetry == 1` for object Any (First Match)`
    t =    13.75s         Checking existence of `Any (First Match)`
    t =    13.77s         Capturing element debug description
    t =    14.80s     Checking `Expect predicate `existsNoRetry == 1` for object Any (First Match)`
    t =    14.80s         Checking existence of `Any (First Match)`
    t =    14.81s         Capturing element debug description
    t =    15.75s     Checking `Expect predicate `existsNoRetry == 1` for object Any (First Match)`
    t =    15.76s         Checking existence of `Any (First Match)`
    t =    15.77s         Capturing element debug description
    t =    16.83s     Checking `Expect predicate `existsNoRetry == 1` for object Any (First Match)`
    t =    16.83s         Checking existence of `Any (First Match)`
    t =    16.85s         Capturing element debug description
    t =    17.78s     Checking `Expect predicate `existsNoRetry == 1` for object Any (First Match)`
    t =    17.78s         Checking existence of `Any (First Match)`
    t =    17.80s         Capturing element debug description
    t =    18.83s     Checking `Expect predicate `existsNoRetry == 1` for object Any (First Match)`
    t =    18.83s         Checking existence of `Any (First Match)`
    t =    18.84s         Capturing element debug description
    t =    19.75s     Checking `Expect predicate `existsNoRetry == 1` for object Any (First Match)`
    t =    19.75s         Checking existence of `Any (First Match)`
    t =    19.76s         Capturing element debug description
    t =    20.78s     Checking `Expect predicate `existsNoRetry == 1` for object Any (First Match)`
    t =    20.78s         Checking existence of `Any (First Match)`
    t =    20.80s         Capturing element debug description
    t =    21.81s     Checking `Expect predicate `existsNoRetry == 1` for object Any (First Match)`
    t =    21.81s         Checking existence of `Any (First Match)`
    t =    21.82s         Capturing element debug description
    t =    22.74s     Checking `Expect predicate `existsNoRetry == 1` for object Any (First Match)`
    t =    22.75s         Checking existence of `Any (First Match)`
    t =    22.76s         Capturing element debug description
    t =    23.80s     Checking `Expect predicate `existsNoRetry == 1` for object Any (First Match)`
    t =    23.80s         Checking existence of `Any (First Match)`
    t =    23.81s         Capturing element debug description
    t =    24.74s     Checking `Expect predicate `existsNoRetry == 1` for object Any (First Match)`
    t =    24.74s         Checking existence of `Any (First Match)`
    t =    24.75s         Capturing element debug description
    t =    25.78s     Checking `Expect predicate `existsNoRetry == 1` for object Any (First Match)`
    t =    25.78s         Checking existence of `Any (First Match)`
    t =    25.80s         Capturing element debug description
    t =    26.82s     Checking `Expect predicate `existsNoRetry == 1` for object Any (First Match)`
    t =    26.82s         Checking existence of `Any (First Match)`
    t =    26.83s         Capturing element debug description
    t =    27.75s     Checking `Expect predicate `existsNoRetry == 1` for object Any (First Match)`
    t =    27.75s         Checking existence of `Any (First Match)`
    t =    27.76s         Capturing element debug description
    t =    28.80s     Checking `Expect predicate `existsNoRetry == 1` for object Any (First Match)`
    t =    28.80s         Checking existence of `Any (First Match)`
    t =    28.82s         Capturing element debug description
    t =    29.74s     Checking `Expect predicate `existsNoRetry == 1` for object Any (First Match)`
    t =    29.74s         Checking existence of `Any (First Match)`
    t =    29.76s         Capturing element debug description
    t =    30.78s     Checking `Expect predicate `existsNoRetry == 1` for object Any (First Match)`
    t =    30.78s         Checking existence of `Any (First Match)`
    t =    30.80s         Capturing element debug description
    t =    31.81s     Checking `Expect predicate `existsNoRetry == 1` for object Any (First Match)`
    t =    31.82s         Checking existence of `Any (First Match)`
    t =    31.83s         Capturing element debug description
    t =    32.75s     Checking `Expect predicate `existsNoRetry == 1` for object Any (First Match)`
    t =    32.75s         Checking existence of `Any (First Match)`
    t =    32.76s         Capturing element debug description
    t =    33.80s     Checking `Expect predicate `existsNoRetry == 1` for object Any (First Match)`
    t =    33.80s         Checking existence of `Any (First Match)`
    t =    33.81s         Capturing element debug description
    t =    34.74s     Checking `Expect predicate `existsNoRetry == 1` for object Any (First Match)`
    t =    34.74s         Checking existence of `Any (First Match)`
    t =    34.76s         Capturing element debug description
    t =    35.80s     Checking `Expect predicate `existsNoRetry == 1` for object Any (First Match)`
    t =    35.80s         Checking existence of `Any (First Match)`
    t =    35.81s         Capturing element debug description
    t =    36.75s     Checking `Expect predicate `existsNoRetry == 1` for object Any (First Match)`
    t =    36.75s         Checking existence of `Any (First Match)`
    t =    36.77s         Capturing element debug description
    t =    37.80s     Checking `Expect predicate `existsNoRetry == 1` for object Any (First Match)`
    t =    37.80s         Checking existence of `Any (First Match)`
    t =    37.82s         Capturing element debug description
    t =    38.74s     Checking `Expect predicate `existsNoRetry == 1` for object Any (First Match)`
    t =    38.74s         Checking existence of `Any (First Match)`
    t =    38.75s         Capturing element debug description
    t =    39.78s     Checking `Expect predicate `existsNoRetry == 1` for object Any (First Match)`
    t =    39.78s         Checking existence of `Any (First Match)`
    t =    39.80s         Capturing element debug description
    t =    40.74s     Checking `Expect predicate `existsNoRetry == 1` for object Any (First Match)`
    t =    40.74s         Checking existence of `Any (First Match)`
    t =    40.76s         Capturing element debug description
    t =    41.80s     Checking `Expect predicate `existsNoRetry == 1` for object Any (First Match)`
    t =    41.80s         Checking existence of `Any (First Match)`
    t =    41.81s         Capturing element debug description
    t =    42.74s     Checking `Expect predicate `existsNoRetry == 1` for object Any (First Match)`
    t =    42.74s         Checking existence of `Any (First Match)`
    t =    42.76s         Capturing element debug description
    t =    43.80s     Checking `Expect predicate `existsNoRetry == 1` for object Any (First Match)`
    t =    43.80s         Checking existence of `Any (First Match)`
    t =    43.82s         Capturing element debug description
    t =    44.76s     Checking `Expect predicate `existsNoRetry == 1` for object Any (First Match)`
    t =    44.76s         Checking existence of `Any (First Match)`
    t =    44.78s         Capturing element debug description
    t =    45.80s     Checking `Expect predicate `existsNoRetry == 1` for object Any (First Match)`
    t =    45.80s         Checking existence of `Any (First Match)`
    t =    45.81s         Capturing element debug description
    t =    46.74s     Checking `Expect predicate `existsNoRetry == 1` for object Any (First Match)`
    t =    46.74s         Checking existence of `Any (First Match)`
    t =    46.76s         Capturing element debug description
    t =    47.78s     Checking `Expect predicate `existsNoRetry == 1` for object Any (First Match)`
    t =    47.78s         Checking existence of `Any (First Match)`
    t =    47.79s         Capturing element debug description
    t =    48.81s     Checking `Expect predicate `existsNoRetry == 1` for object Any (First Match)`
    t =    48.81s         Checking existence of `Any (First Match)`
    t =    48.83s         Capturing element debug description
    t =    49.74s     Checking `Expect predicate `existsNoRetry == 1` for object Any (First Match)`
    t =    49.75s         Checking existence of `Any (First Match)`
    t =    49.76s         Capturing element debug description
    t =    50.80s     Checking `Expect predicate `existsNoRetry == 1` for object Any (First Match)`
    t =    50.80s         Checking existence of `Any (First Match)`
    t =    50.81s         Capturing element debug description
    t =    51.74s     Checking `Expect predicate `existsNoRetry == 1` for object Any (First Match)`
    t =    51.74s         Checking existence of `Any (First Match)`
    t =    51.76s         Capturing element debug description
    t =    52.78s     Checking `Expect predicate `existsNoRetry == 1` for object Any (First Match)`
    t =    52.78s         Checking existence of `Any (First Match)`
    t =    52.80s         Capturing element debug description
    t =    53.83s     Checking `Expect predicate `existsNoRetry == 1` for object Any (First Match)`
    t =    53.83s         Checking existence of `Any (First Match)`
    t =    53.84s         Capturing element debug description
    t =    54.78s     Checking `Expect predicate `existsNoRetry == 1` for object Any (First Match)`
    t =    54.78s         Checking existence of `Any (First Match)`
    t =    54.80s         Capturing element debug description
    t =    55.82s     Checking `Expect predicate `existsNoRetry == 1` for object Any (First Match)`
    t =    55.82s         Checking existence of `Any (First Match)`
    t =    55.84s         Capturing element debug description
    t =    56.74s     Checking `Expect predicate `existsNoRetry == 1` for object Any (First Match)`
    t =    56.74s         Checking existence of `Any (First Match)`
    t =    56.76s         Capturing element debug description
    t =    57.80s     Checking `Expect predicate `existsNoRetry == 1` for object Any (First Match)`
    t =    57.80s         Checking existence of `Any (First Match)`
    t =    57.82s         Capturing element debug description
    t =    58.74s     Checking `Expect predicate `existsNoRetry == 1` for object Any (First Match)`
    t =    58.74s         Checking existence of `Any (First Match)`
    t =    58.76s         Capturing element debug description
    t =    59.78s     Checking `Expect predicate `existsNoRetry == 1` for object Any (First Match)`
    t =    59.78s         Checking existence of `Any (First Match)`
    t =    59.80s         Capturing element debug description
    t =    60.80s     Checking `Expect predicate `existsNoRetry == 1` for object Any (First Match)`
    t =    60.80s         Checking existence of `Any (First Match)`
    t =    60.81s         Capturing element debug description
    t =    61.74s     Checking `Expect predicate `existsNoRetry == 1` for object Any (First Match)`
    t =    61.74s         Checking existence of `Any (First Match)`
    t =    61.75s         Capturing element debug description
    t =    62.78s     Checking `Expect predicate `existsNoRetry == 1` for object Any (First Match)`
    t =    62.78s         Checking existence of `Any (First Match)`
    t =    62.79s         Capturing element debug description
    t =    63.81s     Checking `Expect predicate `existsNoRetry == 1` for object Any (First Match)`
    t =    63.81s         Checking existence of `Any (First Match)`
    t =    63.83s         Capturing element debug description
    t =    64.75s     Checking `Expect predicate `existsNoRetry == 1` for object Any (First Match)`
    t =    64.75s         Checking existence of `Any (First Match)`
    t =    64.77s         Capturing element debug description
    t =    65.81s     Checking `Expect predicate `existsNoRetry == 1` for object Any (First Match)`
    t =    65.81s         Checking existence of `Any (First Match)`
    t =    65.83s         Capturing element debug description
    t =    66.75s     Checking `Expect predicate `existsNoRetry == 1` for object Any (First Match)`
    t =    66.75s         Checking existence of `Any (First Match)`
    t =    66.76s         Capturing element debug description
    t =    67.80s     Checking `Expect predicate `existsNoRetry == 1` for object Any (First Match)`
    t =    67.80s         Checking existence of `Any (First Match)`
    t =    67.81s         Capturing element debug description
    t =    68.74s     Checking `Expect predicate `existsNoRetry == 1` for object Any (First Match)`
    t =    68.74s         Checking existence of `Any (First Match)`
    t =    68.76s         Capturing element debug description
    t =    69.81s     Checking `Expect predicate `existsNoRetry == 1` for object Any (First Match)`
    t =    69.81s         Checking existence of `Any (First Match)`
    t =    69.82s         Capturing element debug description
    t =    70.75s     Checking `Expect predicate `existsNoRetry == 1` for object Any (First Match)`
    t =    70.75s         Checking existence of `Any (First Match)`
    t =    70.77s         Capturing element debug description
    t =    71.81s     Checking `Expect predicate `existsNoRetry == 1` for object Any (First Match)`
    t =    71.81s         Checking existence of `Any (First Match)`
    t =    71.83s         Capturing element debug description
    t =    72.75s     Checking `Expect predicate `existsNoRetry == 1` for object Any (First Match)`
    t =    72.75s         Checking existence of `Any (First Match)`
    t =    72.76s         Capturing element debug description
    t =    73.80s     Checking `Expect predicate `existsNoRetry == 1` for object Any (First Match)`
    t =    73.80s         Checking existence of `Any (First Match)`
    t =    73.81s         Capturing element debug description
    t =    74.74s     Checking `Expect predicate `existsNoRetry == 1` for object Any (First Match)`
    t =    74.75s         Checking existence of `Any (First Match)`
    t =    74.76s         Capturing element debug description
    t =    75.80s     Checking `Expect predicate `existsNoRetry == 1` for object Any (First Match)`
    t =    75.80s         Checking existence of `Any (First Match)`
    t =    75.81s         Capturing element debug description
    t =    76.74s     Checking `Expect predicate `existsNoRetry == 1` for object Any (First Match)`
    t =    76.74s         Checking existence of `Any (First Match)`
    t =    76.75s         Capturing element debug description
    t =    77.78s     Checking `Expect predicate `existsNoRetry == 1` for object Any (First Match)`
    t =    77.78s         Checking existence of `Any (First Match)`
    t =    77.78s         Capturing element debug description
    t =    78.80s     Checking `Expect predicate `existsNoRetry == 1` for object Any (First Match)`
    t =    78.80s         Checking existence of `Any (First Match)`
    t =    78.81s         Capturing element debug description
    t =    79.74s     Checking `Expect predicate `existsNoRetry == 1` for object Any (First Match)`
    t =    79.74s         Checking existence of `Any (First Match)`
    t =    79.75s         Capturing element debug description
    t =    80.80s     Checking `Expect predicate `existsNoRetry == 1` for object Any (First Match)`
    t =    80.80s         Checking existence of `Any (First Match)`
    t =    80.81s         Capturing element debug description
    t =    81.75s     Checking `Expect predicate `existsNoRetry == 1` for object Any (First Match)`
    t =    81.75s         Checking existence of `Any (First Match)`
    t =    81.76s         Capturing element debug description
    t =    82.80s     Checking `Expect predicate `existsNoRetry == 1` for object Any (First Match)`
    t =    82.80s         Checking existence of `Any (First Match)`
    t =    82.81s         Capturing element debug description
    t =    83.74s     Checking `Expect predicate `existsNoRetry == 1` for object Any (First Match)`
    t =    83.74s         Checking existence of `Any (First Match)`
    t =    83.76s         Capturing element debug description
    t =    84.80s     Checking `Expect predicate `existsNoRetry == 1` for object Any (First Match)`
    t =    84.80s         Checking existence of `Any (First Match)`
    t =    84.81s         Capturing element debug description
    t =    85.74s     Checking `Expect predicate `existsNoRetry == 1` for object Any (First Match)`
    t =    85.74s         Checking existence of `Any (First Match)`
    t =    85.75s         Capturing element debug description
    t =    86.80s     Checking `Expect predicate `existsNoRetry == 1` for object Any (First Match)`
    t =    86.80s         Checking existence of `Any (First Match)`
    t =    86.81s         Capturing element debug description
    t =    87.74s     Checking `Expect predicate `existsNoRetry == 1` for object Any (First Match)`
    t =    87.74s         Checking existence of `Any (First Match)`
    t =    87.75s         Capturing element debug description
    t =    88.80s     Checking `Expect predicate `existsNoRetry == 1` for object Any (First Match)`
    t =    88.80s         Checking existence of `Any (First Match)`
    t =    88.81s         Capturing element debug description
    t =    89.74s     Checking `Expect predicate `existsNoRetry == 1` for object Any (First Match)`
    t =    89.74s         Checking existence of `Any (First Match)`
    t =    89.75s         Capturing element debug description
    t =    90.80s     Checking `Expect predicate `existsNoRetry == 1` for object Any (First Match)`
    t =    90.80s         Checking existence of `Any (First Match)`
    t =    90.81s         Capturing element debug description
    t =    91.74s     Checking `Expect predicate `existsNoRetry == 1` for object Any (First Match)`
    t =    91.74s         Checking existence of `Any (First Match)`
    t =    91.76s         Capturing element debug description
    t =    92.80s     Checking `Expect predicate `existsNoRetry == 1` for object Any (First Match)`
    t =    92.80s         Checking existence of `Any (First Match)`
    t =    92.81s         Capturing element debug description
    t =    93.74s     Checking `Expect predicate `existsNoRetry == 1` for object Any (First Match)`
    t =    93.74s         Checking existence of `Any (First Match)`
    t =    93.76s         Capturing element debug description
    t =    94.80s     Checking `Expect predicate `existsNoRetry == 1` for object Any (First Match)`
    t =    94.80s         Checking existence of `Any (First Match)`
    t =    94.81s         Capturing element debug description
    t =    95.74s     Checking `Expect predicate `existsNoRetry == 1` for object Any (First Match)`
    t =    95.74s         Checking existence of `Any (First Match)`
    t =    95.76s         Capturing element debug description
    t =    96.80s     Checking `Expect predicate `existsNoRetry == 1` for object Any (First Match)`
    t =    96.80s         Checking existence of `Any (First Match)`
    t =    96.81s         Capturing element debug description
    t =    97.74s     Checking `Expect predicate `existsNoRetry == 1` for object Any (First Match)`
    t =    97.74s         Checking existence of `Any (First Match)`
    t =    97.75s         Capturing element debug description
    t =    98.80s     Checking `Expect predicate `existsNoRetry == 1` for object Any (First Match)`
    t =    98.80s         Checking existence of `Any (First Match)`
    t =    98.81s         Capturing element debug description
    t =    99.74s     Checking `Expect predicate `existsNoRetry == 1` for object Any (First Match)`
    t =    99.74s         Checking existence of `Any (First Match)`
    t =    99.75s         Capturing element debug description
    t =   100.80s     Checking `Expect predicate `existsNoRetry == 1` for object Any (First Match)`
    t =   100.80s         Checking existence of `Any (First Match)`
    t =   100.81s         Capturing element debug description
    t =   101.74s     Checking `Expect predicate `existsNoRetry == 1` for object Any (First Match)`
    t =   101.74s         Checking existence of `Any (First Match)`
    t =   101.76s         Capturing element debug description
    t =   102.78s     Checking `Expect predicate `existsNoRetry == 1` for object Any (First Match)`
    t =   102.78s         Checking existence of `Any (First Match)`
    t =   102.80s         Capturing element debug description
    t =   103.80s     Checking `Expect predicate `existsNoRetry == 1` for object Any (First Match)`
    t =   103.80s         Checking existence of `Any (First Match)`
    t =   103.81s         Capturing element debug description
    t =   104.74s     Checking `Expect predicate `existsNoRetry == 1` for object Any (First Match)`
    t =   104.74s         Checking existence of `Any (First Match)`
    t =   104.76s         Capturing element debug description
    t =   105.80s     Checking `Expect predicate `existsNoRetry == 1` for object Any (First Match)`
    t =   105.80s         Checking existence of `Any (First Match)`
    t =   105.81s         Capturing element debug description
    t =   106.74s     Checking `Expect predicate `existsNoRetry == 1` for object Any (First Match)`
    t =   106.74s         Checking existence of `Any (First Match)`
    t =   106.76s         Capturing element debug description
    t =   107.80s     Checking `Expect predicate `existsNoRetry == 1` for object Any (First Match)`
    t =   107.80s         Checking existence of `Any (First Match)`
    t =   107.81s         Capturing element debug description
    t =   108.75s     Checking `Expect predicate `existsNoRetry == 1` for object Any (First Match)`
    t =   108.75s         Checking existence of `Any (First Match)`
    t =   108.76s         Capturing element debug description
    t =   109.80s     Checking `Expect predicate `existsNoRetry == 1` for object Any (First Match)`
    t =   109.80s         Checking existence of `Any (First Match)`
    t =   109.81s         Capturing element debug description
    t =   110.75s     Checking `Expect predicate `existsNoRetry == 1` for object Any (First Match)`
    t =   110.75s         Checking existence of `Any (First Match)`
    t =   110.77s         Capturing element debug description
    t =   111.80s     Checking `Expect predicate `existsNoRetry == 1` for object Any (First Match)`
    t =   111.80s         Checking existence of `Any (First Match)`
    t =   111.81s         Capturing element debug description
    t =   112.74s     Checking `Expect predicate `existsNoRetry == 1` for object Any (First Match)`
    t =   112.74s         Checking existence of `Any (First Match)`
    t =   112.75s         Capturing element debug description
    t =   113.80s     Checking `Expect predicate `existsNoRetry == 1` for object Any (First Match)`
    t =   113.80s         Checking existence of `Any (First Match)`
    t =   113.82s         Capturing element debug description
    t =   114.76s     Checking `Expect predicate `existsNoRetry == 1` for object Any (First Match)`
    t =   114.76s         Checking existence of `Any (First Match)`
    t =   114.78s         Capturing element debug description
    t =   115.75s     Checking `Expect predicate `existsNoRetry == 1` for object Any (First Match)`
    t =   115.75s         Checking existence of `Any (First Match)`
    t =   115.77s         Capturing element debug description
    t =   116.81s     Checking `Expect predicate `existsNoRetry == 1` for object Any (First Match)`
    t =   116.81s         Checking existence of `Any (First Match)`
    t =   116.82s         Capturing element debug description
    t =   117.74s     Checking `Expect predicate `existsNoRetry == 1` for object Any (First Match)`
    t =   117.74s         Checking existence of `Any (First Match)`
    t =   117.76s         Capturing element debug description
    t =   118.80s     Checking `Expect predicate `existsNoRetry == 1` for object Any (First Match)`
    t =   118.80s         Checking existence of `Any (First Match)`
    t =   118.81s         Capturing element debug description
    t =   119.74s     Checking `Expect predicate `existsNoRetry == 1` for object Any (First Match)`
    t =   119.74s         Checking existence of `Any (First Match)`
    t =   119.75s         Capturing element debug description
    t =   120.78s     Checking `Expect predicate `existsNoRetry == 1` for object Any (First Match)`
    t =   120.78s         Checking existence of `Any (First Match)`
    t =   120.80s         Capturing element debug description
    t =   121.82s     Checking `Expect predicate `existsNoRetry == 1` for object Any (First Match)`
    t =   121.83s         Checking existence of `Any (First Match)`
    t =   121.84s         Capturing element debug description
    t =   122.78s     Checking `Expect predicate `existsNoRetry == 1` for object Any (First Match)`
    t =   122.78s         Checking existence of `Any (First Match)`
    t =   122.80s         Capturing element debug description
    t =   123.74s     Checking `Expect predicate `existsNoRetry == 1` for object Any (First Match)`
    t =   123.74s         Checking existence of `Any (First Match)`
    t =   123.75s         Capturing element debug description
    t =   124.78s     Checking `Expect predicate `existsNoRetry == 1` for object Any (First Match)`
    t =   124.78s         Checking existence of `Any (First Match)`
    t =   124.80s         Capturing element debug description
    t =   125.80s     Checking `Expect predicate `existsNoRetry == 1` for object Any (First Match)`
    t =   125.80s         Checking existence of `Any (First Match)`
    t =   125.81s         Capturing element debug description
    t =   126.74s     Checking `Expect predicate `existsNoRetry == 1` for object Any (First Match)`
    t =   126.74s         Checking existence of `Any (First Match)`
    t =   126.76s         Capturing element debug description
    t =   127.78s     Checking `Expect predicate `existsNoRetry == 1` for object Any (First Match)`
    t =   127.79s         Checking existence of `Any (First Match)`
    t =   127.80s         Capturing element debug description
    t =   128.74s     Checking `Expect predicate `existsNoRetry == 1` for object Any (First Match)`
    t =   128.74s         Checking existence of `Any (First Match)`
    t =   128.74s         Capturing element debug description
    t =   129.78s     Checking `Expect predicate `existsNoRetry == 1` for object Any (First Match)`
    t =   129.78s         Checking existence of `Any (First Match)`
    t =   129.80s         Capturing element debug description
    t =   130.74s     Checking `Expect predicate `existsNoRetry == 1` for object Any (First Match)`
    t =   130.74s         Checking existence of `Any (First Match)`
    t =   130.76s         Capturing element debug description
    t =   131.80s     Checking `Expect predicate `existsNoRetry == 1` for object Any (First Match)`
    t =   131.80s         Checking existence of `Any (First Match)`
    t =   131.81s         Capturing element debug description
    t =   132.74s     Checking `Expect predicate `existsNoRetry == 1` for object Any (First Match)`
    t =   132.74s         Checking existence of `Any (First Match)`
    t =   132.76s         Capturing element debug description
    t =   133.78s     Checking `Expect predicate `existsNoRetry == 1` for object Any (First Match)`
    t =   133.78s         Checking existence of `Any (First Match)`
    t =   133.79s         Capturing element debug description
    t =   134.74s     Checking `Expect predicate `existsNoRetry == 1` for object Any (First Match)`
    t =   134.74s         Checking existence of `Any (First Match)`
    t =   134.75s         Capturing element debug description
    t =   135.80s     Checking `Expect predicate `existsNoRetry == 1` for object Any (First Match)`
    t =   135.80s         Checking existence of `Any (First Match)`
    t =   135.81s         Capturing element debug description
    t =   136.74s     Checking `Expect predicate `existsNoRetry == 1` for object Any (First Match)`
    t =   136.75s         Checking existence of `Any (First Match)`
    t =   136.76s         Capturing element debug description
    t =   137.82s     Checking `Expect predicate `existsNoRetry == 1` for object Any (First Match)`
    t =   137.83s         Checking existence of `Any (First Match)`
    t =   137.84s         Capturing element debug description
    t =   138.74s     Checking `Expect predicate `existsNoRetry == 1` for object Any (First Match)`
    t =   138.74s         Checking existence of `Any (First Match)`
    t =   138.75s         Capturing element debug description
    t =   139.78s     Checking `Expect predicate `existsNoRetry == 1` for object Any (First Match)`
    t =   139.78s         Checking existence of `Any (First Match)`
    t =   139.80s         Capturing element debug description
    t =   140.81s     Checking `Expect predicate `existsNoRetry == 1` for object Any (First Match)`
    t =   140.81s         Checking existence of `Any (First Match)`
    t =   140.83s         Capturing element debug description
    t =   141.74s     Checking `Expect predicate `existsNoRetry == 1` for object Any (First Match)`
    t =   141.74s         Checking existence of `Any (First Match)`
    t =   141.75s         Capturing element debug description
    t =   142.80s     Checking `Expect predicate `existsNoRetry == 1` for object Any (First Match)`
    t =   142.80s         Checking existence of `Any (First Match)`
    t =   142.81s         Capturing element debug description
    t =   143.74s     Checking `Expect predicate `existsNoRetry == 1` for object Any (First Match)`
    t =   143.74s         Checking existence of `Any (First Match)`
    t =   143.75s         Capturing element debug description
    t =   144.80s     Checking `Expect predicate `existsNoRetry == 1` for object Any (First Match)`
    t =   144.80s         Checking existence of `Any (First Match)`
    t =   144.81s         Capturing element debug description
    t =   145.74s     Checking `Expect predicate `existsNoRetry == 1` for object Any (First Match)`
    t =   145.74s         Checking existence of `Any (First Match)`
    t =   145.76s         Capturing element debug description
    t =   146.78s     Checking `Expect predicate `existsNoRetry == 1` for object Any (First Match)`
    t =   146.78s         Checking existence of `Any (First Match)`
    t =   146.80s         Capturing element debug description
    t =   147.74s     Checking `Expect predicate `existsNoRetry == 1` for object Any (First Match)`
    t =   147.74s         Checking existence of `Any (First Match)`
    t =   147.76s         Capturing element debug description
    t =   148.78s     Checking `Expect predicate `existsNoRetry == 1` for object Any (First Match)`
    t =   148.78s         Checking existence of `Any (First Match)`
    t =   148.79s         Capturing element debug description
    t =   149.82s     Checking `Expect predicate `existsNoRetry == 1` for object Any (First Match)`
    t =   149.82s         Checking existence of `Any (First Match)`
    t =   149.84s         Capturing element debug description
    t =   150.74s     Checking `Expect predicate `existsNoRetry == 1` for object Any (First Match)`
    t =   150.74s         Checking existence of `Any (First Match)`
    t =   150.76s         Capturing element debug description
    t =   151.81s     Checking `Expect predicate `existsNoRetry == 1` for object Any (First Match)`
    t =   151.81s         Checking existence of `Any (First Match)`
    t =   151.82s         Capturing element debug description
    t =   152.74s     Checking `Expect predicate `existsNoRetry == 1` for object Any (First Match)`
    t =   152.74s         Checking existence of `Any (First Match)`
    t =   152.75s         Capturing element debug description
    t =   153.78s     Checking `Expect predicate `existsNoRetry == 1` for object Any (First Match)`
    t =   153.78s         Checking existence of `Any (First Match)`
    t =   153.80s         Capturing element debug description
    t =   154.74s     Checking `Expect predicate `existsNoRetry == 1` for object Any (First Match)`
    t =   154.74s         Checking existence of `Any (First Match)`
    t =   154.76s         Capturing element debug description
    t =   155.80s     Checking `Expect predicate `existsNoRetry == 1` for object Any (First Match)`
    t =   155.80s         Checking existence of `Any (First Match)`
    t =   155.81s         Capturing element debug description
    t =   156.74s     Checking `Expect predicate `existsNoRetry == 1` for object Any (First Match)`
    t =   156.74s         Checking existence of `Any (First Match)`
    t =   156.75s         Capturing element debug description
    t =   157.78s     Checking `Expect predicate `existsNoRetry == 1` for object Any (First Match)`
    t =   157.78s         Checking existence of `Any (First Match)`
    t =   157.79s         Capturing element debug description
    t =   158.80s     Checking `Expect predicate `existsNoRetry == 1` for object Any (First Match)`
    t =   158.80s         Checking existence of `Any (First Match)`
    t =   158.81s         Capturing element debug description
    t =   159.74s     Checking `Expect predicate `existsNoRetry == 1` for object Any (First Match)`
    t =   159.74s         Checking existence of `Any (First Match)`
    t =   159.75s         Capturing element debug description
    t =   160.78s     Checking `Expect predicate `existsNoRetry == 1` for object Any (First Match)`
    t =   160.78s         Checking existence of `Any (First Match)`
    t =   160.79s         Capturing element debug description
    t =   161.83s     Checking `Expect predicate `existsNoRetry == 1` for object Any (First Match)`
    t =   161.83s         Checking existence of `Any (First Match)`
    t =   161.85s         Capturing element debug description
    t =   162.78s     Checking `Expect predicate `existsNoRetry == 1` for object Any (First Match)`
    t =   162.78s         Checking existence of `Any (First Match)`
    t =   162.79s         Capturing element debug description
    t =   163.82s     Checking `Expect predicate `existsNoRetry == 1` for object Any (First Match)`
    t =   163.82s         Checking existence of `Any (First Match)`
    t =   163.84s         Capturing element debug description
    t =   164.75s     Checking `Expect predicate `existsNoRetry == 1` for object Any (First Match)`
    t =   164.75s         Checking existence of `Any (First Match)`
    t =   164.77s         Capturing element debug description
    t =   165.80s     Checking `Expect predicate `existsNoRetry == 1` for object Any (First Match)`
    t =   165.81s         Checking existence of `Any (First Match)`
    t =   165.82s         Capturing element debug description
    t =   166.75s     Checking `Expect predicate `existsNoRetry == 1` for object Any (First Match)`
    t =   166.75s         Checking existence of `Any (First Match)`
    t =   166.77s         Capturing element debug description
    t =   167.80s     Checking `Expect predicate `existsNoRetry == 1` for object Any (First Match)`
    t =   167.80s         Checking existence of `Any (First Match)`
    t =   167.81s         Capturing element debug description
    t =   168.74s     Checking `Expect predicate `existsNoRetry == 1` for object Any (First Match)`
    t =   168.74s         Checking existence of `Any (First Match)`
    t =   168.75s         Capturing element debug description
    t =   169.79s     Checking `Expect predicate `existsNoRetry == 1` for object Any (First Match)`
    t =   169.80s         Checking existence of `Any (First Match)`
    t =   169.81s         Capturing element debug description
    t =   170.74s     Checking `Expect predicate `existsNoRetry == 1` for object Any (First Match)`
    t =   170.74s         Checking existence of `Any (First Match)`
    t =   170.75s         Capturing element debug description
    t =   171.78s     Checking `Expect predicate `existsNoRetry == 1` for object Any (First Match)`
    t =   171.78s         Checking existence of `Any (First Match)`
    t =   171.80s         Capturing element debug description
    t =   172.74s     Checking `Expect predicate `existsNoRetry == 1` for object Any (First Match)`
    t =   172.74s         Checking existence of `Any (First Match)`
    t =   172.75s         Capturing element debug description
    t =   173.79s     Checking `Expect predicate `existsNoRetry == 1` for object Any (First Match)`
    t =   173.80s         Checking existence of `Any (First Match)`
    t =   173.81s         Capturing element debug description
    t =   174.74s     Checking `Expect predicate `existsNoRetry == 1` for object Any (First Match)`
    t =   174.74s         Checking existence of `Any (First Match)`
    t =   174.76s         Capturing element debug description
    t =   175.79s     Checking `Expect predicate `existsNoRetry == 1` for object Any (First Match)`
    t =   175.79s         Checking existence of `Any (First Match)`
    t =   175.80s         Capturing element debug description
    t =   176.73s     Checking `Expect predicate `existsNoRetry == 1` for object Any (First Match)`
    t =   176.74s         Checking existence of `Any (First Match)`
    t =   176.75s         Capturing element debug description
    t =   177.78s     Checking `Expect predicate `existsNoRetry == 1` for object Any (First Match)`
    t =   177.78s         Checking existence of `Any (First Match)`
    t =   177.80s         Capturing element debug description
    t =   178.73s     Checking `Expect predicate `existsNoRetry == 1` for object Any (First Match)`
    t =   178.74s         Checking existence of `Any (First Match)`
    t =   178.75s         Capturing element debug description
    t =   179.79s     Checking `Expect predicate `existsNoRetry == 1` for object Any (First Match)`
    t =   179.79s         Checking existence of `Any (First Match)`
    t =   179.80s         Capturing element debug description
    t =   180.79s     Checking `Expect predicate `existsNoRetry == 1` for object Any (First Match)`
    t =   180.80s         Checking existence of `Any (First Match)`
    t =   180.81s         Capturing element debug description
    t =   181.76s     Checking `Expect predicate `existsNoRetry == 1` for object Any (First Match)`
    t =   181.76s         Checking existence of `Any (First Match)`
    t =   181.77s         Capturing element debug description
    t =   182.80s     Checking `Expect predicate `existsNoRetry == 1` for object Any (First Match)`
    t =   182.81s         Checking existence of `Any (First Match)`
    t =   182.82s         Capturing element debug description
    t =   183.75s     Checking `Expect predicate `existsNoRetry == 1` for object Any (First Match)`
    t =   183.76s         Checking existence of `Any (First Match)`
    t =   183.77s         Capturing element debug description
    t =   184.79s     Checking `Expect predicate `existsNoRetry == 1` for object Any (First Match)`
    t =   184.80s         Checking existence of `Any (First Match)`
    t =   184.81s         Capturing element debug description
    t =   185.73s     Checking `Expect predicate `existsNoRetry == 1` for object Any (First Match)`
    t =   185.74s         Checking existence of `Any (First Match)`
    t =   185.75s         Capturing element debug description
    t =   186.78s     Checking `Expect predicate `existsNoRetry == 1` for object Any (First Match)`
    t =   186.78s         Checking existence of `Any (First Match)`
    t =   186.79s         Capturing element debug description
    t =   187.80s     Checking `Expect predicate `existsNoRetry == 1` for object Any (First Match)`
    t =   187.81s         Checking existence of `Any (First Match)`
    t =   187.82s         Capturing element debug description
    t =   188.75s     Checking `Expect predicate `existsNoRetry == 1` for object Any (First Match)`
    t =   188.75s         Checking existence of `Any (First Match)`
    t =   188.77s         Capturing element debug description
    t =   189.79s     Checking `Expect predicate `existsNoRetry == 1` for object Any (First Match)`
    t =   189.79s         Checking existence of `Any (First Match)`
    t =   189.80s         Capturing element debug description
    t =   190.74s     Checking `Expect predicate `existsNoRetry == 1` for object Any (First Match)`
    t =   190.74s         Checking existence of `Any (First Match)`
    t =   190.75s         Capturing element debug description
    t =   191.79s     Checking `Expect predicate `existsNoRetry == 1` for object Any (First Match)`
    t =   191.80s         Checking existence of `Any (First Match)`
    t =   191.81s         Capturing element debug description
    t =   192.74s     Checking `Expect predicate `existsNoRetry == 1` for object Any (First Match)`
    t =   192.74s         Checking existence of `Any (First Match)`
    t =   192.75s         Capturing element debug description
    t =   193.78s     Checking `Expect predicate `existsNoRetry == 1` for object Any (First Match)`
    t =   193.78s         Checking existence of `Any (First Match)`
    t =   193.79s         Capturing element debug description
    t =   194.82s     Checking `Expect predicate `existsNoRetry == 1` for object Any (First Match)`
    t =   194.82s         Checking existence of `Any (First Match)`
    t =   194.84s         Capturing element debug description
    t =   195.74s     Checking `Expect predicate `existsNoRetry == 1` for object Any (First Match)`
    t =   195.75s         Checking existence of `Any (First Match)`
    t =   195.76s         Capturing element debug description
    t =   196.79s     Checking `Expect predicate `existsNoRetry == 1` for object Any (First Match)`
    t =   196.80s         Checking existence of `Any (First Match)`
    t =   196.81s         Capturing element debug description
    t =   197.75s     Checking `Expect predicate `existsNoRetry == 1` for object Any (First Match)`
    t =   197.75s         Checking existence of `Any (First Match)`
    t =   197.76s         Capturing element debug description
    t =   198.79s     Checking `Expect predicate `existsNoRetry == 1` for object Any (First Match)`
    t =   198.80s         Checking existence of `Any (First Match)`
    t =   198.81s         Capturing element debug description
    t =   199.74s     Checking `Expect predicate `existsNoRetry == 1` for object Any (First Match)`
    t =   199.74s         Checking existence of `Any (First Match)`
    t =   199.75s         Capturing element debug description
    t =   200.79s     Checking `Expect predicate `existsNoRetry == 1` for object Any (First Match)`
    t =   200.80s         Checking existence of `Any (First Match)`
    t =   200.81s         Capturing element debug description
    t =   201.74s     Checking `Expect predicate `existsNoRetry == 1` for object Any (First Match)`
    t =   201.74s         Checking existence of `Any (First Match)`
    t =   201.75s         Capturing element debug description
    t =   202.79s     Checking `Expect predicate `existsNoRetry == 1` for object Any (First Match)`
    t =   202.80s         Checking existence of `Any (First Match)`
    t =   202.81s         Capturing element debug description
    t =   203.74s     Checking `Expect predicate `existsNoRetry == 1` for object Any (First Match)`
    t =   203.74s         Checking existence of `Any (First Match)`
    t =   203.75s         Capturing element debug description
    t =   204.79s     Checking `Expect predicate `existsNoRetry == 1` for object Any (First Match)`
    t =   204.80s         Checking existence of `Any (First Match)`
    t =   204.81s         Capturing element debug description
    t =   205.74s     Checking `Expect predicate `existsNoRetry == 1` for object Any (First Match)`
    t =   205.74s         Checking existence of `Any (First Match)`
    t =   205.75s         Capturing element debug description
    t =   206.79s     Checking `Expect predicate `existsNoRetry == 1` for object Any (First Match)`
    t =   206.80s         Checking existence of `Any (First Match)`
    t =   206.81s         Capturing element debug description
    t =   207.74s     Checking `Expect predicate `existsNoRetry == 1` for object Any (First Match)`
    t =   207.74s         Checking existence of `Any (First Match)`
    t =   207.75s         Capturing element debug description
    t =   208.78s     Checking `Expect predicate `existsNoRetry == 1` for object Any (First Match)`
    t =   208.78s         Checking existence of `Any (First Match)`
    t =   208.79s         Capturing element debug description
    t =   209.74s     Checking `Expect predicate `existsNoRetry == 1` for object Any (First Match)`
    t =   209.74s         Checking existence of `Any (First Match)`
    t =   209.75s         Capturing element debug description
    t =   210.79s     Checking `Expect predicate `existsNoRetry == 1` for object Any (First Match)`
    t =   210.80s         Checking existence of `Any (First Match)`
    t =   210.81s         Capturing element debug description
    t =   211.74s     Checking `Expect predicate `existsNoRetry == 1` for object Any (First Match)`
    t =   211.74s         Checking existence of `Any (First Match)`
    t =   211.75s         Capturing element debug description
    t =   212.78s     Checking `Expect predicate `existsNoRetry == 1` for object Any (First Match)`
    t =   212.78s         Checking existence of `Any (First Match)`
    t =   212.80s         Capturing element debug description
    t =   213.74s     Checking `Expect predicate `existsNoRetry == 1` for object Any (First Match)`
    t =   213.74s         Checking existence of `Any (First Match)`
    t =   213.75s         Capturing element debug description
    t =   214.79s     Checking `Expect predicate `existsNoRetry == 1` for object Any (First Match)`
    t =   214.80s         Checking existence of `Any (First Match)`
    t =   214.81s         Capturing element debug description
    t =   215.74s     Checking `Expect predicate `existsNoRetry == 1` for object Any (First Match)`
    t =   215.75s         Checking existence of `Any (First Match)`
    t =   215.76s         Capturing element debug description
    t =   216.78s     Checking `Expect predicate `existsNoRetry == 1` for object Any (First Match)`
    t =   216.78s         Checking existence of `Any (First Match)`
    t =   216.79s         Capturing element debug description
    t =   217.74s     Checking `Expect predicate `existsNoRetry == 1` for object Any (First Match)`
    t =   217.74s         Checking existence of `Any (First Match)`
    t =   217.75s         Capturing element debug description
    t =   218.78s     Checking `Expect predicate `existsNoRetry == 1` for object Any (First Match)`
    t =   218.78s         Checking existence of `Any (First Match)`
    t =   218.80s         Capturing element debug description
    t =   219.74s     Checking `Expect predicate `existsNoRetry == 1` for object Any (First Match)`
    t =   219.74s         Checking existence of `Any (First Match)`
    t =   219.75s         Capturing element debug description
    t =   220.79s     Checking `Expect predicate `existsNoRetry == 1` for object Any (First Match)`
    t =   220.80s         Checking existence of `Any (First Match)`
    t =   220.81s         Capturing element debug description
    t =   221.73s     Checking `Expect predicate `existsNoRetry == 1` for object Any (First Match)`
    t =   221.73s         Checking existence of `Any (First Match)`
    t =   221.75s         Capturing element debug description
    t =   222.78s     Checking `Expect predicate `existsNoRetry == 1` for object Any (First Match)`
    t =   222.78s         Checking existence of `Any (First Match)`
    t =   222.79s         Capturing element debug description
    t =   223.73s     Checking `Expect predicate `existsNoRetry == 1` for object Any (First Match)`
    t =   223.74s         Checking existence of `Any (First Match)`
    t =   223.75s         Capturing element debug description
    t =   224.79s     Checking `Expect predicate `existsNoRetry == 1` for object Any (First Match)`
    t =   224.80s         Checking existence of `Any (First Match)`
    t =   224.81s         Capturing element debug description
    t =   225.73s     Checking `Expect predicate `existsNoRetry == 1` for object Any (First Match)`
    t =   225.74s         Checking existence of `Any (First Match)`
    t =   225.75s         Capturing element debug description
    t =   226.79s     Checking `Expect predicate `existsNoRetry == 1` for object Any (First Match)`
    t =   226.79s         Checking existence of `Any (First Match)`
    t =   226.81s         Capturing element debug description
    t =   227.73s     Checking `Expect predicate `existsNoRetry == 1` for object Any (First Match)`
    t =   227.74s         Checking existence of `Any (First Match)`
    t =   227.75s         Capturing element debug description
    t =   228.79s     Checking `Expect predicate `existsNoRetry == 1` for object Any (First Match)`
    t =   228.80s         Checking existence of `Any (First Match)`
    t =   228.81s         Capturing element debug description
    t =   229.74s     Checking `Expect predicate `existsNoRetry == 1` for object Any (First Match)`
    t =   229.74s         Checking existence of `Any (First Match)`
    t =   229.75s         Capturing element debug description
    t =   230.80s     Checking `Expect predicate `existsNoRetry == 1` for object Any (First Match)`
    t =   230.80s         Checking existence of `Any (First Match)`
    t =   230.81s         Capturing element debug description
    t =   231.74s     Checking `Expect predicate `existsNoRetry == 1` for object Any (First Match)`
    t =   231.74s         Checking existence of `Any (First Match)`
    t =   231.76s         Capturing element debug description
    t =   232.79s     Checking `Expect predicate `existsNoRetry == 1` for object Any (First Match)`
    t =   232.80s         Checking existence of `Any (First Match)`
    t =   232.81s         Capturing element debug description
    t =   233.78s     Checking `Expect predicate `existsNoRetry == 1` for object Any (First Match)`
    t =   233.82s         Checking existence of `Any (First Match)`
    t =   233.84s         Capturing element debug description
    t =   234.80s     Checking `Expect predicate `existsNoRetry == 1` for object Any (First Match)`
    t =   234.80s         Checking existence of `Any (First Match)`
    t =   234.82s         Capturing element debug description
    t =   235.78s     Checking `Expect predicate `existsNoRetry == 1` for object Any (First Match)`
    t =   235.78s         Checking existence of `Any (First Match)`
    t =   235.79s         Capturing element debug description
    t =   236.75s     Checking `Expect predicate `existsNoRetry == 1` for object Any (First Match)`
    t =   236.75s         Checking existence of `Any (First Match)`
    t =   236.77s         Capturing element debug description
    t =   237.74s     Checking `Expect predicate `existsNoRetry == 1` for object Any (First Match)`
    t =   237.74s         Checking existence of `Any (First Match)`
    t =   237.75s         Capturing element debug description
    t =   238.82s     Checking `Expect predicate `existsNoRetry == 1` for object Any (First Match)`
    t =   238.82s         Checking existence of `Any (First Match)`
    t =   238.83s         Capturing element debug description
    t =   239.79s     Checking `Expect predicate `existsNoRetry == 1` for object Any (First Match)`
    t =   239.79s         Checking existence of `Any (First Match)`
    t =   239.81s         Capturing element debug description
    t =   240.76s     Checking `Expect predicate `existsNoRetry == 1` for object Any (First Match)`
    t =   240.76s         Checking existence of `Any (First Match)`
    t =   240.77s         Capturing element debug description
    t =   241.73s     Checking `Expect predicate `existsNoRetry == 1` for object Any (First Match)`
    t =   241.74s         Checking existence of `Any (First Match)`
    t =   241.75s         Capturing element debug description
    t =   241.83s     Checking existence of `Any (First Match)`
    t =   241.85s Collecting debug information to assist test failure triage
    t =   241.85s     Requesting snapshot of accessibility hierarchy for app with pid 44094
    t =   241.88s Checking existence of `Any (First Match)`
/Users/nstudio/Documents/github/NathanWalker/token-economics/harness/perf/uidriver/InteropCaptureTests.swift:24: error: -[UIDriverUITests.InteropCaptureTests testCaptureInteropResults] : failed - no INTEROPJSON element within 240s; last status: unknown
    t =   241.92s Tear Down
Test Case '-[UIDriverUITests.InteropCaptureTests testCaptureInteropResults]' failed (242.187 seconds).
Test Suite 'InteropCaptureTests' failed at 2026-08-01 19:53:21.763.
	 Executed 1 test, with 1 failure (0 unexpected) in 242.187 (242.189) seconds
Test Suite 'UIDriverUITests.xctest' failed at 2026-08-01 19:53:21.764.
	 Executed 2 tests, with 1 failure (0 unexpected) in 279.402 (279.409) seconds
Test Suite 'All tests' failed at 2026-08-01 19:53:21.765.
	 Executed 2 tests, with 1 failure (0 unexpected) in 279.402 (279.410) seconds
2026-08-01 19:53:31.050 xcodebuild[44057:30607381] [MT] IDETestOperationsObserverDebug: 290.201 elapsed -- Testing started completed.
2026-08-01 19:53:31.050 xcodebuild[44057:30607381] [MT] IDETestOperationsObserverDebug: 0.000 sec, +0.000 sec -- start
2026-08-01 19:53:31.050 xcodebuild[44057:30607381] [MT] IDETestOperationsObserverDebug: 290.201 sec, +290.201 sec -- end

Test session results, code coverage, and logs:
	/Users/nstudio/Library/Developer/Xcode/DerivedData/UIDriver-ekqcqbpucoqmcgbikewqdmafsmmj/Logs/Test/Test-UIDriver-2026.08.01_19-48-40--0700.xcresult

Failing tests:
	InteropCaptureTests.testCaptureInteropResults()

** TEST FAILED **

Testing started
